Microchip MPLAB XC8 Compiler V2.36

Linker command line:

-W-3 --edf=C:\Program Files\Microchip\xc8\v2.36\pic\dat\en_msgs.txt -cn \
  -h+dist/default/production\lcddisplaytime.X.production.sym \
  --cmf=dist/default/production\lcddisplaytime.X.production.cmf -z -Q16F887 \
  -oC:\Users\tramt\AppData\Local\Temp\xcAsams.4 --defsym=__MPLAB_BUILD=1 \
  -Mdist/default/production/lcddisplaytime.X.production.map \
  --md=C:\Users\tramt\AppData\Local\Temp\xcAsams.dat -E1 -ver=XC8 Compiler \
  --acfsm=1493 -ACODE=00h-07FFhx4 -ASTRCODE=00h-01FFFh -ASTRING=00h-0FFhx32 \
  -ACONST=00h-0FFhx32 -AENTRY=00h-0FFhx32 -ACOMMON=070h-07Fh \
  -ABANK0=020h-06Fh -ABANK1=0A0h-0EFh -ABANK2=0110h-016Fh \
  -ABANK3=0190h-01EFh -ARAM=020h-06Fh,0A0h-0EFh,0110h-016Fh,0190h-01EFh \
  -AABS1=020h-07Fh,0A0h-0EFh,0110h-016Fh,0190h-01EFh -ASFR0=00h-01Fh \
  -ASFR1=080h-09Fh -ASFR2=0100h-010Fh -ASFR3=0180h-018Fh \
  -ACONFIG=02007h-02008h -DCONFIG=2 -AIDLOC=02000h-02003h -DIDLOC=2 \
  -AEEDATA=00h-0FFh/02100h -peeprom_data=EEDATA -DEEDATA=2 -DCODE=2 \
  -DSTRCODE=2 -DSTRING=2 -DCONST=2 -DENTRY=2 \
  -preset_vec=00h,intentry,init,end_init -ppowerup=CODE -pcinit=CODE \
  -pfunctab=ENTRY -k C:\Users\tramt\AppData\Local\Temp\xcAsams.o \
  dist/default/production\lcddisplaytime.X.production.o 

Object code version is 3.11

Machine type is 16F887



                Name                               Link     Load   Length Selector   Space Scale
C:\Users\tramt\AppData\Local\Temp\xcAsams.o
                end_init                              0        0        3        0       0
                config                             2007     2007        2        0       4
                idloc                              2000     2000        4        0       5
dist/default/production\lcddisplaytime.X.production.o
                cinit                               7F3      7F3        D      FE6       0
                config                             2007     2007        2        0       4
                idloc                              2000     2000        4        0       5
                text11                              446      446       23      88C       0
                text10                              50F      50F       2F      A1E       0
                text9                               4E1      4E1       2E      9C2       0
                text8                               48E      48E       28      91C       0
                text7                               4B6      4B6       2B      96C       0
                text6                               53E      53E       30      A7C       0
                text5                               5A8      5A8       44      B50       0
                text4                               56E      56E       3A      ADC       0
                text3                               469      469       25      8D2       0
                text2                               434      434       12      868       0
                text1                               66F      66F      184      CDE       0
                maintext                            5EC      5EC       83      BD8       0
                cstackBANK0                          20       20       1D       20       1
                cstackCOMMON                         70       70        E       70       1
                clrtext                             42C      42C        8      858       0
                bssBANK0                             3D       3D       14       20       1
                strings                               3        3       3A        6       0

TOTAL           Name                               Link     Load   Length     Space
        CLASS   CODE           
                end_init                              0        0        3         0
                cinit                               7F3      7F3        D         0
                text11                              446      446       23         0
                text10                              50F      50F       2F         0
                text9                               4E1      4E1       2E         0
                text8                               48E      48E       28         0
                text7                               4B6      4B6       2B         0
                text6                               53E      53E       30         0
                text5                               5A8      5A8       44         0
                text4                               56E      56E       3A         0
                text3                               469      469       25         0
                text2                               434      434       12         0
                text1                               66F      66F      184         0
                maintext                            5EC      5EC       83         0
                clrtext                             42C      42C        8         0

        CLASS   STRCODE        

        CLASS   STRING         
                strings                               3        3       3A         0

        CLASS   CONST          

        CLASS   ENTRY          

        CLASS   COMMON         
                cstackCOMMON                         70       70        E         1

        CLASS   BANK0          
                cstackBANK0                          20       20       1D         1
                bssBANK0                             3D       3D       14         1

        CLASS   BANK1          

        CLASS   BANK2          

        CLASS   BANK3          

        CLASS   RAM            

        CLASS   ABS1           
                abs_s1                               7E       7E        2         1

        CLASS   SFR0           

        CLASS   SFR1           

        CLASS   SFR2           

        CLASS   SFR3           

        CLASS   CONFIG         
                config                             2007     2007        2         4

        CLASS   IDLOC          
                idloc                              2000     2000        4         5

        CLASS   EEDATA         

        CLASS   STACK          



SEGMENTS        Name                           Load    Length   Top    Selector   Space  Class     Delta

                reset_vec                      000000  000003  000003         0       0  CODE        2
                strings                        000003  00003A  00003D         6       0  STRING      2
                cstackBANK0                    000020  000031  000051        20       1  BANK0       1
                cstackCOMMON                   000070  00000E  00007E        70       1  COMMON      1
                clrtext                        00042C  000008  000434       858       0  CODE        2
                text2                          000434  000012  000446       868       0  CODE        2
                text11                         000446  000023  000469       88C       0  CODE        2
                text3                          000469  000025  00048E       8D2       0  CODE        2
                text8                          00048E  000028  0004B6       91C       0  CODE        2
                text7                          0004B6  00002B  0004E1       96C       0  CODE        2
                text9                          0004E1  00002E  00050F       9C2       0  CODE        2
                text10                         00050F  00002F  00053E       A1E       0  CODE        2
                text6                          00053E  000030  00056E       A7C       0  CODE        2
                text4                          00056E  00003A  0005A8       ADC       0  CODE        2
                text5                          0005A8  000044  0005EC       B50       0  CODE        2
                maintext                       0005EC  000083  00066F       BD8       0  CODE        2
                text1                          00066F  000184  0007F3       CDE       0  CODE        2
                cinit                          0007F3  00000D  000800       FE6       0  CODE        2


UNUSED ADDRESS RANGES

        Name                Unused          Largest block    Delta
        BANK0            0051-006F             1F           1
        BANK1            00A0-00EF             50           1
        BANK2            0110-016F             60           1
        BANK3            0190-01EF             60           1
        CODE             003D-042B            3EF           2
                         0800-1FFF            800
        CONST            003D-042B            100           2
                         0800-1FFF            100
        EEDATA           2100-21FF            100           2
        ENTRY            003D-042B            100           2
                         0800-1FFF            100
        RAM              0051-006F             1F           1
                         00A0-00EF             50
                         0110-016F             60
                         0190-01EF             60
        SFR0             0000-001F             20           1
        SFR1             0080-009F             20           1
        SFR2             0100-010F             10           1
        SFR3             0180-018F             10           1
        STRCODE          003D-042B            3EF           2
                         0800-1FFF           1800
        STRING           003D-042B            100           2
                         0800-1FFF            100

                                  Symbol Table

?___lwdiv                cstackCOMMON 0070
?___lwmod                cstackCOMMON 0078
?___wmul                 cstackCOMMON 0070
?_sprintf                cstackBANK0  0020
LCDGoto@ln               cstackCOMMON 0077
LCDGoto@pos              cstackCOMMON 007C
LCDPutChar@ch            cstackCOMMON 0076
LCDPutCmd@ch             cstackCOMMON 0076
LCDPutStr@i              cstackCOMMON 007A
LCDPutStr@str            cstackCOMMON 0077
LCDWriteNibble@ch        cstackCOMMON 0073
LCDWriteNibble@rs        cstackCOMMON 0070
_ANSEL                   (abs)        0188
_LCDGoto                 text9        04E1
_LCDGoto$118             cstackCOMMON 007A
_LCDPutChar              text8        048E
_LCDPutCmd               text10       050F
_LCDPutStr               text7        04B6
_LCDWriteNibble          text11       0446
_LCD_Initialize          text6        053E
_PORTC                   (abs)        0007
_PORTD                   (abs)        0008
_PORTDbits               (abs)        0008
_TRISC                   (abs)        0087
_TRISD                   (abs)        0088
__Habs1                  abs1         0000
__Hbank0                 bank0        0000
__Hbank1                 bank1        0000
__Hbank2                 bank2        0000
__Hbank3                 bank3        0000
__HbssBANK0              bssBANK0     0000
__Hcinit                 cinit        0800
__Hclrtext               clrtext      0000
__Hcode                  code         0000
__Hcommon                common       0000
__Hconfig                config       2009
__HcstackBANK0           cstackBANK0  0000
__HcstackCOMMON          cstackCOMMON 0000
__Heeprom_data           eeprom_data  0000
__Hend_init              end_init     0003
__Hfunctab               functab      0000
__Hidloc                 idloc        2004
__Hinit                  init         0000
__Hintentry              intentry     0000
__Hmaintext              maintext     0000
__Hpowerup               powerup      0000
__Hram                   ram          0000
__Hreset_vec             reset_vec    0000
__Hsfr0                  sfr0         0000
__Hsfr1                  sfr1         0000
__Hsfr2                  sfr2         0000
__Hsfr3                  sfr3         0000
__Hspace_0               (abs)        0800
__Hspace_1               (abs)        007E
__Hspace_2               (abs)        0000
__Hspace_3               (abs)        0000
__Hspace_4               (abs)        4010
__Hstack                 stack        0000
__Hstrings               strings      0000
__Htext                  text         0000
__Labs1                  abs1         0000
__Lbank0                 bank0        0000
__Lbank1                 bank1        0000
__Lbank2                 bank2        0000
__Lbank3                 bank3        0000
__LbssBANK0              bssBANK0     0000
__Lcinit                 cinit        07F3
__Lclrtext               clrtext      0000
__Lcode                  code         0000
__Lcommon                common       0000
__Lconfig                config       0000
__LcstackBANK0           cstackBANK0  0000
__LcstackCOMMON          cstackCOMMON 0000
__Leeprom_data           eeprom_data  0000
__Lend_init              end_init     0000
__Lfunctab               functab      0000
__Lidloc                 idloc        0000
__Linit                  init         0000
__Lintentry              intentry     0000
__Lmaintext              maintext     0000
__Lpowerup               powerup      0000
__Lram                   ram          0000
__Lreset_vec             reset_vec    0000
__Lsfr0                  sfr0         0000
__Lsfr1                  sfr1         0000
__Lsfr2                  sfr2         0000
__Lsfr3                  sfr3         0000
__Lspace_0               (abs)        0000
__Lspace_1               (abs)        0000
__Lspace_2               (abs)        0000
__Lspace_3               (abs)        0000
__Lspace_4               (abs)        0000
__Lstack                 stack        0000
__Lstrings               strings      0000
__Ltext                  text         0000
__S0                     (abs)        0800
__S1                     (abs)        007E
__S3                     (abs)        0000
___int_sp                stack        0000
___latbits               (abs)        0002
___lwdiv                 text5        05A8
___lwdiv@counter         cstackCOMMON 0077
___lwdiv@dividend        cstackCOMMON 0072
___lwdiv@divisor         cstackCOMMON 0070
___lwdiv@quotient        cstackCOMMON 0075
___lwmod                 text4        056E
___lwmod@counter         cstackCOMMON 007D
___lwmod@dividend        cstackCOMMON 007A
___lwmod@divisor         cstackCOMMON 0078
___sp                    stack        0000
___stackhi               (abs)        0000
___stacklo               (abs)        0000
___wmul                  text3        0469
___wmul@multiplicand     cstackCOMMON 0072
___wmul@multiplier       cstackCOMMON 0070
___wmul@product          cstackCOMMON 0074
__end_of_LCDGoto         text9        050F
__end_of_LCDPutChar      text8        04B6
__end_of_LCDPutCmd       text10       053E
__end_of_LCDPutStr       text7        04E1
__end_of_LCDWriteNibble  text11       0469
__end_of_LCD_Initialize  text6        056E
__end_of___lwdiv         text5        05EC
__end_of___lwmod         text4        05A8
__end_of___wmul          text3        048E
__end_of__initialization cinit        07FC
__end_of__stringtab      strings      0013
__end_of_dpowers         strings      001D
__end_of_isdigit         text2        0446
__end_of_main            maintext     066F
__end_of_sprintf         text1        07F3
__initialization         cinit        07F3
__pbssBANK0              bssBANK0     003D
__pcstackBANK0           cstackBANK0  0020
__pcstackCOMMON          cstackCOMMON 0070
__pmaintext              maintext     05EC
__pstrings               strings      0003
__ptext1                 text1        066F
__ptext10                text10       050F
__ptext11                text11       0446
__ptext2                 text2        0434
__ptext3                 text3        0469
__ptext4                 text4        056E
__ptext5                 text5        05A8
__ptext6                 text6        053E
__ptext7                 text7        04B6
__ptext8                 text8        048E
__ptext9                 text9        04E1
__stringbase             strings      0012
__stringtab              strings      0003
_buffer                  bssBANK0     003D
_dpowers                 strings      0013
_isdigit                 text2        0434
_isdigit$594             cstackCOMMON 0070
_main                    maintext     05EC
_sprintf                 text1        066F
btemp                    (abs)        007E
clear_ram0               clrtext      042C
end_of_initialization    cinit        07FC
intlevel0                functab      0000
intlevel1                functab      0000
intlevel2                functab      0000
intlevel3                functab      0000
intlevel4                functab      0000
intlevel5                functab      0000
isdigit@c                cstackCOMMON 0071
main@i                   cstackBANK0  003A
main@j                   cstackBANK0  003B
main@k                   cstackBANK0  003C
reset_vec                reset_vec    0000
sprintf@ap               cstackBANK0  002A
sprintf@c                cstackBANK0  0032
sprintf@f                cstackBANK0  0020
sprintf@flag             cstackBANK0  002B
sprintf@prec             cstackBANK0  002E
sprintf@sp               cstackBANK0  002F
sprintf@val              cstackBANK0  002C
sprintf@width            cstackBANK0  0030
start                    init         0000
start_initialization     cinit        07F3
wtemp0                   (abs)        007E


MODULE INFORMATION

Module		Function		Class		Link	Load	Size
C:\Program Files\Microchip\xc8\v2.36\pic\sources\c90\common\doprnt.c
		_sprintf       		CODE           	066F	0000	388

C:\Program Files\Microchip\xc8\v2.36\pic\sources\c90\common\doprnt.c estimated size: 388

C:\Program Files\Microchip\xc8\v2.36\pic\sources\c90\common\lwmod.c
		___lwmod       		CODE           	056E	0000	58

C:\Program Files\Microchip\xc8\v2.36\pic\sources\c90\common\lwmod.c estimated size: 58

C:\Program Files\Microchip\xc8\v2.36\pic\sources\c90\common\Umul16.c
		___wmul        		CODE           	0469	0000	37

C:\Program Files\Microchip\xc8\v2.36\pic\sources\c90\common\Umul16.c estimated size: 37

newmain.c
		_main          		CODE           	05EC	0000	131

newmain.c estimated size: 131

C:\Program Files\Microchip\xc8\v2.36\pic\sources\c90\common\lwdiv.c
		___lwdiv       		CODE           	05A8	0000	68

C:\Program Files\Microchip\xc8\v2.36\pic\sources\c90\common\lwdiv.c estimated size: 68

shared
		__stringtab    		STRING         	0003	0000	16
		_dpowers       		STRING         	0013	0000	10
		__initialization		CODE           	07F3	0000	9

shared estimated size: 35

lcd.c
		_LCDPutCmd     		CODE           	050F	0000	47
		_LCDPutStr     		CODE           	04B6	0000	43
		_LCDPutChar    		CODE           	048E	0000	40
		_LCD_Initialize		CODE           	053E	0000	48
		_LCDWriteNibble		CODE           	0446	0000	35
		_LCDGoto       		CODE           	04E1	0000	46

lcd.c estimated size: 259

C:\Program Files\Microchip\xc8\v2.36\pic\sources\c90\common\isdigit.c
		_isdigit       		CODE           	0434	0000	18

C:\Program Files\Microchip\xc8\v2.36\pic\sources\c90\common\isdigit.c estimated size: 18

