Microchip MPLAB XC8 Compiler V2.36

Linker command line:

-W-3 --edf=C:\Program Files\Microchip\xc8\v2.36\pic\dat\en_msgs.txt -cn \
  -h+dist/default/production\uart_p3.X.production.sym \
  --cmf=dist/default/production\uart_p3.X.production.cmf -z -Q16F887 \
  -oC:\Users\tramt\AppData\Local\Temp\xcAshlc.5 --defsym=__MPLAB_BUILD=1 \
  -Mdist/default/production/uart_p3.X.production.map \
  --md=C:\Users\tramt\AppData\Local\Temp\xcAshlc.dat -E1 -ver=XC8 Compiler \
  --acfsm=1493 -ACODE=00h-07FFhx4 -ASTRCODE=00h-01FFFh -ASTRING=00h-0FFhx32 \
  -ACONST=00h-0FFhx32 -AENTRY=00h-0FFhx32 -ACOMMON=070h-07Fh \
  -ABANK0=020h-06Fh -ABANK1=0A0h-0EFh -ABANK2=0110h-016Fh \
  -ABANK3=0190h-01EFh -ARAM=020h-06Fh,0A0h-0EFh,0110h-016Fh,0190h-01EFh \
  -AABS1=020h-07Fh,0A0h-0EFh,0110h-016Fh,0190h-01EFh -ASFR0=00h-01Fh \
  -ASFR1=080h-09Fh -ASFR2=0100h-010Fh -ASFR3=0180h-018Fh \
  -ACONFIG=02007h-02008h -DCONFIG=2 -AIDLOC=02000h-02003h -DIDLOC=2 \
  -AEEDATA=00h-0FFh/02100h -peeprom_data=EEDATA -DEEDATA=2 -DCODE=2 \
  -DSTRCODE=2 -DSTRING=2 -DCONST=2 -DENTRY=2 \
  -preset_vec=00h,intentry,init,end_init -ppowerup=CODE -pcinit=CODE \
  -pfunctab=ENTRY -k C:\Users\tramt\AppData\Local\Temp\xcAshlc.o \
  dist/default/production\uart_p3.X.production.o 

Object code version is 3.11

Machine type is 16F887



                Name                               Link     Load   Length Selector   Space Scale
C:\Users\tramt\AppData\Local\Temp\xcAshlc.o
                end_init                              0        0        3        0       0
                config                             2007     2007        2        0       4
                idloc                              2000     2000        4        0       5
dist/default/production\uart_p3.X.production.o
                cinit                               7F3      7F3        D      FE6       0
                functab                               3        3        9        6       0
                config                             2007     2007        2        0       4
                idloc                              2000     2000        4        0       5
                text36                             1B2A     1B2A        F     3654       0
                text35                             1B39     1B39       18     3672       0
                text34                             1B90     1B90       23     3720       0
                text33                             1CC5     1CC5       2F     398A       0
                text32                             1C97     1C97       2E     392E       0
                text31                             1C6F     1C6F       28     38DE       0
                text30                             1B51     1B51       1E     36A2       0
                text29                             1CF4     1CF4       30     39E8       0
                text28                             1190     1190      1DD     2320       0
                text27                             1BD7     1BD7       25     37AE       0
                text26                             1DA2     1DA2       4E     3B44       0
                text25                                F        F       A2       1E       0
                text24                             1B12     1B12        B     3624       0
                text23                             1578     1578      288     2AF0       0
                text22                             1BB3     1BB3       24     3766       0
                text21                              806      806       7C     100C       0
                text20                             1E9D     1E9D       66     3D3A       0
                text19                             1DF0     1DF0       54     3BE0       0
                text18                             1BFC     1BFC       25     37F8       0
                text17                             1017     1017       BC     202E       0
                text16                              882      882       BE     1104       0
                text15                             10D3     10D3       BD     21A6       0
                text14                             1C21     1C21       27     3842       0
                text13                              C9F      C9F      361     193E       0
                text12                             1D5E     1D5E       44     3ABC       0
                text11                             1D24     1D24       3A     3A48       0
                text10                             136D     136D      20B     26DA       0
                text9                              1005     1005       12     200A       0
                text8                              1B08     1B08        A     3610       0
                text7                              1B1D     1B1D        D     363A       0
                text6                              1F03     1F03       69     3E06       0
                text5                              1E44     1E44       59     3C88       0
                text4                               940      940      35F     1280       0
                text3                                B1       B1      742      162       0
                text2                              1B6F     1B6F       21     36DE       0
                text1                              1C48     1C48       27     3890       0
                maintext                           1F6C     1F6C       94     3ED8       0
                cstackBANK0                          20       20       50       20       1
                cstackCOMMON                         70       70        E       70       1
                cstackBANK1                          A0       A0       2C       A0       1
                clrtext                            1B00     1B00        8     3600       0
                bssBANK1                             CC       CC       18       A0       1
                strings                            1800     1800       B3     3000       0

TOTAL           Name                               Link     Load   Length     Space
        CLASS   CODE           
                end_init                              0        0        3         0
                cinit                               7F3      7F3        D         0
                text36                             1B2A     1B2A        F         0
                text35                             1B39     1B39       18         0
                text34                             1B90     1B90       23         0
                text33                             1CC5     1CC5       2F         0
                text32                             1C97     1C97       2E         0
                text31                             1C6F     1C6F       28         0
                text30                             1B51     1B51       1E         0
                text29                             1CF4     1CF4       30         0
                text28                             1190     1190      1DD         0
                text27                             1BD7     1BD7       25         0
                text26                             1DA2     1DA2       4E         0
                text25                                F        F       A2         0
                text24                             1B12     1B12        B         0
                text23                             1578     1578      288         0
                text22                             1BB3     1BB3       24         0
                text21                              806      806       7C         0
                text20                             1E9D     1E9D       66         0
                text19                             1DF0     1DF0       54         0
                text18                             1BFC     1BFC       25         0
                text17                             1017     1017       BC         0
                text16                              882      882       BE         0
                text15                             10D3     10D3       BD         0
                text14                             1C21     1C21       27         0
                text13                              C9F      C9F      361         0
                text12                             1D5E     1D5E       44         0
                text11                             1D24     1D24       3A         0
                text10                             136D     136D      20B         0
                text9                              1005     1005       12         0
                text8                              1B08     1B08        A         0
                text7                              1B1D     1B1D        D         0
                text6                              1F03     1F03       69         0
                text5                              1E44     1E44       59         0
                text4                               940      940      35F         0
                text3                                B1       B1      742         0
                text2                              1B6F     1B6F       21         0
                text1                              1C48     1C48       27         0
                maintext                           1F6C     1F6C       94         0
                clrtext                            1B00     1B00        8         0

        CLASS   STRCODE        

        CLASS   STRING         
                strings                            1800     1800       B3         0

        CLASS   CONST          

        CLASS   ENTRY          
                functab                               3        3        9         0

        CLASS   COMMON         
                cstackCOMMON                         70       70        E         1

        CLASS   BANK0          
                cstackBANK0                          20       20       50         1

        CLASS   BANK1          
                cstackBANK1                          A0       A0       2C         1
                bssBANK1                             CC       CC       18         1

        CLASS   BANK2          

        CLASS   BANK3          

        CLASS   RAM            

        CLASS   ABS1           
                abs_s1                               7E       7E        2         1

        CLASS   SFR0           

        CLASS   SFR1           

        CLASS   SFR2           

        CLASS   SFR3           

        CLASS   CONFIG         
                config                             2007     2007        2         4

        CLASS   IDLOC          
                idloc                              2000     2000        4         5

        CLASS   EEDATA         

        CLASS   STACK          



SEGMENTS        Name                           Load    Length   Top    Selector   Space  Class     Delta

                reset_vec                      000000  000003  000003         0       0  CODE        2
                functab                        000003  000009  00000C         6       0  ENTRY       2
                text25                         00000F  0000A2  0000B1        1E       0  CODE        2
                cstackBANK0                    000020  000050  000070        20       1  BANK0       1
                cstackCOMMON                   000070  00000E  00007E        70       1  COMMON      1
                cstackBANK1                    0000A0  000044  0000E4        A0       1  BANK1       1
                text3                          0000B1  000742  0007F3       162       0  CODE        2
                cinit                          0007F3  00000D  000800       FE6       0  CODE        2
                text21                         000806  00007C  000882      100C       0  CODE        2
                text16                         000882  0000BE  000940      1104       0  CODE        2
                text4                          000940  00035F  000C9F      1280       0  CODE        2
                text13                         000C9F  000361  001000      193E       0  CODE        2
                text9                          001005  000012  001017      200A       0  CODE        2
                text17                         001017  0000BC  0010D3      202E       0  CODE        2
                text15                         0010D3  0000BD  001190      21A6       0  CODE        2
                text28                         001190  0001DD  00136D      2320       0  CODE        2
                text10                         00136D  00020B  001578      26DA       0  CODE        2
                text23                         001578  000288  001800      2AF0       0  CODE        2
                strings                        001800  0000B3  0018B3      3000       0  STRING      2
                clrtext                        001B00  000008  001B08      3600       0  CODE        2
                text8                          001B08  00000A  001B12      3610       0  CODE        2
                text24                         001B12  00000B  001B1D      3624       0  CODE        2
                text7                          001B1D  00000D  001B2A      363A       0  CODE        2
                text36                         001B2A  00000F  001B39      3654       0  CODE        2
                text35                         001B39  000018  001B51      3672       0  CODE        2
                text30                         001B51  00001E  001B6F      36A2       0  CODE        2
                text2                          001B6F  000021  001B90      36DE       0  CODE        2
                text34                         001B90  000023  001BB3      3720       0  CODE        2
                text22                         001BB3  000024  001BD7      3766       0  CODE        2
                text27                         001BD7  000025  001BFC      37AE       0  CODE        2
                text18                         001BFC  000025  001C21      37F8       0  CODE        2
                text14                         001C21  000027  001C48      3842       0  CODE        2
                text1                          001C48  000027  001C6F      3890       0  CODE        2
                text31                         001C6F  000028  001C97      38DE       0  CODE        2
                text32                         001C97  00002E  001CC5      392E       0  CODE        2
                text33                         001CC5  00002F  001CF4      398A       0  CODE        2
                text29                         001CF4  000030  001D24      39E8       0  CODE        2
                text11                         001D24  00003A  001D5E      3A48       0  CODE        2
                text12                         001D5E  000044  001DA2      3ABC       0  CODE        2
                text26                         001DA2  00004E  001DF0      3B44       0  CODE        2
                text19                         001DF0  000054  001E44      3BE0       0  CODE        2
                text5                          001E44  000059  001E9D      3C88       0  CODE        2
                text20                         001E9D  000066  001F03      3D3A       0  CODE        2
                text6                          001F03  000069  001F6C      3E06       0  CODE        2
                maintext                       001F6C  000094  002000      3ED8       0  CODE        2


UNUSED ADDRESS RANGES

        Name                Unused          Largest block    Delta
        BANK1            00E4-00EF              C           1
        BANK2            0110-016F             60           1
        BANK3            0190-01EF             60           1
        CODE             000C-000E              3           2
                         0800-0805              6
                         1000-1004              5
                         18B3-1AFF            24D
        CONST            000C-000E              3           2
                         0800-0805              6
                         1000-1004              5
                         18B3-1AFF            100
        EEDATA           2100-21FF            100           2
        ENTRY            000C-000E              3           2
                         0800-0805              6
                         1000-1004              5
                         18B3-1AFF            100
        RAM              00E4-00EF              C           1
                         0110-016F             60
                         0190-01EF             60
        SFR0             0000-001F             20           1
        SFR1             0080-009F             20           1
        SFR2             0100-010F             10           1
        SFR3             0180-018F             10           1
        STRCODE          000C-000E              3           2
                         0800-0805              6
                         1000-1004              5
                         18B3-1AFF            24D
        STRING           000C-000E              3           2
                         0800-0805              6
                         1000-1004              5
                         18B3-1AFF            100

                                  Symbol Table

?__Umul8_16              cstackCOMMON 0070
?___awdiv                cstackCOMMON 0077
?___awmod                cstackCOMMON 0070
?___fladd                cstackBANK0  0052
?___fldiv                cstackBANK0  0026
?___flmul                cstackBANK0  0024
?___flneg                cstackCOMMON 0070
?___flsub                cstackBANK0  0066
?___fltol                cstackBANK0  0051
?___lldiv                cstackCOMMON 0070
?___llmod                cstackCOMMON 0070
?___lwdiv                cstackCOMMON 0076
?___lwmod                cstackCOMMON 0070
?___wmul                 cstackCOMMON 0070
?___xxtofl               cstackCOMMON 0074
?__div_to_l_             cstackCOMMON 0070
?__doprnt                cstackBANK0  006E
?__tdiv_to_l_            cstackCOMMON 0070
?_fround                 cstackBANK0  003E
?_get_val                cstackCOMMON 0070
?_printf                 cstackBANK1  00BD
?_scale                  cstackBANK0  003E
?_sprintf                cstackBANK1  00BD
LCDGoto@ln               cstackCOMMON 0077
LCDGoto@pos              cstackCOMMON 007C
LCDPutChar@ch            cstackCOMMON 0076
LCDPutCmd@ch             cstackCOMMON 0076
LCDPutStr@i              cstackCOMMON 0079
LCDPutStr@str            cstackCOMMON 0078
LCDWriteNibble@ch        cstackCOMMON 0073
LCDWriteNibble@rs        cstackCOMMON 0070
UART_send_char@bt        cstackCOMMON 0070
_ADCInit                 text36       1B2A
_ADCON0                  (abs)        001F
_ADCON0bits              (abs)        001F
_ADCON1                  (abs)        009F
_ADRESH                  (abs)        001E
_ADRESL                  (abs)        009E
_ANSELbits               (abs)        0188
_BRGH                    (abs)        04C2
_CREN                    (abs)        00C4
_Initialize_UART         text35       1B39
_LCDGoto                 text32       1C97
_LCDGoto$230             cstackCOMMON 007A
_LCDPutChar              text31       1C6F
_LCDPutCmd               text33       1CC5
_LCDPutStr               text30       1B51
_LCDWriteNibble          text34       1B90
_LCD_Initialize          text29       1CF4
_OERR                    (abs)        00C1
_PORTD                   (abs)        0008
_PORTDbits               (abs)        0008
_RCIF                    (abs)        0065
_RCREG                   (abs)        001A
_RX9                     (abs)        00C6
_SPBRG                   (abs)        0099
_SPEN                    (abs)        00C7
_SYNC                    (abs)        04C4
_TRISC6                  (abs)        043E
_TRISC7                  (abs)        043F
_TRISD                   (abs)        0088
_TX9                     (abs)        04C6
_TXEN                    (abs)        04C5
_TXIF                    (abs)        0064
_TXREG                   (abs)        0019
_UART_send_char          text8        1B08
__Habs1                  abs1         0018
__Hbank0                 bank0        0018
__Hbank1                 bank1        0018
__Hbank2                 bank2        0018
__Hbank3                 bank3        0018
__HbssBANK1              bssBANK1     0018
__Hcinit                 cinit        0800
__Hclrtext               clrtext      0018
__Hcode                  code         0018
__Hcommon                common       0018
__Hconfig                config       2009
__HcstackBANK0           cstackBANK0  0018
__HcstackBANK1           cstackBANK1  0018
__HcstackCOMMON          cstackCOMMON 0018
__Heeprom_data           eeprom_data  0000
__Hend_init              end_init     0003
__Hfunctab               functab      000C
__Hidloc                 idloc        2004
__Hinit                  init         0000
__Hintentry              intentry     0000
__Hmaintext              maintext     0018
__Hpowerup               powerup      0000
__Hram                   ram          0018
__Hreset_vec             reset_vec    0000
__Hsfr0                  sfr0         0018
__Hsfr1                  sfr1         0018
__Hsfr2                  sfr2         0018
__Hsfr3                  sfr3         0018
__Hspace_0               (abs)        2000
__Hspace_1               (abs)        00E4
__Hspace_2               (abs)        0018
__Hspace_3               (abs)        0000
__Hspace_4               (abs)        4010
__Hstack                 stack        0018
__Hstrings               strings      0018
__Htext                  text         0018
__Labs1                  abs1         0018
__Lbank0                 bank0        0018
__Lbank1                 bank1        0018
__Lbank2                 bank2        0018
__Lbank3                 bank3        0018
__LbssBANK1              bssBANK1     0018
__Lcinit                 cinit        07F3
__Lclrtext               clrtext      0018
__Lcode                  code         0018
__Lcommon                common       0018
__Lconfig                config       0000
__LcstackBANK0           cstackBANK0  0018
__LcstackBANK1           cstackBANK1  0018
__LcstackCOMMON          cstackCOMMON 0018
__Leeprom_data           eeprom_data  0000
__Lend_init              end_init     0000
__Lfunctab               functab      0003
__Lidloc                 idloc        0000
__Linit                  init         0000
__Lintentry              intentry     0000
__Lmaintext              maintext     0018
__Lpowerup               powerup      0000
__Lram                   ram          0018
__Lreset_vec             reset_vec    0000
__Lsfr0                  sfr0         0018
__Lsfr1                  sfr1         0018
__Lsfr2                  sfr2         0018
__Lsfr3                  sfr3         0018
__Lspace_0               (abs)        0000
__Lspace_1               (abs)        0000
__Lspace_2               (abs)        0000
__Lspace_3               (abs)        0000
__Lspace_4               (abs)        0000
__Lstack                 stack        0018
__Lstrings               strings      0018
__Ltext                  text         0018
__S0                     (abs)        2000
__S1                     (abs)        00E4
__S3                     (abs)        0000
__Umul8_16               text14       1C21
__Umul8_16@multiplicand  cstackCOMMON 0070
__Umul8_16@multiplier    cstackCOMMON 0078
__Umul8_16@product       cstackCOMMON 0074
__Umul8_16@word_mpld     cstackCOMMON 0076
___awdiv                 text6        1F03
___awdiv@counter         cstackBANK0  0020
___awdiv@dividend        cstackCOMMON 0079
___awdiv@divisor         cstackCOMMON 0077
___awdiv@quotient        cstackBANK0  0022
___awdiv@sign            cstackBANK0  0021
___awmod                 text5        1E44
___awmod@counter         cstackCOMMON 0075
___awmod@dividend        cstackCOMMON 0072
___awmod@divisor         cstackCOMMON 0070
___awmod@sign            cstackCOMMON 0076
___fladd                 text23       1578
___fladd@a               cstackBANK0  0056
___fladd@aexp            cstackBANK0  0063
___fladd@b               cstackBANK0  0052
___fladd@bexp            cstackBANK0  0064
___fladd@grs             cstackBANK0  0065
___fladd@signs           cstackBANK0  0062
___fldiv                 text28       1190
___fldiv@a               cstackBANK0  0026
___fldiv@aexp            cstackBANK0  003F
___fldiv@b               cstackBANK0  002A
___fldiv@bexp            cstackBANK0  003E
___fldiv@grs             cstackBANK0  003A
___fldiv@new_exp         cstackBANK0  0038
___fldiv@rem             cstackBANK0  0033
___fldiv@sign            cstackBANK0  0037
___fleq                  text26       1DA2
___fleq@ff1              cstackCOMMON 0070
___fleq@ff2              cstackCOMMON 0074
___flge                  text25       000F
___flge@ff1              cstackCOMMON 0070
___flge@ff2              cstackCOMMON 0074
___flmul                 text13       0C9F
___flmul@a               cstackBANK0  0028
___flmul@aexp            cstackBANK0  0036
___flmul@b               cstackBANK0  0024
___flmul@bexp            cstackBANK0  0037
___flmul@grs             cstackBANK0  0032
___flmul@prod            cstackBANK0  0038
___flmul@sign            cstackBANK0  0031
___flmul@temp            cstackBANK0  003C
___flneg                 text24       1B12
___flneg@f1              cstackCOMMON 0070
___flsub                 text22       1BB3
___flsub@a               cstackBANK0  0066
___flsub@b               cstackBANK0  006A
___fltol                 text21       0806
___fltol@exp1            cstackBANK0  005B
___fltol@f1              cstackBANK0  0051
___fltol@sign1           cstackBANK0  005A
___int_sp                stack        0018
___latbits               (abs)        0002
___lldiv                 text20       1E9D
___lldiv@counter         cstackCOMMON 007D
___lldiv@dividend        cstackCOMMON 0074
___lldiv@divisor         cstackCOMMON 0070
___lldiv@quotient        cstackCOMMON 0079
___llmod                 text19       1DF0
___llmod@counter         cstackCOMMON 0079
___llmod@dividend        cstackCOMMON 0074
___llmod@divisor         cstackCOMMON 0070
___lwdiv                 text12       1D5E
___lwdiv@counter         cstackCOMMON 007D
___lwdiv@dividend        cstackCOMMON 0078
___lwdiv@divisor         cstackCOMMON 0076
___lwdiv@quotient        cstackCOMMON 007B
___lwmod                 text11       1D24
___lwmod@counter         cstackCOMMON 0075
___lwmod@dividend        cstackCOMMON 0072
___lwmod@divisor         cstackCOMMON 0070
___sp                    stack        0018
___stackhi               (abs)        0000
___stacklo               (abs)        0000
___wmul                  text18       1BFC
___wmul@multiplicand     cstackCOMMON 0072
___wmul@multiplier       cstackCOMMON 0070
___wmul@product          cstackCOMMON 0074
___xxtofl                text17       1017
___xxtofl@arg            cstackBANK0  0022
___xxtofl@exp            cstackBANK0  0021
___xxtofl@sign           cstackBANK0  0020
___xxtofl@val            cstackCOMMON 0074
__div_to_l_              text16       0882
__div_to_l_@cntr         cstackBANK0  0024
__div_to_l_@exp1         cstackBANK0  0025
__div_to_l_@f1           cstackCOMMON 0070
__div_to_l_@f2           cstackCOMMON 0074
__div_to_l_@quot         cstackBANK0  0020
__doprnt                 text3        00B1
__doprnt$1004            cstackBANK1  00A5
__doprnt@ap              cstackBANK0  006F
__doprnt@c               cstackBANK1  00BB
__doprnt@eexp            cstackBANK1  00AF
__doprnt@f               cstackBANK0  006E
__doprnt@flag            cstackBANK1  00A9
__doprnt@fval            cstackBANK1  00B7
__doprnt@pb              cstackBANK1  00BC
__doprnt@prec            cstackBANK1  00B1
__doprnt@tmpval          cstackBANK1  00B3
__doprnt@val             cstackBANK1  00AB
__end_of_ADCInit         text36       1B39
__end_of_Initialize_UART text35       1B51
__end_of_LCDGoto         text32       1CC5
__end_of_LCDPutChar      text31       1C97
__end_of_LCDPutCmd       text33       1CF4
__end_of_LCDPutStr       text30       1B6F
__end_of_LCDWriteNibble  text34       1BB3
__end_of_LCD_Initialize  text29       1D24
__end_of_UART_send_char  text8        1B12
__end_of__Umul8_16       text14       1C48
__end_of___awdiv         text6        1F6C
__end_of___awmod         text5        1E9D
__end_of___fladd         text23       1800
__end_of___fldiv         text28       136D
__end_of___fleq          text26       1DF0
__end_of___flge          text25       00B1
__end_of___flmul         text13       1000
__end_of___flneg         text24       1B1D
__end_of___flsub         text22       1BD7
__end_of___fltol         text21       0882
__end_of___lldiv         text20       1F03
__end_of___llmod         text19       1E44
__end_of___lwdiv         text12       1DA2
__end_of___lwmod         text11       1D5E
__end_of___wmul          text18       1C21
__end_of___xxtofl        text17       10D3
__end_of__div_to_l_      text16       0940
__end_of__doprnt         text3        07F3
__end_of__fptable        functab      000C
__end_of__initialization cinit        07FC
__end_of__npowers_       strings      186E
__end_of__powers_        strings      183A
__end_of__stringtab      strings      1806
__end_of__tdiv_to_l_     text15       1190
__end_of_dpowers         strings      1896
__end_of_fround          text10       1578
__end_of_get_val         text27       1BFC
__end_of_isdigit         text9        1017
__end_of_main            maintext     2000
__end_of_printf          text2        1B90
__end_of_putch           text7        1B2A
__end_of_scale           text4        0C9F
__end_of_sprintf         text1        1C6F
__fptable                functab      0003
__initialization         cinit        07F3
__npowers_               strings      183A
__pbssBANK1              bssBANK1     00CC
__pcstackBANK0           cstackBANK0  0020
__pcstackBANK1           cstackBANK1  00A0
__pcstackCOMMON          cstackCOMMON 0070
__pfunctab               functab      0003
__pmaintext              maintext     1F6C
__powers_                strings      1806
__pstrings               strings      1800
__ptext1                 text1        1C48
__ptext10                text10       136D
__ptext11                text11       1D24
__ptext12                text12       1D5E
__ptext13                text13       0C9F
__ptext14                text14       1C21
__ptext15                text15       10D3
__ptext16                text16       0882
__ptext17                text17       1017
__ptext18                text18       1BFC
__ptext19                text19       1DF0
__ptext2                 text2        1B6F
__ptext20                text20       1E9D
__ptext21                text21       0806
__ptext22                text22       1BB3
__ptext23                text23       1578
__ptext24                text24       1B12
__ptext25                text25       000F
__ptext26                text26       1DA2
__ptext27                text27       1BD7
__ptext28                text28       1190
__ptext29                text29       1CF4
__ptext3                 text3        00B1
__ptext30                text30       1B51
__ptext31                text31       1C6F
__ptext32                text32       1C97
__ptext33                text33       1CC5
__ptext34                text34       1B90
__ptext35                text35       1B39
__ptext36                text36       1B2A
__ptext4                 text4        0940
__ptext5                 text5        1E44
__ptext6                 text6        1F03
__ptext7                 text7        1B1D
__ptext8                 text8        1B08
__ptext9                 text9        1005
__size_of__fptable       (abs)        0000
__stringbase             strings      1805
__stringtab              strings      1800
__tdiv_to_l_             text15       10D3
__tdiv_to_l_@cntr        cstackBANK0  0024
__tdiv_to_l_@exp1        cstackBANK0  0025
__tdiv_to_l_@f1          cstackCOMMON 0070
__tdiv_to_l_@f2          cstackCOMMON 0074
__tdiv_to_l_@quot        cstackBANK0  0020
_buffer                  bssBANK1     00D0
_dpowers                 strings      186E
_fround                  text10       136D
_fround$1001             cstackBANK0  004D
_fround$1002             cstackBANK0  0049
_get_val                 text27       1BD7
_isdigit                 text9        1005
_isdigit$793             cstackCOMMON 0070
_main                    maintext     1F6C
_printf                  text2        1B6F
_putch                   text7        1B1D
_scale                   text4        0940
_scale$1003              cstackBANK0  004C
_sprintf                 text1        1C48
_temp                    bssBANK1     00CC
btemp                    (abs)        007E
clear_ram0               clrtext      1B00
end_of_initialization    cinit        07FC
fpbase                   functab      0008
fptable                  functab      0003
fptotal                  (abs)        0002
fround@prec              cstackBANK0  0051
intlevel0                functab      0003
intlevel1                functab      0003
intlevel2                functab      0003
intlevel3                functab      0003
intlevel4                functab      0003
intlevel5                functab      0003
isdigit@c                cstackCOMMON 0071
printf@ap                cstackBANK1  00C4
printf@f                 cstackBANK1  00C3
printf@pb                cstackBANK1  00C5
putch@x                  cstackCOMMON 0071
reset_vec                reset_vec    0000
scale@scl                cstackBANK0  0050
sprintf@ap               cstackBANK1  00C5
sprintf@f                cstackBANK1  00BD
sprintf@pb               cstackBANK1  00C6
sprintf@wh               cstackBANK1  00C4
start                    init         0000
start_initialization     cinit        07F3
wtemp0                   (abs)        007E


MODULE INFORMATION

Module		Function		Class		Link	Load	Size
C:\Program Files\Microchip\xc8\v2.36\pic\sources\c90\common\doprnt.c
		_scale         		CODE           	0940	0000	863
		_fround        		CODE           	136D	0000	523
		__doprnt       		CODE           	00B1	0000	1858

C:\Program Files\Microchip\xc8\v2.36\pic\sources\c90\common\doprnt.c estimated size: 3244

C:\Program Files\Microchip\xc8\v2.36\pic\sources\c90\common\sprintf.c
		_sprintf       		CODE           	1C48	0000	39

C:\Program Files\Microchip\xc8\v2.36\pic\sources\c90\common\sprintf.c estimated size: 39

C:\Program Files\Microchip\xc8\v2.36\pic\sources\c90\common\lwmod.c
		___lwmod       		CODE           	1D24	0000	58

C:\Program Files\Microchip\xc8\v2.36\pic\sources\c90\common\lwmod.c estimated size: 58

C:\Program Files\Microchip\xc8\v2.36\pic\sources\c90\common\awmod.c
		___awmod       		CODE           	1E44	0000	89

C:\Program Files\Microchip\xc8\v2.36\pic\sources\c90\common\awmod.c estimated size: 89

C:\Program Files\Microchip\xc8\v2.36\pic\sources\c90\common\llmod.c
		___llmod       		CODE           	1DF0	0000	84

C:\Program Files\Microchip\xc8\v2.36\pic\sources\c90\common\llmod.c estimated size: 84

C:\Program Files\Microchip\xc8\v2.36\pic\sources\c90\common\ftdivl.c
		__tdiv_to_l_   		CODE           	10D3	0000	189

C:\Program Files\Microchip\xc8\v2.36\pic\sources\c90\common\ftdivl.c estimated size: 189

C:\Program Files\Microchip\xc8\v2.36\pic\sources\c90\common\Umul16.c
		___wmul        		CODE           	1BFC	0000	37

C:\Program Files\Microchip\xc8\v2.36\pic\sources\c90\common\Umul16.c estimated size: 37

newmain.c
		_putch         		CODE           	1B1D	0000	13
		_ADCInit       		CODE           	1B2A	0000	15
		_main          		CODE           	1F6C	0000	148
		_get_val       		CODE           	1BD7	0000	37
		_UART_send_char		CODE           	1B08	0000	10
		_Initialize_UART		CODE           	1B39	0000	24

newmain.c estimated size: 247

C:\Program Files\Microchip\xc8\v2.36\pic\sources\c90\common\fleq.c
		___fleq        		CODE           	1DA2	0000	78

C:\Program Files\Microchip\xc8\v2.36\pic\sources\c90\common\fleq.c estimated size: 78

C:\Program Files\Microchip\xc8\v2.36\pic\sources\c90\common\fldivl.c
		__div_to_l_    		CODE           	0882	0000	190

C:\Program Files\Microchip\xc8\v2.36\pic\sources\c90\common\fldivl.c estimated size: 190

C:\Program Files\Microchip\xc8\v2.36\pic\sources\c90\common\lwdiv.c
		___lwdiv       		CODE           	1D5E	0000	68

C:\Program Files\Microchip\xc8\v2.36\pic\sources\c90\common\lwdiv.c estimated size: 68

C:\Program Files\Microchip\xc8\v2.36\pic\sources\c90\common\sprcmul.c
		___flmul       		CODE           	0C9F	0000	865

C:\Program Files\Microchip\xc8\v2.36\pic\sources\c90\common\sprcmul.c estimated size: 865

C:\Program Files\Microchip\xc8\v2.36\pic\sources\c90\common\awdiv.c
		___awdiv       		CODE           	1F03	0000	105

C:\Program Files\Microchip\xc8\v2.36\pic\sources\c90\common\awdiv.c estimated size: 105

C:\Program Files\Microchip\xc8\v2.36\pic\sources\c90\common\fltol.c
		___fltol       		CODE           	0806	0000	124

C:\Program Files\Microchip\xc8\v2.36\pic\sources\c90\common\fltol.c estimated size: 124

C:\Program Files\Microchip\xc8\v2.36\pic\sources\c90\common\__lldiv.c
		___lldiv       		CODE           	1E9D	0000	102

C:\Program Files\Microchip\xc8\v2.36\pic\sources\c90\common\__lldiv.c estimated size: 102

C:\Program Files\Microchip\xc8\v2.36\pic\sources\c90\common\sprcdiv.c
		___fldiv       		CODE           	1190	0000	477

C:\Program Files\Microchip\xc8\v2.36\pic\sources\c90\common\sprcdiv.c estimated size: 477

C:\Program Files\Microchip\xc8\v2.36\pic\sources\c90\common\printf.c
		_printf        		CODE           	1B6F	0000	33

C:\Program Files\Microchip\xc8\v2.36\pic\sources\c90\common\printf.c estimated size: 33

shared
		__stringtab    		STRING         	1800	0000	6
		__powers_      		STRING         	1806	0000	52
		_dpowers       		STRING         	186E	0000	40
		__npowers_     		STRING         	183A	0000	52
		__initialization		CODE           	07F3	0000	9
		__fptable      		ENTRY          	0003	0000	9

shared estimated size: 168

C:\Program Files\Microchip\xc8\v2.36\pic\sources\c90\common\xxtofl.c
		___xxtofl      		CODE           	1017	0000	188

C:\Program Files\Microchip\xc8\v2.36\pic\sources\c90\common\xxtofl.c estimated size: 188

lcd.c
		_LCDPutCmd     		CODE           	1CC5	0000	47
		_LCDPutStr     		CODE           	1B51	0000	30
		_LCDPutChar    		CODE           	1C6F	0000	40
		_LCD_Initialize		CODE           	1CF4	0000	48
		_LCDWriteNibble		CODE           	1B90	0000	35
		_LCDGoto       		CODE           	1C97	0000	46

lcd.c estimated size: 246

C:\Program Files\Microchip\xc8\v2.36\pic\sources\c90\common\flneg.c
		___flneg       		CODE           	1B12	0000	11

C:\Program Files\Microchip\xc8\v2.36\pic\sources\c90\common\flneg.c estimated size: 11

C:\Program Files\Microchip\xc8\v2.36\pic\sources\c90\common\isdigit.c
		_isdigit       		CODE           	1005	0000	18

C:\Program Files\Microchip\xc8\v2.36\pic\sources\c90\common\isdigit.c estimated size: 18

C:\Program Files\Microchip\xc8\v2.36\pic\sources\c90\common\sprcadd.c
		___flsub       		CODE           	1BB3	0000	36
		___fladd       		CODE           	1578	0000	648

C:\Program Files\Microchip\xc8\v2.36\pic\sources\c90\common\sprcadd.c estimated size: 684

C:\Program Files\Microchip\xc8\v2.36\pic\sources\c90\common\flge.c
		___flge        		CODE           	000F	0000	162

C:\Program Files\Microchip\xc8\v2.36\pic\sources\c90\common\flge.c estimated size: 162

C:\Program Files\Microchip\xc8\v2.36\pic\sources\c90\common\Umul8_16.c
		__Umul8_16     		CODE           	1C21	0000	39

C:\Program Files\Microchip\xc8\v2.36\pic\sources\c90\common\Umul8_16.c estimated size: 39

