Microchip MPLAB XC8 Compiler V2.36

Linker command line:

-W-3 --edf=C:\Program Files\Microchip\xc8\v2.36\pic\dat\en_msgs.txt -cn \
  -h+dist/default/production\Xung_TanSo_VanTocDongCo.X.production.sym \
  --cmf=dist/default/production\Xung_TanSo_VanTocDongCo.X.production.cmf -z \
  -w9 --disl=596:off --norlf -Q16F887 \
  -oC:\Users\tramt\AppData\Local\Temp\xcAsbb0.4 --defsym=__MPLAB_BUILD=1 \
  -Mdist/default/production/Xung_TanSo_VanTocDongCo.X.production.map \
  --md=C:\Users\tramt\AppData\Local\Temp\xcAsbb0.dat -E1 -ver=XC8 Compiler \
  --acfsm=1493 -ACODE=00h-07FFhx4 -ASTRCODE=00h-01FFFh -ASTRING=00h-0FFhx32 \
  -ACONST=00h-0FFhx32 -AENTRY=00h-0FFhx32 -ACOMMON=070h-07Fh \
  -ABANK0=020h-06Fh -ABANK1=0A0h-0EFh -ABANK2=0110h-016Fh \
  -ABANK3=0190h-01EFh -ARAM=020h-06Fh,0A0h-0EFh,0110h-016Fh,0190h-01EFh \
  -AABS1=020h-07Fh,0A0h-0EFh,0110h-016Fh,0190h-01EFh -ASFR0=00h-01Fh \
  -ASFR1=080h-09Fh -ASFR2=0100h-010Fh -ASFR3=0180h-018Fh \
  -ACONFIG=02007h-02008h -DCONFIG=2 -AIDLOC=02000h-02003h -DIDLOC=2 \
  -AEEDATA=00h-0FFh/02100h -peeprom_data=EEDATA -DEEDATA=2 -DCODE=2 \
  -DSTRCODE=2 -DSTRING=2 -DCONST=2 -DENTRY=2 \
  -preset_vec=00h,intentry=04h,init,end_init -ppowerup=CODE -pcinit=CODE \
  -pfunctab=ENTRY -k C:\Users\tramt\AppData\Local\Temp\xcAsbb0.o \
  dist/default/production\Xung_TanSo_VanTocDongCo.X.production.o 

Object code version is 3.11

Machine type is 16F887



                Name                               Link     Load   Length Selector   Space Scale
C:\Users\tramt\AppData\Local\Temp\xcAsbb0.o
                end_init                             10       10        4        8       0
                reset_vec                             0        0        3        0       0
                config                             2007     2007        2        0       4
                idloc                              2000     2000        4        0       5
dist/default/production\Xung_TanSo_VanTocDongCo.X.production.o
                cinit                                14       14       1E        8       0
                intentry                              4        4        C        8       0
                text1_split_1                        32       32      4B3        8       0
                config                             2007     2007        2        0       4
                idloc                              2000     2000        4        0       5
                text33                                0        0       27        0       0
                text32                             111D     111D      361     223A       0
                text31                             1B84     1B84       BA     3708       0
                text30                              80C      80C       86     1018       0
                text29                             1955     1955       54     32AA       0
                text28                               27       27       3B        0       0
                text27                               62       62       32        0       0
                text26                               94       94       30        0       0
                text25                               C4       C4       22        0       0
                text24                               E6       E6       34        0       0
                text23                              801      801        B     1002       0
                text22                             18A0     18A0       1F     3140       0
                text21                             1905     1905       50     320A       0
                text20                             1AE0     1AE0       A4     35C0       0
                text19                              11A      11A        D        0       0
                text18                              4E5      4E5      288        8       0
                text17                              127      127       24        0       0
                text16                              76D      76D       92        8       0
                text15                             1A0F     1A0F       68     341E       0
                text14                             19A9     19A9       66     3352       0
                text13                              14B      14B       27        0       0
                text12                             1C3E     1C3E       BC     387C       0
                text11                             105F     105F       BE     20BE       0
                text10                             1CFA     1CFA       BD     39F4       0
                text9                               172      172       29        0       0
                text8                               C45      C45      3BB     188A       0
                text7                              18BF     18BF       46     317E       0
                text6                               19B      19B       3C        0       0
                text5                              1DB7     1DB7      249     3B6E       0
                text4                              1A77     1A77       69     34EE       0
                text3                              1004     1004       5B     2008       0
                text2                               892      892      3B3     1124       0
                text1                              147E     147E      382     28FC       0
                maintext                            1D7      1D7       3A        0       0
                cstackBANK0                          20       20       2F       20       1
                cstackCOMMON                         70       70        E       70       1
                cstackBANK1                          A0       A0       4B       A0       1
                cstackBANK3                         190      190       25      190       1
                bssBANK3                            1B5      1B5        E      190       1
                bssBANK1                             EB       EB        2       A0       1
                bssBANK0                             4F       4F        4       20       1
                strings                            1800     1800       A0     3000       0

TOTAL           Name                               Link     Load   Length     Space
        CLASS   CODE           
                end_init                             10       10        4         0
                cinit                                14       14       1E         0
                intentry                              4        4        C         0
                reset_vec                             0        0        3         0
                text1_split_1                        32       32      4B3         0
                text33                                0        0       27         0
                text32                             111D     111D      361         0
                text31                             1B84     1B84       BA         0
                text30                              80C      80C       86         0
                text29                             1955     1955       54         0
                text28                               27       27       3B         0
                text27                               62       62       32         0
                text26                               94       94       30         0
                text25                               C4       C4       22         0
                text24                               E6       E6       34         0
                text23                              801      801        B         0
                text22                             18A0     18A0       1F         0
                text21                             1905     1905       50         0
                text20                             1AE0     1AE0       A4         0
                text19                              11A      11A        D         0
                text18                              4E5      4E5      288         0
                text17                              127      127       24         0
                text16                              76D      76D       92         0
                text15                             1A0F     1A0F       68         0
                text14                             19A9     19A9       66         0
                text13                              14B      14B       27         0
                text12                             1C3E     1C3E       BC         0
                text11                             105F     105F       BE         0
                text10                             1CFA     1CFA       BD         0
                text9                               172      172       29         0
                text8                               C45      C45      3BB         0
                text7                              18BF     18BF       46         0
                text6                               19B      19B       3C         0
                text5                              1DB7     1DB7      249         0
                text4                              1A77     1A77       69         0
                text3                              1004     1004       5B         0
                text2                               892      892      3B3         0
                text1                              147E     147E      382         0
                maintext                            1D7      1D7       3A         0

        CLASS   STRCODE        

        CLASS   STRING         
                strings                            1800     1800       A0         0

        CLASS   CONST          

        CLASS   ENTRY          

        CLASS   COMMON         
                cstackCOMMON                         70       70        E         1

        CLASS   BANK0          
                cstackBANK0                          20       20       2F         1
                bssBANK0                             4F       4F        4         1

        CLASS   BANK1          
                cstackBANK1                          A0       A0       4B         1
                bssBANK1                             EB       EB        2         1

        CLASS   BANK2          

        CLASS   BANK3          
                cstackBANK3                         190      190       25         1
                bssBANK3                            1B5      1B5        E         1

        CLASS   RAM            

        CLASS   ABS1           
                abs_s1                               7E       7E        2         1

        CLASS   SFR0           

        CLASS   SFR1           

        CLASS   SFR2           

        CLASS   SFR3           

        CLASS   CONFIG         
                config                             2007     2007        2         4

        CLASS   IDLOC          
                idloc                              2000     2000        4         5

        CLASS   EEDATA         

        CLASS   STACK          



SEGMENTS        Name                           Load    Length   Top    Selector   Space  Class     Delta

                reset_vec                      000000  000003  000003         0       0  CODE        2
                intentry                       000004  0007FB  0007FF         8       0  CODE        2
                cstackBANK0                    000020  000033  000053        20       1  BANK0       1
                cstackCOMMON                   000070  00000E  00007E        70       1  COMMON      1
                cstackBANK1                    0000A0  00004D  0000ED        A0       1  BANK1       1
                cstackBANK3                    000190  000033  0001C3       190       1  BANK3       1
                text23                         000801  00000B  00080C      1002       0  CODE        2
                text30                         00080C  000086  000892      1018       0  CODE        2
                text2                          000892  0003B3  000C45      1124       0  CODE        2
                text8                          000C45  0003BB  001000      188A       0  CODE        2
                text3                          001004  00005B  00105F      2008       0  CODE        2
                text11                         00105F  0000BE  00111D      20BE       0  CODE        2
                text32                         00111D  000361  00147E      223A       0  CODE        2
                text1                          00147E  000382  001800      28FC       0  CODE        2
                strings                        001800  0000A0  0018A0      3000       0  STRING      2
                text22                         0018A0  00001F  0018BF      3140       0  CODE        2
                text7                          0018BF  000046  001905      317E       0  CODE        2
                text21                         001905  000050  001955      320A       0  CODE        2
                text29                         001955  000054  0019A9      32AA       0  CODE        2
                text14                         0019A9  000066  001A0F      3352       0  CODE        2
                text15                         001A0F  000068  001A77      341E       0  CODE        2
                text4                          001A77  000069  001AE0      34EE       0  CODE        2
                text20                         001AE0  0000A4  001B84      35C0       0  CODE        2
                text31                         001B84  0000BA  001C3E      3708       0  CODE        2
                text12                         001C3E  0000BC  001CFA      387C       0  CODE        2
                text10                         001CFA  0000BD  001DB7      39F4       0  CODE        2
                text5                          001DB7  000249  002000      3B6E       0  CODE        2


UNUSED ADDRESS RANGES

        Name                Unused          Largest block    Delta
        BANK0            00053-0006F              1D           1
        BANK1            000ED-000EF               3           1
        BANK2            00110-0016F              60           1
        BANK3            001C3-001EF              2D           1
        CODE             007FF-00800               1           2
                         01000-01003               4
        CONST            007FF-00800               1           2
                         01000-01003               4
        EEDATA           02100-021FF             100           2
        ENTRY            007FF-00800               1           2
                         01000-01003               4
        RAM              00053-0006F              1D           1
                         000ED-000EF               3
                         00110-0016F              60
                         001C3-001EF              2D
        SFR0             00000-0001F              20           1
        SFR1             00080-0009F              20           1
        SFR2             00100-0010F              10           1
        SFR3             00180-0018F              10           1
        STRCODE          007FF-00800               2           2
                         01000-01003               4
        STRING           007FF-00800               1           2
                         01000-01003               4

                                  Symbol Table

__Habs1                   abs1         00000
__Hbank0                  bank0        00000
__Hbank1                  bank1        00000
__Hbank2                  bank2        00000
__Hbank3                  bank3        00000
__Hclrtext                clrtext      00000
__Hcode                   code         00000
__Hcommon                 common       00000
__Heeprom_data            eeprom_data  00000
__Hfunctab                functab      00000
__Hmaintext               maintext     00000
__Hpowerup                powerup      00000
__Hram                    ram          00000
__Hsfr0                   sfr0         00000
__Hsfr1                   sfr1         00000
__Hsfr2                   sfr2         00000
__Hsfr3                   sfr3         00000
__Hspace_2                (abs)        00000
__Hspace_3                (abs)        00000
__Hstack                  stack        00000
__Hstrings                strings      00000
__Htext                   text         00000
__Labs1                   abs1         00000
__Lbank0                  bank0        00000
__Lbank1                  bank1        00000
__Lbank2                  bank2        00000
__Lbank3                  bank3        00000
__Lclrtext                clrtext      00000
__Lcode                   code         00000
__Lcommon                 common       00000
__Lconfig                 config       00000
__Leeprom_data            eeprom_data  00000
__Lfunctab                functab      00000
__Lidloc                  idloc        00000
__Lmaintext               maintext     00000
__Lpowerup                powerup      00000
__Lram                    ram          00000
__Lreset_vec              reset_vec    00000
__Lsfr0                   sfr0         00000
__Lsfr1                   sfr1         00000
__Lsfr2                   sfr2         00000
__Lsfr3                   sfr3         00000
__Lspace_0                (abs)        00000
__Lspace_1                (abs)        00000
__Lspace_2                (abs)        00000
__Lspace_3                (abs)        00000
__Lspace_4                (abs)        00000
__Lstack                  stack        00000
__Lstrings                strings      00000
__Ltext                   text         00000
__S3                      (abs)        00000
___int_sp                 stack        00000
___sp                     stack        00000
___stackhi                (abs)        00000
___stacklo                (abs)        00000
__ptext33                 text33       00000
i1__Umul8_16              text33       00000
intlevel0                 functab      00000
intlevel1                 functab      00000
intlevel2                 functab      00000
intlevel3                 functab      00000
intlevel4                 functab      00000
intlevel5                 functab      00000
reset_vec                 reset_vec    00000
___latbits                (abs)        00002
__Hreset_vec              reset_vec    00003
_PORTD                    (abs)        00008
_PORTDbits                (abs)        00008
__Lintentry               intentry     00004
__pintentry               intentry     00004
interrupt_function        intentry     00004
pnum$text1                (abs)        0000C
_TMR1                     (abs)        0000E
?i1___flmul               cstackBANK0  00020
__Hinit                   init         00010
__Hintentry               intentry     00010
__Lend_init               end_init     00010
__Linit                   init         00010
__pcstackBANK0            cstackBANK0  00020
i1___flmul@b              cstackBANK0  00020
start                     init         00010
i1___flmul@a              cstackBANK0  00024
__Hend_init               end_init     00014
__Lcinit                  cinit        00014
__initialization          cinit        00014
start_initialization      cinit        00014
i1___flmul@sign           cstackBANK0  0002D
i1___flmul@grs            cstackBANK0  0002E
pnum$text1_split_1        (abs)        00030
i1___flmul@aexp           cstackBANK0  00032
i1___flmul@bexp           cstackBANK0  00033
i1___flmul@prod           cstackBANK0  00034
i1___flmul@temp           cstackBANK0  00038
?__Umul8_16               cstackBANK0  0003D
?___awmod                 cstackBANK0  0003D
?___flneg                 cstackBANK0  0003D
?___lldiv                 cstackBANK0  0003D
?___lwmod                 cstackBANK0  0003D
?___wmul                  cstackBANK0  0003D
?___xxtofl                cstackBANK0  0003D
?__div_to_l_              cstackBANK0  0003D
?__tdiv_to_l_             cstackBANK0  0003D
LCDWriteNibble@rs         cstackBANK0  0003D
__Umul8_16@multiplicand   cstackBANK0  0003D
___awmod@divisor          cstackBANK0  0003D
___fleq@ff1               cstackBANK0  0003D
___flge@ff1               cstackBANK0  0003D
___flneg@f1               cstackBANK0  0003D
___lldiv@divisor          cstackBANK0  0003D
___lwmod@divisor          cstackBANK0  0003D
___wmul@multiplier        cstackBANK0  0003D
___xxtofl@val             cstackBANK0  0003D
__div_to_l_@f1            cstackBANK0  0003D
__tdiv_to_l_@f1           cstackBANK0  0003D
LCDWriteNibble@ch         cstackBANK0  0003F
___awmod@dividend         cstackBANK0  0003F
___lwmod@dividend         cstackBANK0  0003F
___wmul@multiplicand      cstackBANK0  0003F
__Umul8_16@product        cstackBANK0  00041
___fleq@ff2               cstackBANK0  00041
___flge@ff2               cstackBANK0  00041
___lldiv@dividend         cstackBANK0  00041
___wmul@product           cstackBANK0  00041
__div_to_l_@f2            cstackBANK0  00041
__tdiv_to_l_@f2           cstackBANK0  00041
LCDPutChar@ch             cstackBANK0  00042
LCDPutCmd@ch              cstackBANK0  00042
___awmod@counter          cstackBANK0  00042
___lwmod@counter          cstackBANK0  00042
?___lwdiv                 cstackBANK0  00043
LCDGoto@ln                cstackBANK0  00043
__Umul8_16@word_mpld      cstackBANK0  00043
___awmod@sign             cstackBANK0  00043
___lwdiv@divisor          cstackBANK0  00043
?___awdiv                 cstackBANK0  00044
LCDPutStr@str             cstackBANK0  00044
___awdiv@divisor          cstackBANK0  00044
LCDPutStr@i               cstackBANK0  00045
__Umul8_16@multiplier     cstackBANK0  00045
___lwdiv@dividend         cstackBANK0  00045
___xxtofl@sign            cstackBANK0  00045
_LCDGoto$138              cstackBANK0  00046
___awdiv@dividend         cstackBANK0  00046
___lldiv@quotient         cstackBANK0  00046
___xxtofl@exp             cstackBANK0  00046
__div_to_l_@quot          cstackBANK0  00046
___xxtofl@arg             cstackBANK0  00047
LCDGoto@pos               cstackBANK0  00048
___lwdiv@quotient         cstackBANK0  00048
___awdiv@counter          cstackBANK0  00049
__tdiv_to_l_@quot         cstackBANK0  00049
___awdiv@sign             cstackBANK0  0004A
___lldiv@counter          cstackBANK0  0004A
___lwdiv@counter          cstackBANK0  0004A
__div_to_l_@cntr          cstackBANK0  0004A
___awdiv@quotient         cstackBANK0  0004B
__div_to_l_@exp1          cstackBANK0  0004B
___llmod@counter          cstackBANK0  0004C
___fltol@sign1            cstackBANK0  0004D
__tdiv_to_l_@cntr         cstackBANK0  0004D
_LCDPutCmd                text28       00027
___fltol@exp1             cstackBANK0  0004E
__end_ofi1__Umul8_16      text33       00027
__ptext28                 text28       00027
__tdiv_to_l_@exp1         cstackBANK0  0004E
_PrePulse                 bssBANK0     0004F
__pbssBANK0               bssBANK0     0004F
_DeltaPulse               bssBANK0     00051
_INTF                     (abs)        00059
_INTE                     (abs)        0005C
__end_of__initialization  cinit        0002E
end_of_initialization     cinit        0002E
_PEIE                     (abs)        0005E
_GIE                      (abs)        0005F
_TMR1IF                   (abs)        00060
__Hcinit                  cinit        00032
?i1__Umul8_16             cstackCOMMON 00070
?i1___xxtofl              cstackCOMMON 00070
__pcstackCOMMON           cstackCOMMON 00070
i1__Umul8_16@multiplicand cstackCOMMON 00070
i1___xxtofl@val           cstackCOMMON 00070
i1__Umul8_16@product      cstackCOMMON 00074
i1__Umul8_16@word_mpld    cstackCOMMON 00076
i1__Umul8_16@multiplier   cstackCOMMON 00078
i1___xxtofl@sign          cstackCOMMON 00078
i1___xxtofl@exp           cstackCOMMON 00079
i1___xxtofl@arg           cstackCOMMON 0007A
btemp                     (abs)        0007E
_TMR1ON                   (abs)        00080
_TMR1CS                   (abs)        00081
_T1CKPS0                  (abs)        00084
_T1CKPS1                  (abs)        00085
_TRISC                    (abs)        00087
_TRISD                    (abs)        00088
?___flmul                 cstackBANK1  000A0
?___llmod                 cstackBANK1  000A0
___flmul@b                cstackBANK1  000A0
___llmod@divisor          cstackBANK1  000A0
__pcstackBANK1            cstackBANK1  000A0
___flmul@a                cstackBANK1  000A4
___llmod@dividend         cstackBANK1  000A4
___flmul@sign             cstackBANK1  000AD
___flmul@aexp             cstackBANK1  000AE
___flmul@grs              cstackBANK1  000AF
___flmul@bexp             cstackBANK1  000B3
___flmul@prod             cstackBANK1  000B4
___flmul@temp             cstackBANK1  000B8
?_fround                  cstackBANK1  000BA
?_scale                   cstackBANK1  000BA
_LCDGoto                  text27       00062
__end_of_LCDPutCmd        text28       00062
__ptext27                 text27       00062
_fround$819               cstackBANK1  000C5
_scale$820                cstackBANK1  000C8
_fround$818               cstackBANK1  000C9
?___fltol                 cstackBANK1  000CD
___fltol@f1               cstackBANK1  000CD
fround@prec               cstackBANK1  000CD
?___fladd                 cstackBANK1  000CE
___fladd@b                cstackBANK1  000CE
___fladd@a                cstackBANK1  000D2
___fladd@signs            cstackBANK1  000DE
___fladd@aexp             cstackBANK1  000DF
___fladd@bexp             cstackBANK1  000E0
___fladd@grs              cstackBANK1  000E1
?___flsub                 cstackBANK1  000E2
___flsub@a                cstackBANK1  000E2
___flsub@b                cstackBANK1  000E6
_Pulse                    bssBANK1     000EB
__pbssBANK1               bssBANK1     000EB
_LCDPutChar               text26       00094
__end_of_LCDGoto          text27       00094
__ptext26                 text26       00094
_ANSEL                    (abs)        00188
_LCDPutStr                text25       000C4
__end_of_LCDPutChar       text26       000C4
__ptext25                 text25       000C4
_ANSELH                   (abs)        00189
?_sprintf                 cstackBANK3  00190
__pcstackBANK3            cstackBANK3  00190
_sprintf$821              cstackBANK3  0019C
_Velocity                 bssBANK3     001B5
__pbssBANK3               bssBANK3     001B5
_buffer                   bssBANK3     001B9
__Hspace_1                (abs)        001C3
__S1                      (abs)        001C3
_LCD_Initialize           text24       000E6
__end_of_LCDPutStr        text25       000E6
__ptext24                 text24       000E6
___flneg                  text19       0011A
__end_of_LCD_Initialize   text24       0011A
__ptext19                 text19       0011A
___flsub                  text17       00127
__end_of___flneg          text19       00127
__ptext17                 text17       00127
___wmul                   text13       0014B
__end_of___flsub          text17       0014B
__ptext13                 text13       0014B
__Umul8_16                text9        00172
__end_of___wmul           text13       00172
__ptext9                  text9        00172
___lwmod                  text6        0019B
__end_of__Umul8_16        text9        0019B
__ptext6                  text6        0019B
__end_of___lwmod          text6        001D7
__pmaintext               maintext     001D7
_main                     maintext     001D7
_INTEDG                   (abs)        0040E
__HbssBANK0               bssBANK0     00422
__HbssBANK1               bssBANK1     00422
__HbssBANK3               bssBANK3     00422
__HcstackBANK0            cstackBANK0  00422
__HcstackBANK1            cstackBANK1  00422
__HcstackBANK3            cstackBANK3  00422
__HcstackCOMMON           cstackCOMMON 00422
__LbssBANK0               bssBANK0     00422
__LbssBANK1               bssBANK1     00422
__LbssBANK3               bssBANK3     00422
__LcstackBANK0            cstackBANK0  00422
__LcstackBANK1            cstackBANK1  00422
__LcstackBANK3            cstackBANK3  00422
__LcstackCOMMON           cstackCOMMON 00422
__end_of_main             maintext     00211
_TMR1IE                   (abs)        00460
___fladd                  text18       004E5
__end_of_sprintf          text1_split_1 004E5
__ptext18                 text18       004E5
___fltol                  text16       0076D
__end_of___fladd          text18       0076D
__ptext16                 text16       0076D
__end_of___fltol          text16       007FF
_TIMER1_Init              text23       00801
__ptext23                 text23       00801
_ISR                      text30       0080C
__end_of_TIMER1_Init      text23       0080C
__ptext30                 text30       0080C
__end_of_ISR              text30       00892
__ptext2                  text2        00892
_scale                    text2        00892
___flmul                  text8        00C45
__end_of_scale            text2        00C45
__ptext8                  text8        00C45
__Hspace_0                (abs)        02000
__S0                      (abs)        02000
__end_of___flmul          text8        01000
___awmod                  text3        01004
__ptext3                  text3        01004
__div_to_l_               text11       0105F
__end_of___awmod          text3        0105F
__ptext11                 text11       0105F
__end_of__div_to_l_       text11       0111D
__ptext32                 text32       0111D
i1___flmul                text32       0111D
__end_ofi1___flmul        text32       0147E
__ptext1                  text1        0147E
_sprintf                  text1        0147E
__pstrings                strings      01800
__stringtab               strings      01800
__stringbase              strings      01805
__end_of__stringtab       strings      01806
__powers_                 strings      01806
__end_of__powers_         strings      0183A
__npowers_                strings      0183A
__end_of__npowers_        strings      0186E
_dpowers                  strings      0186E
__end_of_dpowers          strings      01896
__ptext22                 text22       018A0
_config                   text22       018A0
___lwdiv                  text7        018BF
__end_of_config           text22       018BF
__ptext7                  text7        018BF
___fleq                   text21       01905
__end_of___lwdiv          text7        01905
__ptext21                 text21       01905
_LCDWriteNibble           text29       01955
__end_of___fleq           text21       01955
__ptext29                 text29       01955
___llmod                  text14       019A9
__end_of_LCDWriteNibble   text29       019A9
__ptext14                 text14       019A9
___lldiv                  text15       01A0F
__end_of___llmod          text14       01A0F
__ptext15                 text15       01A0F
___awdiv                  text4        01A77
__end_of___lldiv          text15       01A77
__ptext4                  text4        01A77
___flge                   text20       01AE0
__end_of___awdiv          text4        01AE0
__ptext20                 text20       01AE0
__end_of___flge           text20       01B84
__ptext31                 text31       01B84
i1___xxtofl               text31       01B84
___xxtofl                 text12       01C3E
__end_ofi1___xxtofl       text31       01C3E
__ptext12                 text12       01C3E
__end_of___xxtofl         text12       01CFA
__ptext10                 text10       01CFA
__tdiv_to_l_              text10       01CFA
__end_of__tdiv_to_l_      text10       01DB7
__ptext5                  text5        01DB7
_fround                   text5        01DB7
__end_of_fround           text5        02000
__Hidloc                  idloc        02004
__Hspace_4                (abs)        04010
__Hconfig                 config       02009
psplit$0                  (abs)        C0030
saved_w                   (abs)        0007E
scale@scl                 cstackBANK1  000CC
wtemp0                    (abs)        0007E
sprintf@f                 cstackBANK3  00190
sprintf@ap                cstackBANK3  001A0
sprintf@flag              cstackBANK3  001A1
sprintf@prec              cstackBANK3  001A3
sprintf@val               cstackBANK3  001A5
sprintf@eexp              cstackBANK3  001A9
sprintf@tmpval            cstackBANK3  001AB
sprintf@sp                cstackBANK3  001AF
sprintf@fval              cstackBANK3  001B0
sprintf@c                 cstackBANK3  001B4
