Microchip MPLAB XC8 Compiler V2.36

Linker command line:

-W-3 --edf=C:\Program Files\Microchip\xc8\v2.36\pic\dat\en_msgs.txt -cn \
  -h+dist/Config_2/production\Xung_TanSo_VanTocDongCo.X.production.sym \
  --cmf=dist/Config_2/production\Xung_TanSo_VanTocDongCo.X.production.cmf \
  -z -Q16F887 -oC:\Users\tramt\AppData\Local\Temp\xcAshek.4 \
  --defsym=__MPLAB_BUILD=1 \
  -Mdist/Config_2/production/Xung_TanSo_VanTocDongCo.X.production.map \
  --md=C:\Users\tramt\AppData\Local\Temp\xcAshek.dat -E1 -ver=XC8 Compiler \
  --acfsm=1493 -ACODE=00h-07FFhx4 -ASTRCODE=00h-01FFFh -ASTRING=00h-0FFhx32 \
  -ACONST=00h-0FFhx32 -AENTRY=00h-0FFhx32 -ACOMMON=070h-07Fh \
  -ABANK0=020h-06Fh -ABANK1=0A0h-0EFh -ABANK2=0110h-016Fh \
  -ABANK3=0190h-01EFh -ARAM=020h-06Fh,0A0h-0EFh,0110h-016Fh,0190h-01EFh \
  -AABS1=020h-07Fh,0A0h-0EFh,0110h-016Fh,0190h-01EFh -ASFR0=00h-01Fh \
  -ASFR1=080h-09Fh -ASFR2=0100h-010Fh -ASFR3=0180h-018Fh \
  -ACONFIG=02007h-02008h -DCONFIG=2 -AIDLOC=02000h-02003h -DIDLOC=2 \
  -AEEDATA=00h-0FFh/02100h -peeprom_data=EEDATA -DEEDATA=2 -DCODE=2 \
  -DSTRCODE=2 -DSTRING=2 -DCONST=2 -DENTRY=2 \
  -preset_vec=00h,intentry=04h,init,end_init -ppowerup=CODE -pcinit=CODE \
  -pfunctab=ENTRY -k C:\Users\tramt\AppData\Local\Temp\xcAshek.o \
  dist/Config_2/production\Xung_TanSo_VanTocDongCo.X.production.o 

Object code version is 3.11

Machine type is 16F887



                Name                               Link     Load   Length Selector   Space Scale
C:\Users\tramt\AppData\Local\Temp\xcAshek.o
                end_init                             10       10        3        8       0
                reset_vec                             0        0        3        0       0
                config                             2007     2007        2        0       4
                idloc                              2000     2000        4        0       5
dist/Config_2/production\Xung_TanSo_VanTocDongCo.X.production.o
                cinit                                13       13       1C        8       0
                intentry                              4        4        C        8       0
                text1_split_1                      1165     1165      115     22CA       0
                config                             2007     2007        2        0       4
                idloc                              2000     2000        4        0       5
                text35                             19CD     19CD       23     339A       0
                text34                             150B     150B      2F5     2A16       0
                text33                             1EBA     1EBA       A3     3D74       0
                text32                             1B90     1B90       3D     3720       0
                text31                             1B55     1B55       3B     36AA       0
                text30                             1CAC     1CAC       59     3958       0
                text29                             1B1D     1B1D       38     363A       0
                text28                             1A36     1A36       25     346C       0
                text27                             1A5B     1A5B       2B     34B6       0
                text26                              803      803       1D     1006       0
                text25                             1A86     1A86       2E     350C       0
                text24                             1972     1972        A     32E4       0
                text23                             10A4     10A4       19     2148       0
                text22                             1BCD     1BCD       48     379A       0
                text21                             1E27     1E27       93     3C4E       0
                text20                             1969     1969        9     32D2       0
                text19                             127A     127A      291     24F4       0
                text18                             1AE8     1AE8       35     35D0       0
                text17                             1DBC     1DBC       6B     3B78       0
                text16                             1D5E     1D5E       5E     3ABC       0
                text15                             1C60     1C60       4C     38C0       0
                text14                             198B     198B       21     3316       0
                text13                             1F5D     1F5D       A3     3EBA       0
                text12                             10BD     10BD       A8     217A       0
                text11                              752      752       A9        8       0
                text10                             19F0     19F0       23     33E0       0
                text9                               9E3      9E3      2F5     13C6       0
                text8                              19AC     19AC       21     3358       0
                text7                              1A13     1A13       23     3426       0
                text6                               820      820      1C3     1040       0
                text5                              197C     197C        F     32F8       0
                text4                              1D05     1D05       59     3A0A       0
                text3                              1C15     1C15       4B     382A       0
                text2                               CD8      CD8      328     19B0       0
                text1                                2F       2F      723        8       0
                maintext                           1AB4     1AB4       34     3568       0
                cstackBANK0                          20       20       25       20       1
                cstackCOMMON                         70       70        E       70       1
                cstackBANK1                          A0       A0       4F       A0       1
                cstackBANK3                         190      190       33      190       1
                bssBANK3                            1C3      1C3        E      190       1
                bssBANK0                             45       45        6       20       1
                strings                            1000     1000       A3     2000       0

TOTAL           Name                               Link     Load   Length     Space
        CLASS   CODE           
                end_init                             10       10        3         0
                cinit                                13       13       1C         0
                intentry                              4        4        C         0
                reset_vec                             0        0        3         0
                text1_split_1                      1165     1165      115         0
                text35                             19CD     19CD       23         0
                text34                             150B     150B      2F5         0
                text33                             1EBA     1EBA       A3         0
                text32                             1B90     1B90       3D         0
                text31                             1B55     1B55       3B         0
                text30                             1CAC     1CAC       59         0
                text29                             1B1D     1B1D       38         0
                text28                             1A36     1A36       25         0
                text27                             1A5B     1A5B       2B         0
                text26                              803      803       1D         0
                text25                             1A86     1A86       2E         0
                text24                             1972     1972        A         0
                text23                             10A4     10A4       19         0
                text22                             1BCD     1BCD       48         0
                text21                             1E27     1E27       93         0
                text20                             1969     1969        9         0
                text19                             127A     127A      291         0
                text18                             1AE8     1AE8       35         0
                text17                             1DBC     1DBC       6B         0
                text16                             1D5E     1D5E       5E         0
                text15                             1C60     1C60       4C         0
                text14                             198B     198B       21         0
                text13                             1F5D     1F5D       A3         0
                text12                             10BD     10BD       A8         0
                text11                              752      752       A9         0
                text10                             19F0     19F0       23         0
                text9                               9E3      9E3      2F5         0
                text8                              19AC     19AC       21         0
                text7                              1A13     1A13       23         0
                text6                               820      820      1C3         0
                text5                              197C     197C        F         0
                text4                              1D05     1D05       59         0
                text3                              1C15     1C15       4B         0
                text2                               CD8      CD8      328         0
                text1                                2F       2F      723         0
                maintext                           1AB4     1AB4       34         0

        CLASS   STRCODE        

        CLASS   STRING         
                strings                            1000     1000       A3         0

        CLASS   CONST          

        CLASS   ENTRY          

        CLASS   COMMON         
                cstackCOMMON                         70       70        E         1

        CLASS   BANK0          
                cstackBANK0                          20       20       25         1
                bssBANK0                             45       45        6         1

        CLASS   BANK1          
                cstackBANK1                          A0       A0       4F         1

        CLASS   BANK2          

        CLASS   BANK3          
                cstackBANK3                         190      190       33         1
                bssBANK3                            1C3      1C3        E         1

        CLASS   RAM            

        CLASS   ABS1           
                abs_s1                               7E       7E        2         1

        CLASS   SFR0           

        CLASS   SFR1           

        CLASS   SFR2           

        CLASS   SFR3           

        CLASS   CONFIG         
                config                             2007     2007        2         4

        CLASS   IDLOC          
                idloc                              2000     2000        4         5

        CLASS   EEDATA         

        CLASS   STACK          



SEGMENTS        Name                           Load    Length   Top    Selector   Space  Class     Delta

                reset_vec                      000000  000003  000003         0       0  CODE        2
                intentry                       000004  0007F7  0007FB         8       0  CODE        2
                cstackBANK0                    000020  00002B  00004B        20       1  BANK0       1
                cstackCOMMON                   000070  00000E  00007E        70       1  COMMON      1
                cstackBANK1                    0000A0  00004F  0000EF        A0       1  BANK1       1
                cstackBANK3                    000190  000041  0001D1       190       1  BANK3       1
                text26                         000803  00001D  000820      1006       0  CODE        2
                text6                          000820  0001C3  0009E3      1040       0  CODE        2
                text9                          0009E3  0002F5  000CD8      13C6       0  CODE        2
                text2                          000CD8  000328  001000      19B0       0  CODE        2
                strings                        001000  0000A3  0010A3      2000       0  STRING      2
                text23                         0010A4  000019  0010BD      2148       0  CODE        2
                text12                         0010BD  0000A8  001165      217A       0  CODE        2
                text1_split_1                  001165  000115  00127A      22CA       0  CODE        2
                text19                         00127A  000291  00150B      24F4       0  CODE        2
                text34                         00150B  0002F5  001800      2A16       0  CODE        2
                text20                         001969  000009  001972      32D2       0  CODE        2
                text24                         001972  00000A  00197C      32E4       0  CODE        2
                text5                          00197C  00000F  00198B      32F8       0  CODE        2
                text14                         00198B  000021  0019AC      3316       0  CODE        2
                text8                          0019AC  000021  0019CD      3358       0  CODE        2
                text35                         0019CD  000023  0019F0      339A       0  CODE        2
                text10                         0019F0  000023  001A13      33E0       0  CODE        2
                text7                          001A13  000023  001A36      3426       0  CODE        2
                text28                         001A36  000025  001A5B      346C       0  CODE        2
                text27                         001A5B  00002B  001A86      34B6       0  CODE        2
                text25                         001A86  00002E  001AB4      350C       0  CODE        2
                maintext                       001AB4  000034  001AE8      3568       0  CODE        2
                text18                         001AE8  000035  001B1D      35D0       0  CODE        2
                text29                         001B1D  000038  001B55      363A       0  CODE        2
                text31                         001B55  00003B  001B90      36AA       0  CODE        2
                text32                         001B90  00003D  001BCD      3720       0  CODE        2
                text22                         001BCD  000048  001C15      379A       0  CODE        2
                text3                          001C15  00004B  001C60      382A       0  CODE        2
                text15                         001C60  00004C  001CAC      38C0       0  CODE        2
                text30                         001CAC  000059  001D05      3958       0  CODE        2
                text4                          001D05  000059  001D5E      3A0A       0  CODE        2
                text16                         001D5E  00005E  001DBC      3ABC       0  CODE        2
                text17                         001DBC  00006B  001E27      3B78       0  CODE        2
                text21                         001E27  000093  001EBA      3C4E       0  CODE        2
                text33                         001EBA  0000A3  001F5D      3D74       0  CODE        2
                text13                         001F5D  0000A3  002000      3EBA       0  CODE        2


UNUSED ADDRESS RANGES

        Name                Unused          Largest block    Delta
        BANK0            0004B-0006F              25           1
        BANK1            000EF-000EF               1           1
        BANK2            00110-0016F              60           1
        BANK3            001D1-001EF              1F           1
        CODE             00003-00003               1           2
                         007FB-00802               5
                         010A3-010A3               1
                         01800-01968             169
        CONST            00003-00003               1           2
                         007FB-00802               5
                         010A3-010A3               1
                         01800-01968             100
        EEDATA           02100-021FF             100           2
        ENTRY            00003-00003               1           2
                         007FB-00802               5
                         010A3-010A3               1
                         01800-01968             100
        RAM              0004B-0006F              25           1
                         000EF-000EF               1
                         00110-0016F              60
                         001D1-001EF              1F
        SFR0             00000-0001F              20           1
        SFR1             00080-0009F              20           1
        SFR2             00100-0010F              10           1
        SFR3             00180-0018F              10           1
        STRCODE          00003-00003               1           2
                         007FB-00802               8
                         010A3-010A3               1
                         01800-01968             169
        STRING           00003-00003               1           2
                         007FB-00802               5
                         010A3-010A3               1
                         01800-01968             100

                                  Symbol Table

?__Umul8_16               cstackBANK1  000A0
?___awdiv                 cstackBANK1  000A7
?___awmod                 cstackBANK1  000A0
?___fladd                 cstackBANK1  000DE
?___flmul                 cstackBANK1  000B0
?___flneg                 cstackBANK1  000A0
?___flsub                 cstackBANK3  00194
?___fltol                 cstackBANK1  000DD
?___lldiv                 cstackBANK1  000A0
?___llmod                 cstackBANK1  000AE
?___wmul                  cstackBANK1  000A0
?___xxtofl                cstackBANK1  000A0
?__div_to_l_              cstackBANK1  000A0
?__tdiv_to_l_             cstackBANK1  000A0
?_fround                  cstackBANK1  000CA
?_get_val                 cstackBANK0  0003A
?_scale                   cstackBANK1  000CA
?_sprintf                 cstackBANK3  0019C
?i1__Umul8_16             cstackCOMMON 00070
?i1___flmul               cstackBANK0  00020
?i1___xxtofl              cstackCOMMON 00070
LCDGoto@ln                cstackBANK1  000A6
LCDGoto@pos               cstackBANK1  000AB
LCDPutChar@ch             cstackBANK1  000A5
LCDPutCmd@ch              cstackBANK1  000A5
LCDPutStr@i               cstackBANK1  000A8
LCDPutStr@str             cstackBANK1  000A7
LCDWriteNibble@ch         cstackBANK1  000A2
LCDWriteNibble@rs         cstackBANK1  000A0
_ANSEL                    (abs)        00188
_ANSELH                   (abs)        00189
_DeltaPulse               bssBANK0     00049
_GIE                      (abs)        0005F
_INTE                     (abs)        0005C
_INTEDG                   (abs)        0040E
_INTF                     (abs)        00059
_ISR                      text31       01B55
_LCDGoto                  text28       01A36
_LCDGoto$141              cstackBANK1  000A9
_LCDPutChar               text27       01A5B
_LCDPutCmd                text29       01B1D
_LCDPutStr                text26       00803
_LCDWriteNibble           text30       01CAC
_LCD_Initialize           text25       01A86
_PEIE                     (abs)        0005E
_PORTD                    (abs)        00008
_PORTDbits                (abs)        00008
_PrePulse                 bssBANK0     00045
_Pulse                    bssBANK0     00047
_T1CKPS0                  (abs)        00084
_T1CKPS1                  (abs)        00085
_TIMER1_Init              text24       01972
_TMR1                     (abs)        0000E
_TMR1CS                   (abs)        00081
_TMR1IE                   (abs)        00460
_TMR1IF                   (abs)        00060
_TMR1ON                   (abs)        00080
_TRISC                    (abs)        00087
_TRISD                    (abs)        00088
_Velocity                 bssBANK3     001C3
__Habs1                   abs1         00000
__Hbank0                  bank0        00000
__Hbank1                  bank1        00000
__Hbank2                  bank2        00000
__Hbank3                  bank3        00000
__HbssBANK0               bssBANK0     00000
__HbssBANK3               bssBANK3     00000
__Hcinit                  cinit        0002F
__Hclrtext                clrtext      00000
__Hcode                   code         00000
__Hcommon                 common       00000
__Hconfig                 config       02009
__HcstackBANK0            cstackBANK0  00000
__HcstackBANK1            cstackBANK1  00000
__HcstackBANK3            cstackBANK3  00000
__HcstackCOMMON           cstackCOMMON 00000
__Heeprom_data            eeprom_data  00000
__Hend_init               end_init     00013
__Hfunctab                functab      00000
__Hidloc                  idloc        02004
__Hinit                   init         00010
__Hintentry               intentry     00010
__Hmaintext               maintext     00000
__Hpowerup                powerup      00000
__Hram                    ram          00000
__Hreset_vec              reset_vec    00003
__Hsfr0                   sfr0         00000
__Hsfr1                   sfr1         00000
__Hsfr2                   sfr2         00000
__Hsfr3                   sfr3         00000
__Hspace_0                (abs)        02000
__Hspace_1                (abs)        001D1
__Hspace_2                (abs)        00000
__Hspace_3                (abs)        00000
__Hspace_4                (abs)        04010
__Hstack                  stack        00000
__Hstrings                strings      00000
__Htext                   text         00000
__Labs1                   abs1         00000
__Lbank0                  bank0        00000
__Lbank1                  bank1        00000
__Lbank2                  bank2        00000
__Lbank3                  bank3        00000
__LbssBANK0               bssBANK0     00000
__LbssBANK3               bssBANK3     00000
__Lcinit                  cinit        00013
__Lclrtext                clrtext      00000
__Lcode                   code         00000
__Lcommon                 common       00000
__Lconfig                 config       00000
__LcstackBANK0            cstackBANK0  00000
__LcstackBANK1            cstackBANK1  00000
__LcstackBANK3            cstackBANK3  00000
__LcstackCOMMON           cstackCOMMON 00000
__Leeprom_data            eeprom_data  00000
__Lend_init               end_init     00010
__Lfunctab                functab      00000
__Lidloc                  idloc        00000
__Linit                   init         00010
__Lintentry               intentry     00004
__Lmaintext               maintext     00000
__Lpowerup                powerup      00000
__Lram                    ram          00000
__Lreset_vec              reset_vec    00000
__Lsfr0                   sfr0         00000
__Lsfr1                   sfr1         00000
__Lsfr2                   sfr2         00000
__Lsfr3                   sfr3         00000
__Lspace_0                (abs)        00000
__Lspace_1                (abs)        00000
__Lspace_2                (abs)        00000
__Lspace_3                (abs)        00000
__Lspace_4                (abs)        00000
__Lstack                  stack        00000
__Lstrings                strings      00000
__Ltext                   text         00000
__S0                      (abs)        02000
__S1                      (abs)        001D1
__S3                      (abs)        00000
__Umul8_16                text10       019F0
__Umul8_16@multiplicand   cstackBANK1  000A0
__Umul8_16@multiplier     cstackBANK1  000A8
__Umul8_16@product        cstackBANK1  000A4
__Umul8_16@word_mpld      cstackBANK1  000A6
___awdiv                  text4        01D05
___awdiv@counter          cstackBANK1  000AC
___awdiv@dividend         cstackBANK1  000A9
___awdiv@divisor          cstackBANK1  000A7
___awdiv@quotient         cstackBANK1  000AE
___awdiv@sign             cstackBANK1  000AD
___awmod                  text3        01C15
___awmod@counter          cstackBANK1  000A5
___awmod@dividend         cstackBANK1  000A2
___awmod@divisor          cstackBANK1  000A0
___awmod@sign             cstackBANK1  000A6
___fladd                  text19       0127A
___fladd@a                cstackBANK1  000E2
___fladd@aexp             cstackBANK3  00191
___fladd@b                cstackBANK1  000DE
___fladd@bexp             cstackBANK3  00192
___fladd@grs              cstackBANK3  00193
___fladd@signs            cstackBANK3  00190
___fleq                   text22       01BCD
___fleq@ff1               cstackBANK1  000A0
___fleq@ff2               cstackBANK1  000A4
___flge                   text21       01E27
___flge@ff1               cstackBANK1  000A0
___flge@ff2               cstackBANK1  000A4
___flmul                  text9        009E3
___flmul@a                cstackBANK1  000B4
___flmul@aexp             cstackBANK1  000BE
___flmul@b                cstackBANK1  000B0
___flmul@bexp             cstackBANK1  000BF
___flmul@grs              cstackBANK1  000C0
___flmul@prod             cstackBANK1  000C4
___flmul@sign             cstackBANK1  000BD
___flmul@temp             cstackBANK1  000C8
___flneg                  text20       01969
___flneg@f1               cstackBANK1  000A0
___flsub                  text18       01AE8
___flsub@a                cstackBANK3  00194
___flsub@b                cstackBANK3  00198
___fltol                  text17       01DBC
___fltol@exp1             cstackBANK1  000E7
___fltol@f1               cstackBANK1  000DD
___fltol@sign1            cstackBANK1  000E6
___int_sp                 stack        00000
___latbits                (abs)        00002
___lbdiv                  text8        019AC
___lbdiv@counter          cstackBANK1  000AA
___lbdiv@dividend         cstackBANK1  000A9
___lbdiv@divisor          cstackBANK1  000A7
___lbdiv@quotient         cstackBANK1  000AB
___lbmod                  text7        01A13
___lbmod@counter          cstackBANK1  000A5
___lbmod@dividend         cstackBANK1  000A4
___lbmod@divisor          cstackBANK1  000A0
___lbmod@rem              cstackBANK1  000A6
___lldiv                  text16       01D5E
___lldiv@counter          cstackBANK1  000AD
___lldiv@dividend         cstackBANK1  000A4
___lldiv@divisor          cstackBANK1  000A0
___lldiv@quotient         cstackBANK1  000A9
___llmod                  text15       01C60
___llmod@counter          cstackBANK1  000B7
___llmod@dividend         cstackBANK1  000B2
___llmod@divisor          cstackBANK1  000AE
___sp                     stack        00000
___stackhi                (abs)        00000
___stacklo                (abs)        00000
___wmul                   text14       0198B
___wmul@multiplicand      cstackBANK1  000A2
___wmul@multiplier        cstackBANK1  000A0
___wmul@product           cstackBANK1  000A4
___xxtofl                 text13       01F5D
___xxtofl@arg             cstackBANK1  000AA
___xxtofl@exp             cstackBANK1  000A9
___xxtofl@sign            cstackBANK1  000A8
___xxtofl@val             cstackBANK1  000A0
__div_to_l_               text12       010BD
__div_to_l_@cntr          cstackBANK1  000AD
__div_to_l_@exp1          cstackBANK1  000AE
__div_to_l_@f1            cstackBANK1  000A0
__div_to_l_@f2            cstackBANK1  000A4
__div_to_l_@quot          cstackBANK1  000A9
__end_of_ISR              text31       01B90
__end_of_LCDGoto          text28       01A5B
__end_of_LCDPutChar       text27       01A86
__end_of_LCDPutCmd        text29       01B55
__end_of_LCDPutStr        text26       00820
__end_of_LCDWriteNibble   text30       01D05
__end_of_LCD_Initialize   text25       01AB4
__end_of_TIMER1_Init      text24       0197C
__end_of__Umul8_16        text10       01A13
__end_of___awdiv          text4        01D5E
__end_of___awmod          text3        01C60
__end_of___fladd          text19       0150B
__end_of___fleq           text22       01C15
__end_of___flge           text21       01EBA
__end_of___flmul          text9        00CD8
__end_of___flneg          text20       01972
__end_of___flsub          text18       01B1D
__end_of___fltol          text17       01E27
__end_of___lbdiv          text8        019CD
__end_of___lbmod          text7        01A36
__end_of___lldiv          text16       01DBC
__end_of___llmod          text15       01CAC
__end_of___wmul           text14       019AC
__end_of___xxtofl         text13       02000
__end_of__div_to_l_       text12       01165
__end_of__initialization  cinit        0002B
__end_of__npowers_        strings      0106E
__end_of__powers_         strings      0103A
__end_of__stringtab       strings      01006
__end_of__tdiv_to_l_      text11       007FB
__end_of_config           text23       010BD
__end_of_dpowers          strings      01096
__end_of_fround           text6        009E3
__end_of_get_val          text32       01BCD
__end_of_isdigit          text5        0198B
__end_of_main             maintext     01AE8
__end_of_scale            text2        01000
__end_of_sprintf          text1_split_1 01277
__end_ofi1__Umul8_16      text35       019F0
__end_ofi1___flmul        text34       01800
__end_ofi1___xxtofl       text33       01F5D
__initialization          cinit        00013
__npowers_                strings      0103A
__pbssBANK0               bssBANK0     00045
__pbssBANK3               bssBANK3     001C3
__pcstackBANK0            cstackBANK0  00020
__pcstackBANK1            cstackBANK1  000A0
__pcstackBANK3            cstackBANK3  00190
__pcstackCOMMON           cstackCOMMON 00070
__pintentry               intentry     00004
__pmaintext               maintext     01AB4
__powers_                 strings      01006
__pstrings                strings      01000
__ptext1                  text1        0002F
__ptext10                 text10       019F0
__ptext11                 text11       00752
__ptext12                 text12       010BD
__ptext13                 text13       01F5D
__ptext14                 text14       0198B
__ptext15                 text15       01C60
__ptext16                 text16       01D5E
__ptext17                 text17       01DBC
__ptext18                 text18       01AE8
__ptext19                 text19       0127A
__ptext2                  text2        00CD8
__ptext20                 text20       01969
__ptext21                 text21       01E27
__ptext22                 text22       01BCD
__ptext23                 text23       010A4
__ptext24                 text24       01972
__ptext25                 text25       01A86
__ptext26                 text26       00803
__ptext27                 text27       01A5B
__ptext28                 text28       01A36
__ptext29                 text29       01B1D
__ptext3                  text3        01C15
__ptext30                 text30       01CAC
__ptext31                 text31       01B55
__ptext32                 text32       01B90
__ptext33                 text33       01EBA
__ptext34                 text34       0150B
__ptext35                 text35       019CD
__ptext4                  text4        01D05
__ptext5                  text5        0197C
__ptext6                  text6        00820
__ptext7                  text7        01A13
__ptext8                  text8        019AC
__ptext9                  text9        009E3
__stringbase              strings      01005
__stringtab               strings      01000
__tdiv_to_l_              text11       00752
__tdiv_to_l_@cntr         cstackBANK1  000B0
__tdiv_to_l_@exp1         cstackBANK1  000B1
__tdiv_to_l_@f1           cstackBANK1  000A0
__tdiv_to_l_@f2           cstackBANK1  000A4
__tdiv_to_l_@quot         cstackBANK1  000AC
_buffer                   bssBANK3     001C7
_config                   text23       010A4
_dpowers                  strings      0106E
_fround                   text6        00820
_fround$831               cstackBANK1  000D9
_fround$832               cstackBANK1  000D5
_get_val                  text32       01B90
_isdigit                  text5        0197C
_isdigit$652              cstackBANK1  000A0
_main                     maintext     01AB4
_scale                    text2        00CD8
_scale$833                cstackBANK1  000D8
_sprintf                  text1        0002F
_sprintf$834              cstackBANK3  001A8
btemp                     (abs)        0007E
end_of_initialization     cinit        0002B
fround@prec               cstackBANK1  000DD
get_val@rpm               cstackBANK0  0003E
i1__Umul8_16              text35       019CD
i1__Umul8_16@multiplicand cstackCOMMON 00070
i1__Umul8_16@multiplier   cstackCOMMON 00078
i1__Umul8_16@product      cstackCOMMON 00074
i1__Umul8_16@word_mpld    cstackCOMMON 00076
i1___flmul                text34       0150B
i1___flmul@a              cstackBANK0  00024
i1___flmul@aexp           cstackBANK0  0002E
i1___flmul@b              cstackBANK0  00020
i1___flmul@bexp           cstackBANK0  00033
i1___flmul@grs            cstackBANK0  0002F
i1___flmul@prod           cstackBANK0  00034
i1___flmul@sign           cstackBANK0  0002D
i1___flmul@temp           cstackBANK0  00038
i1___xxtofl               text33       01EBA
i1___xxtofl@arg           cstackCOMMON 0007A
i1___xxtofl@exp           cstackCOMMON 00079
i1___xxtofl@sign          cstackCOMMON 00078
i1___xxtofl@val           cstackCOMMON 00070
interrupt_function        intentry     00004
intlevel0                 functab      00000
intlevel1                 functab      00000
intlevel2                 functab      00000
intlevel3                 functab      00000
intlevel4                 functab      00000
intlevel5                 functab      00000
isdigit@c                 cstackBANK1  000A1
pnum$text1                (abs)        0000B
pnum$text1_split_1        (abs)        00031
psplit$0                  (abs)        B0031
reset_vec                 reset_vec    00000
saved_w                   (abs)        0007E
scale@scl                 cstackBANK1  000DC
sprintf@ap                cstackBANK3  001AC
sprintf@c                 cstackBANK3  001C2
sprintf@eexp              cstackBANK3  001B5
sprintf@f                 cstackBANK3  0019C
sprintf@flag              cstackBANK3  001B7
sprintf@fval              cstackBANK3  001BB
sprintf@prec              cstackBANK3  001BF
sprintf@sp                cstackBANK3  001C1
sprintf@tmpval            cstackBANK3  001B1
sprintf@val               cstackBANK3  001AD
sprintf@width             cstackBANK3  001B9
start                     init         00010
start_initialization      cinit        00013
wtemp0                    (abs)        0007E


MODULE INFORMATION

Module		Function		Class		Link	Load	Size
C:\Program Files\Microchip\xc8\v2.36\pic\sources\c90\common\doprnt.c
		_scale         		CODE           	0CD8	0000	808
		_sprintf       		CODE           	002F	0000	2101
		_fround        		CODE           	0820	0000	451

C:\Program Files\Microchip\xc8\v2.36\pic\sources\c90\common\doprnt.c estimated size: 3360

C:\Program Files\Microchip\xc8\v2.36\pic\sources\c90\common\awmod.c
		___awmod       		CODE           	1C15	0000	75

C:\Program Files\Microchip\xc8\v2.36\pic\sources\c90\common\awmod.c estimated size: 75

C:\Program Files\Microchip\xc8\v2.36\pic\sources\c90\common\llmod.c
		___llmod       		CODE           	1C60	0000	76

C:\Program Files\Microchip\xc8\v2.36\pic\sources\c90\common\llmod.c estimated size: 76

C:\Program Files\Microchip\xc8\v2.36\pic\sources\c90\common\ftdivl.c
		__tdiv_to_l_   		CODE           	0752	0000	169

C:\Program Files\Microchip\xc8\v2.36\pic\sources\c90\common\ftdivl.c estimated size: 169

C:\Program Files\Microchip\xc8\v2.36\pic\sources\c90\common\Umul16.c
		___wmul        		CODE           	198B	0000	33

C:\Program Files\Microchip\xc8\v2.36\pic\sources\c90\common\Umul16.c estimated size: 33

newmain.c
		_TIMER1_Init   		CODE           	1972	0000	10
		_ISR           		CODE           	1B55	0000	59
		_main          		CODE           	1AB4	0000	52
		_get_val       		CODE           	1B90	0000	61
		_config        		CODE           	10A4	0000	25

newmain.c estimated size: 207

C:\Program Files\Microchip\xc8\v2.36\pic\sources\c90\common\fleq.c
		___fleq        		CODE           	1BCD	0000	72

C:\Program Files\Microchip\xc8\v2.36\pic\sources\c90\common\fleq.c estimated size: 72

C:\Program Files\Microchip\xc8\v2.36\pic\sources\c90\common\fldivl.c
		__div_to_l_    		CODE           	10BD	0000	168

C:\Program Files\Microchip\xc8\v2.36\pic\sources\c90\common\fldivl.c estimated size: 168

C:\Program Files\Microchip\xc8\v2.36\pic\sources\c90\common\sprcmul.c
		___flmul       		CODE           	09E3	0000	757

C:\Program Files\Microchip\xc8\v2.36\pic\sources\c90\common\sprcmul.c estimated size: 757

C:\Program Files\Microchip\xc8\v2.36\pic\sources\c90\common\awdiv.c
		___awdiv       		CODE           	1D05	0000	89

C:\Program Files\Microchip\xc8\v2.36\pic\sources\c90\common\awdiv.c estimated size: 89

C:\Program Files\Microchip\xc8\v2.36\pic\sources\c90\common\fltol.c
		___fltol       		CODE           	1DBC	0000	107

C:\Program Files\Microchip\xc8\v2.36\pic\sources\c90\common\fltol.c estimated size: 107

C:\Program Files\Microchip\xc8\v2.36\pic\sources\c90\common\__lldiv.c
		___lldiv       		CODE           	1D5E	0000	94

C:\Program Files\Microchip\xc8\v2.36\pic\sources\c90\common\__lldiv.c estimated size: 94

C:\Program Files\Microchip\xc8\v2.36\pic\sources\c90\common\lbmod.c
		___lbmod       		CODE           	1A13	0000	35

C:\Program Files\Microchip\xc8\v2.36\pic\sources\c90\common\lbmod.c estimated size: 35

shared
		__stringtab    		STRING         	1000	0000	6
		__powers_      		STRING         	1006	0000	52
		_dpowers       		STRING         	106E	0000	40
		i1__Umul8_16   		CODE           	19CD	0000	35
		__npowers_     		STRING         	103A	0000	52
		__initialization		CODE           	0013	0000	24
		i1___flmul     		CODE           	150B	0000	757
		i1___xxtofl    		CODE           	1EBA	0000	163

shared estimated size: 1129

C:\Program Files\Microchip\xc8\v2.36\pic\sources\c90\common\xxtofl.c
		___xxtofl      		CODE           	1F5D	0000	163

C:\Program Files\Microchip\xc8\v2.36\pic\sources\c90\common\xxtofl.c estimated size: 163

lcd.c
		_LCDPutCmd     		CODE           	1B1D	0000	56
		_LCDPutStr     		CODE           	0803	0000	29
		_LCDPutChar    		CODE           	1A5B	0000	43
		_LCD_Initialize		CODE           	1A86	0000	46
		_LCDWriteNibble		CODE           	1CAC	0000	89
		_LCDGoto       		CODE           	1A36	0000	37

lcd.c estimated size: 300

C:\Program Files\Microchip\xc8\v2.36\pic\sources\c90\common\flneg.c
		___flneg       		CODE           	1969	0000	9

C:\Program Files\Microchip\xc8\v2.36\pic\sources\c90\common\flneg.c estimated size: 9

C:\Program Files\Microchip\xc8\v2.36\pic\sources\c90\common\isdigit.c
		_isdigit       		CODE           	197C	0000	15

C:\Program Files\Microchip\xc8\v2.36\pic\sources\c90\common\isdigit.c estimated size: 15

C:\Program Files\Microchip\xc8\v2.36\pic\sources\c90\common\lbdiv.c
		___lbdiv       		CODE           	19AC	0000	33

C:\Program Files\Microchip\xc8\v2.36\pic\sources\c90\common\lbdiv.c estimated size: 33

C:\Program Files\Microchip\xc8\v2.36\pic\sources\c90\common\sprcadd.c
		___flsub       		CODE           	1AE8	0000	53
		___fladd       		CODE           	127A	0000	657

C:\Program Files\Microchip\xc8\v2.36\pic\sources\c90\common\sprcadd.c estimated size: 710

C:\Program Files\Microchip\xc8\v2.36\pic\sources\c90\common\flge.c
		___flge        		CODE           	1E27	0000	147

C:\Program Files\Microchip\xc8\v2.36\pic\sources\c90\common\flge.c estimated size: 147

C:\Program Files\Microchip\xc8\v2.36\pic\sources\c90\common\Umul8_16.c
		__Umul8_16     		CODE           	19F0	0000	35

C:\Program Files\Microchip\xc8\v2.36\pic\sources\c90\common\Umul8_16.c estimated size: 35

