Microchip MPLAB XC8 Compiler V2.36

Linker command line:

-W-3 --edf=C:\Program Files\Microchip\xc8\v2.36\pic\dat\en_msgs.txt -cn \
  -h+dist/default/production\UART_Template.X.production.sym \
  --cmf=dist/default/production\UART_Template.X.production.cmf -z -Q16F887 \
  -oC:\Users\tramt\AppData\Local\Temp\xcAscg4.4 --defsym=__MPLAB_BUILD=1 \
  -Mdist/default/production/UART_Template.X.production.map \
  --md=C:\Users\tramt\AppData\Local\Temp\xcAscg4.dat -E1 -ver=XC8 Compiler \
  --acfsm=1493 -ACODE=00h-07FFhx4 -ASTRCODE=00h-01FFFh -ASTRING=00h-0FFhx32 \
  -ACONST=00h-0FFhx32 -AENTRY=00h-0FFhx32 -ACOMMON=070h-07Fh \
  -ABANK0=020h-06Fh -ABANK1=0A0h-0EFh -ABANK2=0110h-016Fh \
  -ABANK3=0190h-01EFh -ARAM=020h-06Fh,0A0h-0EFh,0110h-016Fh,0190h-01EFh \
  -AABS1=020h-07Fh,0A0h-0EFh,0110h-016Fh,0190h-01EFh -ASFR0=00h-01Fh \
  -ASFR1=080h-09Fh -ASFR2=0100h-010Fh -ASFR3=0180h-018Fh \
  -ACONFIG=02007h-02008h -DCONFIG=2 -AIDLOC=02000h-02003h -DIDLOC=2 \
  -AEEDATA=00h-0FFh/02100h -peeprom_data=EEDATA -DEEDATA=2 -DCODE=2 \
  -DSTRCODE=2 -DSTRING=2 -DCONST=2 -DENTRY=2 \
  -preset_vec=00h,intentry=04h,init,end_init -ppowerup=CODE -pcinit=CODE \
  -pfunctab=ENTRY -k C:\Users\tramt\AppData\Local\Temp\xcAscg4.o \
  dist/default/production\UART_Template.X.production.o 

Object code version is 3.11

Machine type is 16F887



                Name                               Link     Load   Length Selector   Space Scale
C:\Users\tramt\AppData\Local\Temp\xcAscg4.o
                end_init                             10       10        3        8       0
                reset_vec                             0        0        3        0       0
                config                             2007     2007        2        0       4
                idloc                              2000     2000        4        0       5
dist/default/production\UART_Template.X.production.o
                cinit                                13       13        5        8       0
                intentry                              4        4        C        8       0
                config                             2007     2007        2        0       4
                idloc                              2000     2000        4        0       5
                text8                               127      127        A       EE       0
                text7                                C7       C7       1F       EE       0
                text6                                77       77       2D       EE       0
                text5                               11D      11D        A       EE       0
                text4                                A4       A4       23       EE       0
                text3                                FB       FB       13       EE       0
                text2                                E6       E6       15       EE       0
                text1                                18       18       32        8       0
                maintext                            10E      10E        F       EE       0
                cstackBANK0                          20       20        3       20       1
                cstackCOMMON                         70       70        8       70       1
                bssCOMMON                            78       78        1       70       1
                strings                              4A       4A       2D       94       0

TOTAL           Name                               Link     Load   Length     Space
        CLASS   CODE           
                end_init                             10       10        3         0
                cinit                                13       13        5         0
                intentry                              4        4        C         0
                reset_vec                             0        0        3         0
                text8                               127      127        A         0
                text7                                C7       C7       1F         0
                text6                                77       77       2D         0
                text5                               11D      11D        A         0
                text4                                A4       A4       23         0
                text3                                FB       FB       13         0
                text2                                E6       E6       15         0
                text1                                18       18       32         0
                maintext                            10E      10E        F         0

        CLASS   STRCODE        

        CLASS   STRING         
                strings                              4A       4A       2D         0

        CLASS   CONST          

        CLASS   ENTRY          

        CLASS   COMMON         
                cstackCOMMON                         70       70        8         1
                bssCOMMON                            78       78        1         1

        CLASS   BANK0          
                cstackBANK0                          20       20        3         1

        CLASS   BANK1          

        CLASS   BANK2          

        CLASS   BANK3          

        CLASS   RAM            

        CLASS   ABS1           
                abs_s1                               7E       7E        2         1

        CLASS   SFR0           

        CLASS   SFR1           

        CLASS   SFR2           

        CLASS   SFR3           

        CLASS   CONFIG         
                config                             2007     2007        2         4

        CLASS   IDLOC          
                idloc                              2000     2000        4         5

        CLASS   EEDATA         

        CLASS   STACK          



SEGMENTS        Name                           Load    Length   Top    Selector   Space  Class     Delta

                reset_vec                      000000  000003  000003         0       0  CODE        2
                intentry                       000004  000046  00004A         8       0  CODE        2
                cstackBANK0                    000020  000003  000023        20       1  BANK0       1
                cstackCOMMON                   000070  000009  000079        70       1  COMMON      1
                strings                        00004A  00002D  000077        94       0  STRING      2
                text6                          000077  0000BA  000131        EE       0  CODE        2


UNUSED ADDRESS RANGES

        Name                Unused          Largest block    Delta
        BANK0            0023-006F             4D           1
        BANK1            00A0-00EF             50           1
        BANK2            0110-016F             60           1
        BANK3            0190-01EF             60           1
        CODE             0003-0003              1           2
                         0131-1FFF            800
        COMMON           0079-007D              5           1
        CONST            0003-0003              1           2
                         0131-1FFF            100
        EEDATA           2100-21FF            100           2
        ENTRY            0003-0003              1           2
                         0131-1FFF            100
        RAM              0023-006F             4D           1
                         00A0-00EF             50
                         0110-016F             60
                         0190-01EF             60
        SFR0             0000-001F             20           1
        SFR1             0080-009F             20           1
        SFR2             0100-010F             10           1
        SFR3             0180-018F             10           1
        STRCODE          0003-0003              1           2
                         0131-1FFF           1ECF
        STRING           0003-0003              1           2
                         0131-1FFF            100

                                  Symbol Table

UART_send_char@bt           cstackBANK0  0020
UART_send_string@st_pt      cstackBANK0  0022
_ANSEL                      (abs)        0188
_ANSELH                     (abs)        0189
_BRG16                      (abs)        0C3B
_BRGH                       (abs)        04C2
_CREN                       (abs)        00C4
_GIE                        (abs)        005F
_ISR                        text6        0077
_PEIE                       (abs)        005E
_RA3                        (abs)        002B
_RA4                        (abs)        002C
_RCIE                       (abs)        0465
_RCIF                       (abs)        0065
_RCREG                      (abs)        001A
_RD0                        (abs)        0040
_RX9                        (abs)        00C6
_RX_Init                    text3        00FB
_SPBRG                      (abs)        0099
_SPBRGH                     (abs)        009A
_SPEN                       (abs)        00C7
_SYNC                       (abs)        04C4
_TRISA                      (abs)        0085
_TRISC6                     (abs)        043E
_TRISC7                     (abs)        043F
_TRISD                      (abs)        0088
_TX9                        (abs)        04C6
_TXEN                       (abs)        04C5
_TXIF                       (abs)        0064
_TXREG                      (abs)        0019
_TX_Init                    text2        00E6
_UART_send_char             text5        011D
_UART_send_string           text4        00A4
__Habs1                     abs1         0000
__Hbank0                    bank0        0000
__Hbank1                    bank1        0000
__Hbank2                    bank2        0000
__Hbank3                    bank3        0000
__HbssCOMMON                bssCOMMON    0000
__Hcinit                    cinit        0018
__Hclrtext                  clrtext      0000
__Hcode                     code         0000
__Hcommon                   common       0000
__Hconfig                   config       2009
__HcstackBANK0              cstackBANK0  0000
__HcstackCOMMON             cstackCOMMON 0000
__Heeprom_data              eeprom_data  0000
__Hend_init                 end_init     0013
__Hfunctab                  functab      0000
__Hidloc                    idloc        2004
__Hinit                     init         0010
__Hintentry                 intentry     0010
__Hmaintext                 maintext     0000
__Hpowerup                  powerup      0000
__Hram                      ram          0000
__Hreset_vec                reset_vec    0003
__Hsfr0                     sfr0         0000
__Hsfr1                     sfr1         0000
__Hsfr2                     sfr2         0000
__Hsfr3                     sfr3         0000
__Hspace_0                  (abs)        0131
__Hspace_1                  (abs)        0079
__Hspace_2                  (abs)        0000
__Hspace_3                  (abs)        0000
__Hspace_4                  (abs)        4010
__Hstack                    stack        0000
__Hstrings                  strings      0000
__Htext                     text         0000
__Labs1                     abs1         0000
__Lbank0                    bank0        0000
__Lbank1                    bank1        0000
__Lbank2                    bank2        0000
__Lbank3                    bank3        0000
__LbssCOMMON                bssCOMMON    0000
__Lcinit                    cinit        0013
__Lclrtext                  clrtext      0000
__Lcode                     code         0000
__Lcommon                   common       0000
__Lconfig                   config       0000
__LcstackBANK0              cstackBANK0  0000
__LcstackCOMMON             cstackCOMMON 0000
__Leeprom_data              eeprom_data  0000
__Lend_init                 end_init     0010
__Lfunctab                  functab      0000
__Lidloc                    idloc        0000
__Linit                     init         0010
__Lintentry                 intentry     0004
__Lmaintext                 maintext     0000
__Lpowerup                  powerup      0000
__Lram                      ram          0000
__Lreset_vec                reset_vec    0000
__Lsfr0                     sfr0         0000
__Lsfr1                     sfr1         0000
__Lsfr2                     sfr2         0000
__Lsfr3                     sfr3         0000
__Lspace_0                  (abs)        0000
__Lspace_1                  (abs)        0000
__Lspace_2                  (abs)        0000
__Lspace_3                  (abs)        0000
__Lspace_4                  (abs)        0000
__Lstack                    stack        0000
__Lstrings                  strings      0000
__Ltext                     text         0000
__S0                        (abs)        0131
__S1                        (abs)        0079
__S3                        (abs)        0000
___int_sp                   stack        0000
___latbits                  (abs)        0002
___sp                       stack        0000
___stackhi                  (abs)        0000
___stacklo                  (abs)        0000
__end_of_ISR                text6        00A4
__end_of_RX_Init            text3        010E
__end_of_TX_Init            text2        00FB
__end_of_UART_send_char     text5        0127
__end_of_UART_send_string   text4        00C7
__end_of__initialization    cinit        0014
__end_of__stringtab         strings      0050
__end_of_config             text1        004A
__end_of_main               maintext     011D
__end_ofi1_UART_send_char   text8        0131
__end_ofi1_UART_send_string text7        00E6
__initialization            cinit        0013
__pbssCOMMON                bssCOMMON    0078
__pcstackBANK0              cstackBANK0  0020
__pcstackCOMMON             cstackCOMMON 0070
__pintentry                 intentry     0004
__pmaintext                 maintext     010E
__pstrings                  strings      004A
__ptext1                    text1        0018
__ptext2                    text2        00E6
__ptext3                    text3        00FB
__ptext4                    text4        00A4
__ptext5                    text5        011D
__ptext6                    text6        0077
__ptext7                    text7        00C7
__ptext8                    text8        0127
__stringbase                strings      004F
__stringtab                 strings      004A
_config                     text1        0018
_main                       maintext     010E
_rxdata                     bssCOMMON    0078
btemp                       (abs)        007E
end_of_initialization       cinit        0014
i1UART_send_char@bt         cstackCOMMON 0070
i1UART_send_string@st_pt    cstackCOMMON 0072
i1_UART_send_char           text8        0127
i1_UART_send_string         text7        00C7
interrupt_function          intentry     0004
intlevel0                   functab      0000
intlevel1                   functab      0000
intlevel2                   functab      0000
intlevel3                   functab      0000
intlevel4                   functab      0000
intlevel5                   functab      0000
reset_vec                   reset_vec    0000
saved_w                     (abs)        007E
start                       init         0010
start_initialization        cinit        0013
wtemp0                      (abs)        007E


MODULE INFORMATION

Module		Function		Class		Link	Load	Size
newmain.c
		_RX_Init       		CODE           	00FB	0000	19
		_TX_Init       		CODE           	00E6	0000	21
		_ISR           		CODE           	0077	0000	45
		_main          		CODE           	010E	0000	15
		_config        		CODE           	0018	0000	50
		_UART_send_string		CODE           	00A4	0000	35
		_UART_send_char		CODE           	011D	0000	10

newmain.c estimated size: 195

shared
		__stringtab    		STRING         	004A	0000	6
		i1_UART_send_char		CODE           	0127	0000	10
		__initialization		CODE           	0013	0000	1
		i1_UART_send_string		CODE           	00C7	0000	31

shared estimated size: 48

