Microchip MPLAB XC8 Compiler V2.36

Linker command line:

-W-3 --edf=C:\Program Files\Microchip\xc8\v2.36\pic\dat\en_msgs.txt -cn \
  -h+dist/default/production\FINAL.X.production.sym \
  --cmf=dist/default/production\FINAL.X.production.cmf -z -Q16F877A \
  -oC:\Users\tramt\AppData\Local\Temp\xcAsgko.4 --defsym=__MPLAB_BUILD=1 \
  -Mdist/default/production/FINAL.X.production.map \
  --md=C:\Users\tramt\AppData\Local\Temp\xcAsgko.dat -E1 -ver=XC8 Compiler \
  --acfsm=1493 -ACODE=00h-07FFhx4 -ASTRCODE=00h-01FFFh -ASTRING=00h-0FFhx32 \
  -ACONST=00h-0FFhx32 -AENTRY=00h-0FFhx32 -ACOMMON=070h-07Fh \
  -ABANK0=020h-06Fh -ABANK1=0A0h-0EFh -ABANK2=0110h-016Fh \
  -ABANK3=0190h-01EFh -ARAM=020h-06Fh,0A0h-0EFh,0110h-016Fh,0190h-01EFh \
  -AABS1=020h-07Fh,0A0h-0EFh,0110h-016Fh,0190h-01EFh -ASFR0=00h-01Fh \
  -ASFR1=080h-09Fh -ASFR2=0100h-010Fh -ASFR3=0180h-018Fh \
  -ACONFIG=02007h-02007h -DCONFIG=2 -AIDLOC=02000h-02003h -DIDLOC=2 \
  -AEEDATA=00h-0FFh/02100h -peeprom_data=EEDATA -DEEDATA=2 -DCODE=2 \
  -DSTRCODE=2 -DSTRING=2 -DCONST=2 -DENTRY=2 \
  -preset_vec=00h,intentry,init,end_init -ppowerup=CODE -pcinit=CODE \
  -pfunctab=ENTRY -k C:\Users\tramt\AppData\Local\Temp\xcAsgko.o \
  dist/default/production\FINAL.X.production.o 

Object code version is 3.11

Machine type is 16F877A



                Name                               Link     Load   Length Selector   Space Scale
C:\Users\tramt\AppData\Local\Temp\xcAsgko.o
                end_init                              0        0        3        0       0
                config                             2007     2007        1        0       4
                idloc                              2000     2000        4        0       5
dist/default/production\FINAL.X.production.o
                cinit                               7F2      7F2        E      FE4       0
                config                             2007     2007        1        0       4
                idloc                              2000     2000        4        0       5
                text11                              4EE      4EE        C      9DC       0
                text10                              526      526       18      A4C       0
                text9                               508      508        F      A10       0
                text8                               517      517        F      A2E       0
                text7                               4FA      4FA        E      9F4       0
                text6                               5B8      5B8       44      B70       0
                text5                               53E      53E       21      A7C       0
                text4                               55F      55F       21      ABE       0
                text3                               5FC      5FC       73      BF8       0
                text2                               66F      66F       77      CDE       0
                text1                               580      580       38      B00       0
                maintext                            6E6      6E6      10C      DCC       0
                cstackCOMMON                         70       70        D       70       1
                clrtext                             4E6      4E6        8      9CC       0
                bssBANK0                             20       20       10       20       1
                bssCOMMON                            7D       7D        1       70       1

TOTAL           Name                               Link     Load   Length     Space
        CLASS   CODE           
                end_init                              0        0        3         0
                cinit                               7F2      7F2        E         0
                text11                              4EE      4EE        C         0
                text10                              526      526       18         0
                text9                               508      508        F         0
                text8                               517      517        F         0
                text7                               4FA      4FA        E         0
                text6                               5B8      5B8       44         0
                text5                               53E      53E       21         0
                text4                               55F      55F       21         0
                text3                               5FC      5FC       73         0
                text2                               66F      66F       77         0
                text1                               580      580       38         0
                maintext                            6E6      6E6      10C         0
                clrtext                             4E6      4E6        8         0

        CLASS   STRCODE        

        CLASS   STRING         

        CLASS   CONST          

        CLASS   ENTRY          

        CLASS   COMMON         
                cstackCOMMON                         70       70        D         1
                bssCOMMON                            7D       7D        1         1

        CLASS   BANK0          
                bssBANK0                             20       20       10         1

        CLASS   BANK1          

        CLASS   BANK2          

        CLASS   BANK3          

        CLASS   RAM            

        CLASS   ABS1           
                abs_s1                               7E       7E        2         1

        CLASS   SFR0           

        CLASS   SFR1           

        CLASS   SFR2           

        CLASS   SFR3           

        CLASS   CONFIG         
                config                             2007     2007        1         4

        CLASS   IDLOC          
                idloc                              2000     2000        4         5

        CLASS   EEDATA         

        CLASS   STACK          



SEGMENTS        Name                           Load    Length   Top    Selector   Space  Class     Delta

                reset_vec                      000000  000003  000003         0       0  CODE        2
                bssBANK0                       000020  000010  000030        20       1  BANK0       1
                cstackCOMMON                   000070  00000E  00007E        70       1  COMMON      1
                clrtext                        0004E6  000008  0004EE       9CC       0  CODE        2
                text11                         0004EE  00000C  0004FA       9DC       0  CODE        2
                text7                          0004FA  00000E  000508       9F4       0  CODE        2
                text9                          000508  00000F  000517       A10       0  CODE        2
                text8                          000517  00000F  000526       A2E       0  CODE        2
                text10                         000526  000018  00053E       A4C       0  CODE        2
                text5                          00053E  000021  00055F       A7C       0  CODE        2
                text4                          00055F  000021  000580       ABE       0  CODE        2
                text1                          000580  000038  0005B8       B00       0  CODE        2
                text6                          0005B8  000044  0005FC       B70       0  CODE        2
                text3                          0005FC  000073  00066F       BF8       0  CODE        2
                text2                          00066F  000077  0006E6       CDE       0  CODE        2
                maintext                       0006E6  00010C  0007F2       DCC       0  CODE        2
                cinit                          0007F2  00000E  000800       FE4       0  CODE        2


UNUSED ADDRESS RANGES

        Name                Unused          Largest block    Delta
        BANK0            0030-006F             40           1
        BANK1            00A0-00EF             50           1
        BANK2            0110-016F             60           1
        BANK3            0190-01EF             60           1
        CODE             0003-04E5            4E3           2
                         0800-1FFF            800
        CONST            0003-04E5            100           2
                         0800-1FFF            100
        EEDATA           2100-21FF            100           2
        ENTRY            0003-04E5            100           2
                         0800-1FFF            100
        RAM              0030-006F             40           1
                         00A0-00EF             50
                         0110-016F             60
                         0190-01EF             60
        SFR0             0000-001F             20           1
        SFR1             0080-009F             20           1
        SFR2             0100-010F             10           1
        SFR3             0180-018F             10           1
        STRCODE          0003-04E5            4E3           2
                         0800-1FFF           1800
        STRING           0003-04E5            100           2
                         0800-1FFF            100

                                  Symbol Table

?___lwdiv                cstackCOMMON 0070
?_get_val                cstackCOMMON 0070
PWM1_Set_Duty@DC         cstackCOMMON 0070
PWM2_Set_Duty@DC         cstackCOMMON 0070
_BRGH                    (abs)        04C2
_CCP1M2                  (abs)        00BA
_CCP1M3                  (abs)        00BB
_CCP1X                   (abs)        00BD
_CCP1Y                   (abs)        00BC
_CCP2M2                  (abs)        00EA
_CCP2M3                  (abs)        00EB
_CCP2X                   (abs)        00ED
_CCP2Y                   (abs)        00EC
_CCPR1L                  (abs)        0015
_CCPR2L                  (abs)        001B
_CREN                    (abs)        00C4
_Config                  text11       04EE
_Initialize_UART         text10       0526
_OERR                    (abs)        00C1
_PORTBbits               (abs)        0006
_PORTCbits               (abs)        0007
_PORTD                   (abs)        0008
_PR2                     (abs)        0092
_PWM1_Init               text9        0508
_PWM1_Set_Duty           text5        053E
_PWM2_Init               text8        0517
_PWM2_Set_Duty           text4        055F
_RA3                     (abs)        002B
_RA4                     (abs)        002C
_RA5                     (abs)        002D
_RC3                     (abs)        003B
_RCIF                    (abs)        0065
_RCREG                   (abs)        001A
_RX9                     (abs)        00C6
_SPBRG                   (abs)        0099
_SPEN                    (abs)        00C7
_SYNC                    (abs)        04C4
_T1CONbits               (abs)        0010
_T2CKPS0                 (abs)        0090
_T2CKPS1                 (abs)        0091
_TMR1H                   (abs)        000F
_TMR1L                   (abs)        000E
_TMR1ON                  (abs)        0080
_TMR2ON                  (abs)        0092
_TRISA                   (abs)        0085
_TRISB                   (abs)        0086
_TRISC                   (abs)        0087
_TRISC1                  (abs)        0439
_TRISC2                  (abs)        043A
_TRISC6                  (abs)        043E
_TRISC7                  (abs)        043F
_TRISD                   (abs)        0088
_TX9                     (abs)        04C6
_TXEN                    (abs)        04C5
_TXIF                    (abs)        0064
_TXREG                   (abs)        0019
_UART_get_char           text7        04FA
__Habs1                  abs1         0000
__Hbank0                 bank0        0000
__Hbank1                 bank1        0000
__Hbank2                 bank2        0000
__Hbank3                 bank3        0000
__HbssBANK0              bssBANK0     0000
__HbssCOMMON             bssCOMMON    0000
__Hcinit                 cinit        0800
__Hclrtext               clrtext      0000
__Hcode                  code         0000
__Hcommon                common       0000
__Hconfig                config       2008
__HcstackCOMMON          cstackCOMMON 0000
__Heeprom_data           eeprom_data  0000
__Hend_init              end_init     0003
__Hfunctab               functab      0000
__Hidloc                 idloc        2004
__Hinit                  init         0000
__Hintentry              intentry     0000
__Hmaintext              maintext     0000
__Hpowerup               powerup      0000
__Hram                   ram          0000
__Hreset_vec             reset_vec    0000
__Hsfr0                  sfr0         0000
__Hsfr1                  sfr1         0000
__Hsfr2                  sfr2         0000
__Hsfr3                  sfr3         0000
__Hspace_0               (abs)        0800
__Hspace_1               (abs)        007E
__Hspace_2               (abs)        0000
__Hspace_3               (abs)        0000
__Hspace_4               (abs)        400F
__Hstack                 stack        0000
__Hstrings               strings      0000
__Htext                  text         0000
__Labs1                  abs1         0000
__Lbank0                 bank0        0000
__Lbank1                 bank1        0000
__Lbank2                 bank2        0000
__Lbank3                 bank3        0000
__LbssBANK0              bssBANK0     0000
__LbssCOMMON             bssCOMMON    0000
__Lcinit                 cinit        07F2
__Lclrtext               clrtext      0000
__Lcode                  code         0000
__Lcommon                common       0000
__Lconfig                config       0000
__LcstackCOMMON          cstackCOMMON 0000
__Leeprom_data           eeprom_data  0000
__Lend_init              end_init     0000
__Lfunctab               functab      0000
__Lidloc                 idloc        0000
__Linit                  init         0000
__Lintentry              intentry     0000
__Lmaintext              maintext     0000
__Lpowerup               powerup      0000
__Lram                   ram          0000
__Lreset_vec             reset_vec    0000
__Lsfr0                  sfr0         0000
__Lsfr1                  sfr1         0000
__Lsfr2                  sfr2         0000
__Lsfr3                  sfr3         0000
__Lspace_0               (abs)        0000
__Lspace_1               (abs)        0000
__Lspace_2               (abs)        0000
__Lspace_3               (abs)        0000
__Lspace_4               (abs)        0000
__Lstack                 stack        0000
__Lstrings               strings      0000
__Ltext                  text         0000
__S0                     (abs)        0800
__S1                     (abs)        007E
__S3                     (abs)        0000
___int_sp                stack        0000
___latbits               (abs)        0002
___lwdiv                 text6        05B8
___lwdiv@counter         cstackCOMMON 0077
___lwdiv@dividend        cstackCOMMON 0072
___lwdiv@divisor         cstackCOMMON 0070
___lwdiv@quotient        cstackCOMMON 0075
___sp                    stack        0000
___stackhi               (abs)        0000
___stacklo               (abs)        0000
__end_of_Config          text11       04FA
__end_of_Initialize_UART text10       053E
__end_of_PWM1_Init       text9        0517
__end_of_PWM1_Set_Duty   text5        055F
__end_of_PWM2_Init       text8        0526
__end_of_PWM2_Set_Duty   text4        0580
__end_of_UART_get_char   text7        0508
__end_of___lwdiv         text6        05FC
__end_of__initialization cinit        07FC
__end_of_car             text3        066F
__end_of_control_car     text2        06E6
__end_of_get_val         text1        05B8
__end_of_main            maintext     07F2
__initialization         cinit        07F2
__pbssBANK0              bssBANK0     0020
__pbssCOMMON             bssCOMMON    007D
__pcstackCOMMON          cstackCOMMON 0070
__pmaintext              maintext     06E6
__ptext1                 text1        0580
__ptext10                text10       0526
__ptext11                text11       04EE
__ptext2                 text2        066F
__ptext3                 text3        05FC
__ptext4                 text4        055F
__ptext5                 text5        053E
__ptext6                 text6        05B8
__ptext7                 text7        04FA
__ptext8                 text8        0517
__ptext9                 text9        0508
_car                     text3        05FC
_control_car             text2        066F
_flag                    bssCOMMON    007D
_flag2                   bssBANK0     002F
_get_val                 text1        0580
_get_value               bssBANK0     002E
_main                    maintext     06E6
_u16distance             bssBANK0     002A
_u16time                 bssBANK0     002C
btemp                    (abs)        007E
car@mode                 cstackCOMMON 0074
clear_ram0               clrtext      04E6
control_car@character    cstackCOMMON 0078
end_of_initialization    cinit        07FC
intlevel0                functab      0000
intlevel1                functab      0000
intlevel2                functab      0000
intlevel3                functab      0000
intlevel4                functab      0000
intlevel5                functab      0000
main@temp                cstackCOMMON 007C
reset_vec                reset_vec    0000
start                    init         0000
start_initialization     cinit        07F2
wtemp0                   (abs)        007E


MODULE INFORMATION

Module		Function		Class		Link	Load	Size
newmain.c
		_car           		CODE           	05FC	0000	115
		_Config        		CODE           	04EE	0000	12
		_main          		CODE           	06E6	0000	268
		_control_car   		CODE           	066F	0000	119
		_PWM1_Init     		CODE           	0508	0000	15
		_get_val       		CODE           	0580	0000	56
		_UART_get_char 		CODE           	04FA	0000	14
		_PWM2_Init     		CODE           	0517	0000	15
		_PWM1_Set_Duty 		CODE           	053E	0000	33
		_Initialize_UART		CODE           	0526	0000	24
		_PWM2_Set_Duty 		CODE           	055F	0000	33

newmain.c estimated size: 704

C:\Program Files\Microchip\xc8\v2.36\pic\sources\c90\common\lwdiv.c
		___lwdiv       		CODE           	05B8	0000	68

C:\Program Files\Microchip\xc8\v2.36\pic\sources\c90\common\lwdiv.c estimated size: 68

shared
		__initialization		CODE           	07F2	0000	10

shared estimated size: 10

