Microchip MPLAB XC8 Compiler V2.36

Linker command line:

-W-3 --edf=C:\Program Files\Microchip\xc8\v2.36\pic\dat\en_msgs.txt -cn \
  -h+dist/default/production\pmw3.X.production.sym \
  --cmf=dist/default/production\pmw3.X.production.cmf -z -Q16F877A \
  -oC:\Users\tramt\AppData\Local\Temp\xcAsggc.4 --defsym=__MPLAB_BUILD=1 \
  -Mdist/default/production/pmw3.X.production.map \
  --md=C:\Users\tramt\AppData\Local\Temp\xcAsggc.dat -E1 -ver=XC8 Compiler \
  --acfsm=1493 -ACODE=00h-07FFhx4 -ASTRCODE=00h-01FFFh -ASTRING=00h-0FFhx32 \
  -ACONST=00h-0FFhx32 -AENTRY=00h-0FFhx32 -ACOMMON=070h-07Fh \
  -ABANK0=020h-06Fh -ABANK1=0A0h-0EFh -ABANK2=0110h-016Fh \
  -ABANK3=0190h-01EFh -ARAM=020h-06Fh,0A0h-0EFh,0110h-016Fh,0190h-01EFh \
  -AABS1=020h-07Fh,0A0h-0EFh,0110h-016Fh,0190h-01EFh -ASFR0=00h-01Fh \
  -ASFR1=080h-09Fh -ASFR2=0100h-010Fh -ASFR3=0180h-018Fh \
  -ACONFIG=02007h-02007h -DCONFIG=2 -AIDLOC=02000h-02003h -DIDLOC=2 \
  -AEEDATA=00h-0FFh/02100h -peeprom_data=EEDATA -DEEDATA=2 -DCODE=2 \
  -DSTRCODE=2 -DSTRING=2 -DCONST=2 -DENTRY=2 \
  -preset_vec=00h,intentry,init,end_init -ppowerup=CODE -pcinit=CODE \
  -pfunctab=ENTRY -k C:\Users\tramt\AppData\Local\Temp\xcAsggc.o \
  dist/default/production\pmw3.X.production.o 

Object code version is 3.11

Machine type is 16F877A



                Name                               Link     Load   Length Selector   Space Scale
C:\Users\tramt\AppData\Local\Temp\xcAsggc.o
                end_init                              0        0        3        0       0
                config                             2007     2007        1        0       4
                idloc                              2000     2000        4        0       5
dist/default/production\pmw3.X.production.o
                cinit                               7F3      7F3        D      FE6       0
                config                             2007     2007        1        0       4
                idloc                              2000     2000        4        0       5
                text22                              B13      B13       3E     1626       0
                text21                              945      945        D     128A       0
                text20                              98A      98A       23     1314       0
                text19                              A7A      A7A       2F     14F4       0
                text18                              AA9      AA9       30     1552       0
                text17                              952      952        F     12A4       0
                text16                              970      970       1A     12E0       0
                text15                              A4C      A4C       2E     1498       0
                text14                              9F9      9F9       28     13F2       0
                text13                              A21      A21       2B     1442       0
                text12                                4        4       21        8       0
                text11                              9AD      9AD       25     135A       0
                text10                              202      202      290      404       0
                text9                                25       25      1DD       4A       0
                text8                               9D2      9D2       27     13A4       0
                text7                               492      492      361      924       0
                text6                               B95      B95       9C     172A       0
                text5                               C31      C31       BC     1862       0
                text4                               961      961        F     12C2       0
                text3                               B51      B51       44     16A2       0
                text2                               AD9      AD9       3A     15B2       0
                text1                               CED      CED       CD     19DA       0
                maintext                            DBA      DBA      246     1B74       0
                cstackBANK0                          20       20       50       20       1
                cstackCOMMON                         70       70        E       70       1
                cstackBANK1                          CE       CE       11       A0       1
                clrtext                             93D      93D        8     127A       0
                bssBANK1                             A0       A0       2E       A0       1
                strings                             800      800       4A     1000       0

TOTAL           Name                               Link     Load   Length     Space
        CLASS   CODE           
                end_init                              0        0        3         0
                cinit                               7F3      7F3        D         0
                text22                              B13      B13       3E         0
                text21                              945      945        D         0
                text20                              98A      98A       23         0
                text19                              A7A      A7A       2F         0
                text18                              AA9      AA9       30         0
                text17                              952      952        F         0
                text16                              970      970       1A         0
                text15                              A4C      A4C       2E         0
                text14                              9F9      9F9       28         0
                text13                              A21      A21       2B         0
                text12                                4        4       21         0
                text11                              9AD      9AD       25         0
                text10                              202      202      290         0
                text9                                25       25      1DD         0
                text8                               9D2      9D2       27         0
                text7                               492      492      361         0
                text6                               B95      B95       9C         0
                text5                               C31      C31       BC         0
                text4                               961      961        F         0
                text3                               B51      B51       44         0
                text2                               AD9      AD9       3A         0
                text1                               CED      CED       CD         0
                maintext                            DBA      DBA      246         0
                clrtext                             93D      93D        8         0

        CLASS   STRCODE        

        CLASS   STRING         
                strings                             800      800       4A         0

        CLASS   CONST          

        CLASS   ENTRY          

        CLASS   COMMON         
                cstackCOMMON                         70       70        E         1

        CLASS   BANK0          
                cstackBANK0                          20       20       50         1

        CLASS   BANK1          
                cstackBANK1                          CE       CE       11         1
                bssBANK1                             A0       A0       2E         1

        CLASS   BANK2          

        CLASS   BANK3          

        CLASS   RAM            

        CLASS   ABS1           
                abs_s1                               7E       7E        2         1

        CLASS   SFR0           

        CLASS   SFR1           

        CLASS   SFR2           

        CLASS   SFR3           

        CLASS   CONFIG         
                config                             2007     2007        1         4

        CLASS   IDLOC          
                idloc                              2000     2000        4         5

        CLASS   EEDATA         

        CLASS   STACK          



SEGMENTS        Name                           Load    Length   Top    Selector   Space  Class     Delta

                reset_vec                      000000  000003  000003         0       0  CODE        2
                text12                         000004  000021  000025         8       0  CODE        2
                cstackBANK0                    000020  000050  000070        20       1  BANK0       1
                text9                          000025  0001DD  000202        4A       0  CODE        2
                cstackCOMMON                   000070  00000E  00007E        70       1  COMMON      1
                bssBANK1                       0000A0  00003F  0000DF        A0       1  BANK1       1
                text10                         000202  000290  000492       404       0  CODE        2
                text7                          000492  000361  0007F3       924       0  CODE        2
                cinit                          0007F3  00000D  000800       FE6       0  CODE        2
                strings                        000800  00004A  00084A      1000       0  STRING      2
                clrtext                        00093D  000008  000945      127A       0  CODE        2
                text21                         000945  00000D  000952      128A       0  CODE        2
                text17                         000952  00000F  000961      12A4       0  CODE        2
                text4                          000961  00000F  000970      12C2       0  CODE        2
                text16                         000970  00001A  00098A      12E0       0  CODE        2
                text20                         00098A  000023  0009AD      1314       0  CODE        2
                text11                         0009AD  000025  0009D2      135A       0  CODE        2
                text8                          0009D2  000027  0009F9      13A4       0  CODE        2
                text14                         0009F9  000028  000A21      13F2       0  CODE        2
                text13                         000A21  00002B  000A4C      1442       0  CODE        2
                text15                         000A4C  00002E  000A7A      1498       0  CODE        2
                text19                         000A7A  00002F  000AA9      14F4       0  CODE        2
                text18                         000AA9  000030  000AD9      1552       0  CODE        2
                text2                          000AD9  00003A  000B13      15B2       0  CODE        2
                text22                         000B13  00003E  000B51      1626       0  CODE        2
                text3                          000B51  000044  000B95      16A2       0  CODE        2
                text6                          000B95  00009C  000C31      172A       0  CODE        2
                text5                          000C31  0000BC  000CED      1862       0  CODE        2
                text1                          000CED  0000CD  000DBA      19DA       0  CODE        2
                maintext                       000DBA  000246  001000      1B74       0  CODE        2


UNUSED ADDRESS RANGES

        Name                Unused          Largest block    Delta
        BANK1            00DF-00EF             11           1
        BANK2            0110-016F             60           1
        BANK3            0190-01EF             60           1
        CODE             0003-0003              1           2
                         084A-093C             F3
                         1000-1FFF            800
        CONST            0003-0003              1           2
                         084A-093C             B6
                         1000-1FFF            100
        EEDATA           2100-21FF            100           2
        ENTRY            0003-0003              1           2
                         084A-093C             B6
                         1000-1FFF            100
        RAM              00DF-00EF             11           1
                         0110-016F             60
                         0190-01EF             60
        SFR0             0000-001F             20           1
        SFR1             0080-009F             20           1
        SFR2             0100-010F             10           1
        SFR3             0180-018F             10           1
        STRCODE          0003-0003              1           2
                         084A-093C             F3
                         1000-1FFF           1000
        STRING           0003-0003              1           2
                         084A-093C             B6
                         1000-1FFF            100

                                  Symbol Table

?__Umul8_16              cstackCOMMON 0070
?___fladd                cstackBANK0  005A
?___fldiv                cstackBANK0  0040
?___flmul                cstackBANK0  0026
?___fltol                cstackBANK0  006A
?___lwdiv                cstackCOMMON 0070
?___lwmod                cstackCOMMON 0078
?___xxtofl               cstackCOMMON 0072
?_get_val                cstackCOMMON 0070
?_sprintf                cstackBANK0  0020
CW_CCW@flag              cstackCOMMON 0072
CW_CCW@flag1             cstackCOMMON 0073
Config@flag1             cstackCOMMON 0079
LCDGoto@ln               cstackCOMMON 0077
LCDGoto@pos              cstackCOMMON 007C
LCDPutChar@ch            cstackCOMMON 0076
LCDPutCmd@ch             cstackCOMMON 0076
LCDPutStr@i              cstackCOMMON 007A
LCDPutStr@str            cstackCOMMON 0077
LCDWriteNibble@ch        cstackCOMMON 0073
LCDWriteNibble@rs        cstackCOMMON 0070
PWM_Set_Duty@DC          cstackCOMMON 0070
Start_Stop@flag2         cstackCOMMON 0072
_ADCON0                  (abs)        001F
_ADCON0bits              (abs)        001F
_ADCON1                  (abs)        009F
_ADC_Init                text21       0945
_ADRESH                  (abs)        001E
_ADRESL                  (abs)        009E
_CCP1M2                  (abs)        00BA
_CCP1M3                  (abs)        00BB
_CCP1X                   (abs)        00BD
_CCP1Y                   (abs)        00BC
_CCPR1L                  (abs)        0015
_CW_CCW                  text22       0B13
_Config                  text16       0970
_LCDGoto                 text15       0A4C
_LCDGoto$286             cstackCOMMON 007A
_LCDPutChar              text14       09F9
_LCDPutCmd               text19       0A7A
_LCDPutStr               text13       0A21
_LCDWriteNibble          text20       098A
_LCD_Initialize          text18       0AA9
_PORTBbits               (abs)        0006
_PORTCbits               (abs)        0007
_PORTD                   (abs)        0008
_PORTDbits               (abs)        0008
_PR2                     (abs)        0092
_PWM_Init                text17       0952
_PWM_Set_Duty            text12       0004
_Start_Stop              text11       09AD
_T2CKPS0                 (abs)        0090
_T2CKPS1                 (abs)        0091
_TMR2ON                  (abs)        0092
_TRISAbits               (abs)        0085
_TRISB                   (abs)        0086
_TRISC                   (abs)        0087
_TRISC2                  (abs)        043A
_TRISD                   (abs)        0088
__Habs1                  abs1         0000
__Hbank0                 bank0        0000
__Hbank1                 bank1        0000
__Hbank2                 bank2        0000
__Hbank3                 bank3        0000
__HbssBANK1              bssBANK1     0000
__Hcinit                 cinit        0800
__Hclrtext               clrtext      0000
__Hcode                  code         0000
__Hcommon                common       0000
__Hconfig                config       2008
__HcstackBANK0           cstackBANK0  0000
__HcstackBANK1           cstackBANK1  0000
__HcstackCOMMON          cstackCOMMON 0000
__Heeprom_data           eeprom_data  0000
__Hend_init              end_init     0003
__Hfunctab               functab      0000
__Hidloc                 idloc        2004
__Hinit                  init         0000
__Hintentry              intentry     0000
__Hmaintext              maintext     0000
__Hpowerup               powerup      0000
__Hram                   ram          0000
__Hreset_vec             reset_vec    0000
__Hsfr0                  sfr0         0000
__Hsfr1                  sfr1         0000
__Hsfr2                  sfr2         0000
__Hsfr3                  sfr3         0000
__Hspace_0               (abs)        1000
__Hspace_1               (abs)        00DF
__Hspace_2               (abs)        0000
__Hspace_3               (abs)        0000
__Hspace_4               (abs)        400F
__Hstack                 stack        0000
__Hstrings               strings      0000
__Htext                  text         0000
__Labs1                  abs1         0000
__Lbank0                 bank0        0000
__Lbank1                 bank1        0000
__Lbank2                 bank2        0000
__Lbank3                 bank3        0000
__LbssBANK1              bssBANK1     0000
__Lcinit                 cinit        07F3
__Lclrtext               clrtext      0000
__Lcode                  code         0000
__Lcommon                common       0000
__Lconfig                config       0000
__LcstackBANK0           cstackBANK0  0000
__LcstackBANK1           cstackBANK1  0000
__LcstackCOMMON          cstackCOMMON 0000
__Leeprom_data           eeprom_data  0000
__Lend_init              end_init     0000
__Lfunctab               functab      0000
__Lidloc                 idloc        0000
__Linit                  init         0000
__Lintentry              intentry     0000
__Lmaintext              maintext     0000
__Lpowerup               powerup      0000
__Lram                   ram          0000
__Lreset_vec             reset_vec    0000
__Lsfr0                  sfr0         0000
__Lsfr1                  sfr1         0000
__Lsfr2                  sfr2         0000
__Lsfr3                  sfr3         0000
__Lspace_0               (abs)        0000
__Lspace_1               (abs)        0000
__Lspace_2               (abs)        0000
__Lspace_3               (abs)        0000
__Lspace_4               (abs)        0000
__Lstack                 stack        0000
__Lstrings               strings      0000
__Ltext                  text         0000
__S0                     (abs)        1000
__S1                     (abs)        00DF
__S3                     (abs)        0000
__Umul8_16               text8        09D2
__Umul8_16@multiplicand  cstackCOMMON 0070
__Umul8_16@multiplier    cstackCOMMON 0078
__Umul8_16@product       cstackCOMMON 0074
__Umul8_16@word_mpld     cstackCOMMON 0076
___fladd                 text10       0202
___fladd@a               cstackBANK0  005E
___fladd@aexp            cstackCOMMON 007B
___fladd@b               cstackBANK0  005A
___fladd@bexp            cstackCOMMON 007C
___fladd@grs             cstackCOMMON 007D
___fladd@signs           cstackCOMMON 007A
___fldiv                 text9        0025
___fldiv@a               cstackBANK0  0040
___fldiv@aexp            cstackBANK0  0059
___fldiv@b               cstackBANK0  0044
___fldiv@bexp            cstackBANK0  0058
___fldiv@grs             cstackBANK0  0054
___fldiv@new_exp         cstackBANK0  0052
___fldiv@rem             cstackBANK0  004D
___fldiv@sign            cstackBANK0  0051
___flmul                 text7        0492
___flmul@a               cstackBANK0  002A
___flmul@aexp            cstackBANK0  0038
___flmul@b               cstackBANK0  0026
___flmul@bexp            cstackBANK0  0039
___flmul@grs             cstackBANK0  0034
___flmul@prod            cstackBANK0  003A
___flmul@sign            cstackBANK0  0033
___flmul@temp            cstackBANK0  003E
___fltol                 text6        0B95
___fltol@exp1            cstackBANK0  006F
___fltol@f1              cstackBANK0  006A
___fltol@sign1           cstackBANK0  006E
___int_sp                stack        0000
___latbits               (abs)        0002
___lwdiv                 text3        0B51
___lwdiv@counter         cstackCOMMON 0077
___lwdiv@dividend        cstackCOMMON 0072
___lwdiv@divisor         cstackCOMMON 0070
___lwdiv@quotient        cstackCOMMON 0075
___lwmod                 text2        0AD9
___lwmod@counter         cstackCOMMON 007D
___lwmod@dividend        cstackCOMMON 007A
___lwmod@divisor         cstackCOMMON 0078
___sp                    stack        0000
___stackhi               (abs)        0000
___stacklo               (abs)        0000
___xxtofl                text5        0C31
___xxtofl@arg            cstackBANK0  0022
___xxtofl@exp            cstackBANK0  0021
___xxtofl@sign           cstackBANK0  0020
___xxtofl@val            cstackCOMMON 0072
__end_of_ADC_Init        text21       0952
__end_of_CW_CCW          text22       0B51
__end_of_Config          text16       098A
__end_of_LCDGoto         text15       0A7A
__end_of_LCDPutChar      text14       0A21
__end_of_LCDPutCmd       text19       0AA9
__end_of_LCDPutStr       text13       0A4C
__end_of_LCDWriteNibble  text20       09AD
__end_of_LCD_Initialize  text18       0AD9
__end_of_PWM_Init        text17       0961
__end_of_PWM_Set_Duty    text12       0025
__end_of_Start_Stop      text11       09D2
__end_of__Umul8_16       text8        09F9
__end_of___fladd         text10       0492
__end_of___fldiv         text9        0202
__end_of___flmul         text7        07F3
__end_of___fltol         text6        0C31
__end_of___lwdiv         text3        0B95
__end_of___lwmod         text2        0B13
__end_of___xxtofl        text5        0CED
__end_of__initialization cinit        07FC
__end_of__stringtab      strings      0810
__end_of_dpowers         strings      081A
__end_of_get_val         text4        0970
__end_of_main            maintext     1000
__end_of_sprintf         text1        0DBA
__initialization         cinit        07F3
__pbssBANK1              bssBANK1     00A0
__pcstackBANK0           cstackBANK0  0020
__pcstackBANK1           cstackBANK1  00CE
__pcstackCOMMON          cstackCOMMON 0070
__pmaintext              maintext     0DBA
__pstrings               strings      0800
__ptext1                 text1        0CED
__ptext10                text10       0202
__ptext11                text11       09AD
__ptext12                text12       0004
__ptext13                text13       0A21
__ptext14                text14       09F9
__ptext15                text15       0A4C
__ptext16                text16       0970
__ptext17                text17       0952
__ptext18                text18       0AA9
__ptext19                text19       0A7A
__ptext2                 text2        0AD9
__ptext20                text20       098A
__ptext21                text21       0945
__ptext22                text22       0B13
__ptext3                 text3        0B51
__ptext4                 text4        0961
__ptext5                 text5        0C31
__ptext6                 text6        0B95
__ptext7                 text7        0492
__ptext8                 text8        09D2
__ptext9                 text9        0025
__stringbase             strings      080F
__stringtab              strings      0800
_buffer                  bssBANK1     00B6
_buffer1                 bssBANK1     00A2
_dpowers                 strings      0810
_dutyCycle               bssBANK1     00A0
_flag1                   bssBANK1     00CD
_flag2                   bssBANK1     00CC
_get_val                 text4        0961
_main                    maintext     0DBA
_main$940                cstackBANK1  00DB
_main$941                cstackBANK1  00D7
_sprintf                 text1        0CED
_temp                    bssBANK1     00CA
btemp                    (abs)        007E
clear_ram0               clrtext      093D
end_of_initialization    cinit        07FC
intlevel0                functab      0000
intlevel1                functab      0000
intlevel2                functab      0000
intlevel3                functab      0000
intlevel4                functab      0000
intlevel5                functab      0000
reset_vec                reset_vec    0000
sprintf@ap               cstackBANK0  0027
sprintf@c                cstackBANK0  002C
sprintf@f                cstackBANK0  0020
sprintf@flag             cstackBANK0  0026
sprintf@prec             cstackBANK0  002A
sprintf@sp               cstackBANK0  002B
sprintf@val              cstackBANK0  0028
start                    init         0000
start_initialization     cinit        07F3
wtemp0                   (abs)        007E


MODULE INFORMATION

Module		Function		Class		Link	Load	Size
C:\Program Files\Microchip\xc8\v2.36\pic\sources\c90\common\doprnt.c
		_sprintf       		CODE           	0CED	0000	205

C:\Program Files\Microchip\xc8\v2.36\pic\sources\c90\common\doprnt.c estimated size: 205

C:\Program Files\Microchip\xc8\v2.36\pic\sources\c90\common\lwmod.c
		___lwmod       		CODE           	0AD9	0000	58

C:\Program Files\Microchip\xc8\v2.36\pic\sources\c90\common\lwmod.c estimated size: 58

newmain.c
		_Config        		CODE           	0970	0000	26
		_Start_Stop    		CODE           	09AD	0000	37
		_PWM_Set_Duty  		CODE           	0004	0000	33
		_main          		CODE           	0DBA	0000	582
		_get_val       		CODE           	0961	0000	15
		_PWM_Init      		CODE           	0952	0000	15
		_ADC_Init      		CODE           	0945	0000	13
		_CW_CCW        		CODE           	0B13	0000	62

newmain.c estimated size: 783

C:\Program Files\Microchip\xc8\v2.36\pic\sources\c90\common\lwdiv.c
		___lwdiv       		CODE           	0B51	0000	68

C:\Program Files\Microchip\xc8\v2.36\pic\sources\c90\common\lwdiv.c estimated size: 68

C:\Program Files\Microchip\xc8\v2.36\pic\sources\c90\common\sprcmul.c
		___flmul       		CODE           	0492	0000	865

C:\Program Files\Microchip\xc8\v2.36\pic\sources\c90\common\sprcmul.c estimated size: 865

C:\Program Files\Microchip\xc8\v2.36\pic\sources\c90\common\fltol.c
		___fltol       		CODE           	0B95	0000	156

C:\Program Files\Microchip\xc8\v2.36\pic\sources\c90\common\fltol.c estimated size: 156

C:\Program Files\Microchip\xc8\v2.36\pic\sources\c90\common\sprcdiv.c
		___fldiv       		CODE           	0025	0000	477

C:\Program Files\Microchip\xc8\v2.36\pic\sources\c90\common\sprcdiv.c estimated size: 477

shared
		__stringtab    		STRING         	0800	0000	16
		_dpowers       		STRING         	0810	0000	10
		__initialization		CODE           	07F3	0000	9

shared estimated size: 35

C:\Program Files\Microchip\xc8\v2.36\pic\sources\c90\common\xxtofl.c
		___xxtofl      		CODE           	0C31	0000	188

C:\Program Files\Microchip\xc8\v2.36\pic\sources\c90\common\xxtofl.c estimated size: 188

lcd.c
		_LCDPutCmd     		CODE           	0A7A	0000	47
		_LCDPutStr     		CODE           	0A21	0000	43
		_LCDPutChar    		CODE           	09F9	0000	40
		_LCD_Initialize		CODE           	0AA9	0000	48
		_LCDWriteNibble		CODE           	098A	0000	35
		_LCDGoto       		CODE           	0A4C	0000	46

lcd.c estimated size: 259

C:\Program Files\Microchip\xc8\v2.36\pic\sources\c90\common\sprcadd.c
		___fladd       		CODE           	0202	0000	656

C:\Program Files\Microchip\xc8\v2.36\pic\sources\c90\common\sprcadd.c estimated size: 656

C:\Program Files\Microchip\xc8\v2.36\pic\sources\c90\common\Umul8_16.c
		__Umul8_16     		CODE           	09D2	0000	39

C:\Program Files\Microchip\xc8\v2.36\pic\sources\c90\common\Umul8_16.c estimated size: 39

