Microchip MPLAB XC8 Compiler V2.36

Linker command line:

-W-3 --edf=C:\Program Files\Microchip\xc8\v2.36\pic\dat\en_msgs.txt -cn \
  -h+dist/default/production\lcd.X.production.sym \
  --cmf=dist/default/production\lcd.X.production.cmf -z -Q16F887 \
  -oC:\Users\tramt\AppData\Local\Temp\xcAshec.4 --defsym=__MPLAB_BUILD=1 \
  -Mdist/default/production/lcd.X.production.map \
  --md=C:\Users\tramt\AppData\Local\Temp\xcAshec.dat -E1 -ver=XC8 Compiler \
  --acfsm=1493 -ACODE=00h-07FFhx4 -ASTRCODE=00h-01FFFh -ASTRING=00h-0FFhx32 \
  -ACONST=00h-0FFhx32 -AENTRY=00h-0FFhx32 -ACOMMON=070h-07Fh \
  -ABANK0=020h-06Fh -ABANK1=0A0h-0EFh -ABANK2=0110h-016Fh \
  -ABANK3=0190h-01EFh -ARAM=020h-06Fh,0A0h-0EFh,0110h-016Fh,0190h-01EFh \
  -AABS1=020h-07Fh,0A0h-0EFh,0110h-016Fh,0190h-01EFh -ASFR0=00h-01Fh \
  -ASFR1=080h-09Fh -ASFR2=0100h-010Fh -ASFR3=0180h-018Fh \
  -ACONFIG=02007h-02008h -DCONFIG=2 -AIDLOC=02000h-02003h -DIDLOC=2 \
  -AEEDATA=00h-0FFh/02100h -peeprom_data=EEDATA -DEEDATA=2 -DCODE=2 \
  -DSTRCODE=2 -DSTRING=2 -DCONST=2 -DENTRY=2 \
  -preset_vec=00h,intentry,init,end_init -ppowerup=CODE -pcinit=CODE \
  -pfunctab=ENTRY -k C:\Users\tramt\AppData\Local\Temp\xcAshec.o \
  dist/default/production\lcd.X.production.o 

Object code version is 3.11

Machine type is 16F887



                Name                               Link     Load   Length Selector   Space Scale
C:\Users\tramt\AppData\Local\Temp\xcAshec.o
                end_init                              0        0        3        0       0
                config                             2007     2007        2        0       4
                idloc                              2000     2000        4        0       5
dist/default/production\lcd.X.production.o
                cinit                               7D8      7D8       28      FB0       0
                config                             2007     2007        2        0       4
                idloc                              2000     2000        4        0       5
                text8                               567      567       4E      ACE       0
                text7                               4DF      4DF       44      9BE       0
                text6                               430      430       35      860       0
                text5                               5B5      5B5       5F      B6A       0
                text4                               679      679       78      CF2       0
                text3                               523      523       44      A46       0
                text2                               465      465       3A      8CA       0
                text1                               6F1      6F1       E7      DE2       0
                maintext                            614      614       65      C28       0
                cstackBANK0                          39       39       11       20       1
                cstackCOMMON                         70       70        E       70       1
                clrtext                             3EE      3EE        8      7DC       0
                inittext                            3F6      3F6       13      7EC       0
                dataBANK3                           190      190       40      190       1
                dataBANK1                            A0       A0       27       A0       1
                bssBANK0                             20       20       19       20       1
                strings                               3        3       5A        6       0
                idataBANK3                          49F      49F       40      93E       0
                idataBANK1                          409      409       27      812       0

TOTAL           Name                               Link     Load   Length     Space
        CLASS   CODE           
                end_init                              0        0        3         0
                cinit                               7D8      7D8       28         0
                text8                               567      567       4E         0
                text7                               4DF      4DF       44         0
                text6                               430      430       35         0
                text5                               5B5      5B5       5F         0
                text4                               679      679       78         0
                text3                               523      523       44         0
                text2                               465      465       3A         0
                text1                               6F1      6F1       E7         0
                maintext                            614      614       65         0
                clrtext                             3EE      3EE        8         0
                inittext                            3F6      3F6       13         0
                idataBANK3                          49F      49F       40         0
                idataBANK1                          409      409       27         0

        CLASS   STRCODE        

        CLASS   STRING         
                strings                               3        3       5A         0

        CLASS   CONST          

        CLASS   ENTRY          

        CLASS   COMMON         
                cstackCOMMON                         70       70        E         1

        CLASS   BANK0          
                cstackBANK0                          39       39       11         1
                bssBANK0                             20       20       19         1

        CLASS   BANK1          
                dataBANK1                            A0       A0       27         1

        CLASS   BANK2          

        CLASS   BANK3          
                dataBANK3                           190      190       40         1

        CLASS   RAM            

        CLASS   ABS1           
                abs_s1                               7E       7E        2         1

        CLASS   SFR0           

        CLASS   SFR1           

        CLASS   SFR2           

        CLASS   SFR3           

        CLASS   CONFIG         
                config                             2007     2007        2         4

        CLASS   IDLOC          
                idloc                              2000     2000        4         5

        CLASS   EEDATA         

        CLASS   STACK          



SEGMENTS        Name                           Load    Length   Top    Selector   Space  Class     Delta

                reset_vec                      000000  000003  000003         0       0  CODE        2
                strings                        000003  00005A  00005D         6       0  STRING      2
                bssBANK0                       000020  00002A  00004A        20       1  BANK0       1
                cstackCOMMON                   000070  00000E  00007E        70       1  COMMON      1
                dataBANK1                      0000A0  000027  0000C7        A0       1  BANK1       1
                dataBANK3                      000190  000040  0001D0       190       1  BANK3       1
                clrtext                        0003EE  000008  0003F6       7DC       0  CODE        2
                inittext                       0003F6  000013  000409       7EC       0  CODE        2
                idataBANK1                     000409  000027  000430       812       0  CODE        2
                text6                          000430  000035  000465       860       0  CODE        2
                text2                          000465  00003A  00049F       8CA       0  CODE        2
                idataBANK3                     00049F  000040  0004DF       93E       0  CODE        2
                text7                          0004DF  000044  000523       9BE       0  CODE        2
                text3                          000523  000044  000567       A46       0  CODE        2
                text8                          000567  00004E  0005B5       ACE       0  CODE        2
                text5                          0005B5  00005F  000614       B6A       0  CODE        2
                maintext                       000614  000065  000679       C28       0  CODE        2
                text4                          000679  000078  0006F1       CF2       0  CODE        2
                text1                          0006F1  0000E7  0007D8       DE2       0  CODE        2
                cinit                          0007D8  000028  000800       FB0       0  CODE        2


UNUSED ADDRESS RANGES

        Name                Unused          Largest block    Delta
        BANK0            004A-006F             26           1
        BANK1            00C7-00EF             29           1
        BANK2            0110-016F             60           1
        BANK3            01D0-01EF             20           1
        CODE             005D-03ED            391           2
                         0800-1FFF            800
        CONST            005D-03ED            100           2
                         0800-1FFF            100
        EEDATA           2100-21FF            100           2
        ENTRY            005D-03ED            100           2
                         0800-1FFF            100
        RAM              004A-006F             26           1
                         00C7-00EF             29
                         0110-016F             60
                         01D0-01EF             20
        SFR0             0000-001F             20           1
        SFR1             0080-009F             20           1
        SFR2             0100-010F             10           1
        SFR3             0180-018F             10           1
        STRCODE          005D-03ED            391           2
                         0800-1FFF           1800
        STRING           005D-03ED            100           2
                         0800-1FFF            100

                                  Symbol Table

?___lwdiv                cstackCOMMON 0070
?___lwmod                cstackCOMMON 0078
?_sprintf                cstackBANK0  0039
LCDBusyLoop@busy         cstackCOMMON 0072
LCDBusyLoop@status       cstackCOMMON 0074
LCDBusyLoop@temp         cstackCOMMON 0073
LCDByte@c                cstackCOMMON 007A
LCDByte@hn               cstackCOMMON 0078
LCDByte@isdata           cstackCOMMON 0075
LCDByte@ln               cstackCOMMON 0079
LCDByte@temp             cstackCOMMON 007B
LCDGotoXY@x              cstackCOMMON 007D
LCDGotoXY@y              cstackCOMMON 007C
LCDInit@__i              cstackBANK0  003A
LCDInit@style            cstackBANK0  0039
LCDWriteString@cc        cstackBANK0  003A
LCDWriteString@msg       cstackCOMMON 007C
_LCDBusyLoop             text8        0567
_LCDByte                 text7        04DF
_LCDGotoXY               text6        0430
_LCDInit                 text5        05B5
_LCDWriteString          text4        0679
_PORTD                   (abs)        0008
_RD4                     (abs)        0044
_RD5                     (abs)        0045
_RD6                     (abs)        0046
_TRISD                   (abs)        0088
_TRISDbits               (abs)        0088
__Habs1                  abs1         0000
__Hbank0                 bank0        0000
__Hbank1                 bank1        0000
__Hbank2                 bank2        0000
__Hbank3                 bank3        0000
__HbssBANK0              bssBANK0     0000
__Hcinit                 cinit        0800
__Hclrtext               clrtext      0000
__Hcode                  code         0000
__Hcommon                common       0000
__Hconfig                config       2009
__HcstackBANK0           cstackBANK0  0000
__HcstackCOMMON          cstackCOMMON 0000
__HdataBANK1             dataBANK1    0000
__HdataBANK3             dataBANK3    0000
__Heeprom_data           eeprom_data  0000
__Hend_init              end_init     0003
__Hfunctab               functab      0000
__HidataBANK1            idataBANK1   0000
__HidataBANK3            idataBANK3   0000
__Hidloc                 idloc        2004
__Hinit                  init         0000
__Hinittext              inittext     0000
__Hintentry              intentry     0000
__Hmaintext              maintext     0000
__Hpowerup               powerup      0000
__Hram                   ram          0000
__Hreset_vec             reset_vec    0000
__Hsfr0                  sfr0         0000
__Hsfr1                  sfr1         0000
__Hsfr2                  sfr2         0000
__Hsfr3                  sfr3         0000
__Hspace_0               (abs)        0800
__Hspace_1               (abs)        01D0
__Hspace_2               (abs)        0000
__Hspace_3               (abs)        0000
__Hspace_4               (abs)        4010
__Hstack                 stack        0000
__Hstrings               strings      0000
__Htext                  text         0000
__Labs1                  abs1         0000
__Lbank0                 bank0        0000
__Lbank1                 bank1        0000
__Lbank2                 bank2        0000
__Lbank3                 bank3        0000
__LbssBANK0              bssBANK0     0000
__Lcinit                 cinit        07D8
__Lclrtext               clrtext      0000
__Lcode                  code         0000
__Lcommon                common       0000
__Lconfig                config       0000
__LcstackBANK0           cstackBANK0  0000
__LcstackCOMMON          cstackCOMMON 0000
__LdataBANK1             dataBANK1    0000
__LdataBANK3             dataBANK3    0000
__Leeprom_data           eeprom_data  0000
__Lend_init              end_init     0000
__Lfunctab               functab      0000
__LidataBANK1            idataBANK1   0000
__LidataBANK3            idataBANK3   0000
__Lidloc                 idloc        0000
__Linit                  init         0000
__Linittext              inittext     0000
__Lintentry              intentry     0000
__Lmaintext              maintext     0000
__Lpowerup               powerup      0000
__Lram                   ram          0000
__Lreset_vec             reset_vec    0000
__Lsfr0                  sfr0         0000
__Lsfr1                  sfr1         0000
__Lsfr2                  sfr2         0000
__Lsfr3                  sfr3         0000
__Lspace_0               (abs)        0000
__Lspace_1               (abs)        0000
__Lspace_2               (abs)        0000
__Lspace_3               (abs)        0000
__Lspace_4               (abs)        0000
__Lstack                 stack        0000
__Lstrings               strings      0000
__Ltext                  text         0000
__S0                     (abs)        0800
__S1                     (abs)        01D0
__S3                     (abs)        0000
___cgram                 dataBANK3    0190
___int_sp                stack        0000
___latbits               (abs)        0002
___lwdiv                 text3        0523
___lwdiv@counter         cstackCOMMON 0077
___lwdiv@dividend        cstackCOMMON 0072
___lwdiv@divisor         cstackCOMMON 0070
___lwdiv@quotient        cstackCOMMON 0075
___lwmod                 text2        0465
___lwmod@counter         cstackCOMMON 007D
___lwmod@dividend        cstackCOMMON 007A
___lwmod@divisor         cstackCOMMON 0078
___sp                    stack        0000
___stackhi               (abs)        0000
___stacklo               (abs)        0000
__end_of_LCDBusyLoop     text8        05B5
__end_of_LCDByte         text7        0523
__end_of_LCDGotoXY       text6        0465
__end_of_LCDInit         text5        0614
__end_of_LCDWriteString  text4        06F1
__end_of___lwdiv         text3        0567
__end_of___lwmod         text2        049F
__end_of__initialization cinit        07FC
__end_of__stringtab      strings      0013
__end_of_dpowers         strings      001D
__end_of_main            maintext     0679
__end_of_sprintf         text1        07D8
__initialization         cinit        07D8
__pbssBANK0              bssBANK0     0020
__pcstackBANK0           cstackBANK0  0039
__pcstackCOMMON          cstackCOMMON 0070
__pdataBANK1             dataBANK1    00A0
__pdataBANK3             dataBANK3    0190
__pidataBANK1            idataBANK1   0409
__pidataBANK3            idataBANK3   049F
__pmaintext              maintext     0614
__pstrings               strings      0003
__ptext1                 text1        06F1
__ptext2                 text2        0465
__ptext3                 text3        0523
__ptext4                 text4        0679
__ptext5                 text5        05B5
__ptext6                 text6        0430
__ptext7                 text7        04DF
__ptext8                 text8        0567
__stringbase             strings      0012
__stringtab              strings      0003
_chu                     dataBANK1    00A0
_dpowers                 strings      0013
_main                    maintext     0614
_p                       bssBANK0     0025
_sprintf                 text1        06F1
btemp                    (abs)        007E
clear_ram0               clrtext      03EE
end_of_initialization    cinit        07FC
init_fetch0              inittext     03F6
init_ram0                inittext     03FA
intlevel0                functab      0000
intlevel1                functab      0000
intlevel2                functab      0000
intlevel3                functab      0000
intlevel4                functab      0000
intlevel5                functab      0000
main@i                   cstackBANK0  0049
reset_vec                reset_vec    0000
sprintf@ap               cstackBANK0  0043
sprintf@c                cstackBANK0  0045
sprintf@f                cstackBANK0  0039
sprintf@flag             cstackBANK0  003F
sprintf@prec             cstackBANK0  0042
sprintf@sp               cstackBANK0  0044
sprintf@val              cstackBANK0  0040
start                    init         0000
start_initialization     cinit        07D8
wtemp0                   (abs)        007E


MODULE INFORMATION

Module		Function		Class		Link	Load	Size
C:\Program Files\Microchip\xc8\v2.36\pic\sources\c90\common\doprnt.c
		_sprintf       		CODE           	06F1	0000	231

C:\Program Files\Microchip\xc8\v2.36\pic\sources\c90\common\doprnt.c estimated size: 231

C:\Program Files\Microchip\xc8\v2.36\pic\sources\c90\common\lwmod.c
		___lwmod       		CODE           	0465	0000	58

C:\Program Files\Microchip\xc8\v2.36\pic\sources\c90\common\lwmod.c estimated size: 58

C:\Program Files\Microchip\xc8\v2.36\pic\sources\c90\common\lwdiv.c
		___lwdiv       		CODE           	0523	0000	68

C:\Program Files\Microchip\xc8\v2.36\pic\sources\c90\common\lwdiv.c estimated size: 68

shared
		__stringtab    		STRING         	0003	0000	16
		_dpowers       		STRING         	0013	0000	10
		__initialization		CODE           	07D8	0000	36

shared estimated size: 62

lcd_hd44780_pic16.c
		_LCDByte       		CODE           	04DF	0000	68
		_LCDInit       		CODE           	05B5	0000	95
		_LCDWriteString		CODE           	0679	0000	120
		_LCDGotoXY     		CODE           	0430	0000	53
		_LCDBusyLoop   		CODE           	0567	0000	78

lcd_hd44780_pic16.c estimated size: 414

main.c
		_main          		CODE           	0614	0000	101

main.c estimated size: 101

