Microchip MPLAB XC8 Compiler V2.36

Linker command line:

-W-3 --edf=C:\Program Files\Microchip\xc8\v2.36\pic\dat\en_msgs.txt -cn \
  -h+dist/default/production\lcdupgrade_p1.X.production.sym \
  --cmf=dist/default/production\lcdupgrade_p1.X.production.cmf -z -Q16F887 \
  -oC:\Users\tramt\AppData\Local\Temp\xcAs6fg.4 --defsym=__MPLAB_BUILD=1 \
  -Mdist/default/production/lcdupgrade_p1.X.production.map \
  --md=C:\Users\tramt\AppData\Local\Temp\xcAs6fg.dat -E1 -ver=XC8 Compiler \
  --acfsm=1493 -ACODE=00h-07FFhx4 -ASTRCODE=00h-01FFFh -ASTRING=00h-0FFhx32 \
  -ACONST=00h-0FFhx32 -AENTRY=00h-0FFhx32 -ACOMMON=070h-07Fh \
  -ABANK0=020h-06Fh -ABANK1=0A0h-0EFh -ABANK2=0110h-016Fh \
  -ABANK3=0190h-01EFh -ARAM=020h-06Fh,0A0h-0EFh,0110h-016Fh,0190h-01EFh \
  -AABS1=020h-07Fh,0A0h-0EFh,0110h-016Fh,0190h-01EFh -ASFR0=00h-01Fh \
  -ASFR1=080h-09Fh -ASFR2=0100h-010Fh -ASFR3=0180h-018Fh \
  -ACONFIG=02007h-02008h -DCONFIG=2 -AIDLOC=02000h-02003h -DIDLOC=2 \
  -AEEDATA=00h-0FFh/02100h -peeprom_data=EEDATA -DEEDATA=2 -DCODE=2 \
  -DSTRCODE=2 -DSTRING=2 -DCONST=2 -DENTRY=2 \
  -preset_vec=00h,intentry,init,end_init -ppowerup=CODE -pcinit=CODE \
  -pfunctab=ENTRY -k C:\Users\tramt\AppData\Local\Temp\xcAs6fg.o \
  dist/default/production\lcdupgrade_p1.X.production.o 

Object code version is 3.11

Machine type is 16F887



                Name                               Link     Load   Length Selector   Space Scale
C:\Users\tramt\AppData\Local\Temp\xcAs6fg.o
                end_init                              0        0        3        0       0
                config                             2007     2007        2        0       4
                idloc                              2000     2000        4        0       5
dist/default/production\lcdupgrade_p1.X.production.o
                cinit                               7F3      7F3        D      FE6       0
                config                             2007     2007        2        0       4
                idloc                              2000     2000        4        0       5
                text6                               6D1      6D1       23      DA2       0
                text5                               6F4      6F4       27      DE8       0
                text4                               743      743       2C      E86       0
                text3                               7A0      7A0       53      F40       0
                text2                               71B      71B       28      E36       0
                text1                               76F      76F       31      EDE       0
                maintext                            6B2      6B2       1F      D64       0
                cstackBANK0                          34       34        4       20       1
                cstackCOMMON                         70       70        B       70       1
                clrtext                             6AA      6AA        8      D54       0
                bssBANK0                             20       20       14       20       1
                strings                               3        3       24        6       0

TOTAL           Name                               Link     Load   Length     Space
        CLASS   CODE           
                end_init                              0        0        3         0
                cinit                               7F3      7F3        D         0
                text6                               6D1      6D1       23         0
                text5                               6F4      6F4       27         0
                text4                               743      743       2C         0
                text3                               7A0      7A0       53         0
                text2                               71B      71B       28         0
                text1                               76F      76F       31         0
                maintext                            6B2      6B2       1F         0
                clrtext                             6AA      6AA        8         0

        CLASS   STRCODE        

        CLASS   STRING         
                strings                               3        3       24         0

        CLASS   CONST          

        CLASS   ENTRY          

        CLASS   COMMON         
                cstackCOMMON                         70       70        B         1

        CLASS   BANK0          
                cstackBANK0                          34       34        4         1
                bssBANK0                             20       20       14         1

        CLASS   BANK1          

        CLASS   BANK2          

        CLASS   BANK3          

        CLASS   RAM            

        CLASS   ABS1           
                abs_s1                               7E       7E        2         1

        CLASS   SFR0           

        CLASS   SFR1           

        CLASS   SFR2           

        CLASS   SFR3           

        CLASS   CONFIG         
                config                             2007     2007        2         4

        CLASS   IDLOC          
                idloc                              2000     2000        4         5

        CLASS   EEDATA         

        CLASS   STACK          



SEGMENTS        Name                           Load    Length   Top    Selector   Space  Class     Delta

                reset_vec                      000000  000003  000003         0       0  CODE        2
                strings                        000003  000024  000027         6       0  STRING      2
                bssBANK0                       000020  000018  000038        20       1  BANK0       1
                cstackCOMMON                   000070  00000B  00007B        70       1  COMMON      1
                clrtext                        0006AA  000008  0006B2       D54       0  CODE        2
                maintext                       0006B2  00001F  0006D1       D64       0  CODE        2
                text6                          0006D1  000023  0006F4       DA2       0  CODE        2
                text5                          0006F4  000027  00071B       DE8       0  CODE        2
                text2                          00071B  000028  000743       E36       0  CODE        2
                text4                          000743  00002C  00076F       E86       0  CODE        2
                text1                          00076F  000031  0007A0       EDE       0  CODE        2
                text3                          0007A0  000053  0007F3       F40       0  CODE        2
                cinit                          0007F3  00000D  000800       FE6       0  CODE        2


UNUSED ADDRESS RANGES

        Name                Unused          Largest block    Delta
        BANK0            0038-006F             38           1
        BANK1            00A0-00EF             50           1
        BANK2            0110-016F             60           1
        BANK3            0190-01EF             60           1
        CODE             0027-06A9            683           2
                         0800-1FFF            800
        COMMON           007B-007D              3           1
        CONST            0027-06A9            100           2
                         0800-1FFF            100
        EEDATA           2100-21FF            100           2
        ENTRY            0027-06A9            100           2
                         0800-1FFF            100
        RAM              0038-006F             38           1
                         00A0-00EF             50
                         0110-016F             60
                         0190-01EF             60
        SFR0             0000-001F             20           1
        SFR1             0080-009F             20           1
        SFR2             0100-010F             10           1
        SFR3             0180-018F             10           1
        STRCODE          0027-06A9            683           2
                         0800-1FFF           1800
        STRING           0027-06A9            100           2
                         0800-1FFF            100

                                  Symbol Table

LCDPutChar@ch            cstackCOMMON 0076
LCDPutCmd@ch             cstackCOMMON 0076
LCDPutStr2@_line         cstackCOMMON 0078
LCDPutStr2@_pos          cstackCOMMON 0077
LCDPutStr2@i             cstackBANK0  0037
LCDPutStr2@str           cstackBANK0  0036
LCDPutStr3@_line         cstackCOMMON 0077
LCDPutStr3@i             cstackCOMMON 007A
LCDPutStr3@str           cstackCOMMON 0079
LCDWriteNibble@ch        cstackCOMMON 0073
LCDWriteNibble@rs        cstackCOMMON 0070
_ANSEL                   (abs)        0188
_LCDPutChar              text5        06F4
_LCDPutCmd               text4        0743
_LCDPutStr2              text3        07A0
_LCDPutStr2$112          cstackBANK0  0034
_LCDPutStr3              text2        071B
_LCDWriteNibble          text6        06D1
_LCD_Initialize          text1        076F
_PORTD                   (abs)        0008
_PORTDbits               (abs)        0008
_TRISD                   (abs)        0088
__Habs1                  abs1         0000
__Hbank0                 bank0        0000
__Hbank1                 bank1        0000
__Hbank2                 bank2        0000
__Hbank3                 bank3        0000
__HbssBANK0              bssBANK0     0000
__Hcinit                 cinit        0800
__Hclrtext               clrtext      0000
__Hcode                  code         0000
__Hcommon                common       0000
__Hconfig                config       2009
__HcstackBANK0           cstackBANK0  0000
__HcstackCOMMON          cstackCOMMON 0000
__Heeprom_data           eeprom_data  0000
__Hend_init              end_init     0003
__Hfunctab               functab      0000
__Hidloc                 idloc        2004
__Hinit                  init         0000
__Hintentry              intentry     0000
__Hmaintext              maintext     0000
__Hpowerup               powerup      0000
__Hram                   ram          0000
__Hreset_vec             reset_vec    0000
__Hsfr0                  sfr0         0000
__Hsfr1                  sfr1         0000
__Hsfr2                  sfr2         0000
__Hsfr3                  sfr3         0000
__Hspace_0               (abs)        0800
__Hspace_1               (abs)        007B
__Hspace_2               (abs)        0000
__Hspace_3               (abs)        0000
__Hspace_4               (abs)        4010
__Hstack                 stack        0000
__Hstrings               strings      0000
__Htext                  text         0000
__Labs1                  abs1         0000
__Lbank0                 bank0        0000
__Lbank1                 bank1        0000
__Lbank2                 bank2        0000
__Lbank3                 bank3        0000
__LbssBANK0              bssBANK0     0000
__Lcinit                 cinit        07F3
__Lclrtext               clrtext      0000
__Lcode                  code         0000
__Lcommon                common       0000
__Lconfig                config       0000
__LcstackBANK0           cstackBANK0  0000
__LcstackCOMMON          cstackCOMMON 0000
__Leeprom_data           eeprom_data  0000
__Lend_init              end_init     0000
__Lfunctab               functab      0000
__Lidloc                 idloc        0000
__Linit                  init         0000
__Lintentry              intentry     0000
__Lmaintext              maintext     0000
__Lpowerup               powerup      0000
__Lram                   ram          0000
__Lreset_vec             reset_vec    0000
__Lsfr0                  sfr0         0000
__Lsfr1                  sfr1         0000
__Lsfr2                  sfr2         0000
__Lsfr3                  sfr3         0000
__Lspace_0               (abs)        0000
__Lspace_1               (abs)        0000
__Lspace_2               (abs)        0000
__Lspace_3               (abs)        0000
__Lspace_4               (abs)        0000
__Lstack                 stack        0000
__Lstrings               strings      0000
__Ltext                  text         0000
__S0                     (abs)        0800
__S1                     (abs)        007B
__S3                     (abs)        0000
___int_sp                stack        0000
___latbits               (abs)        0002
___sp                    stack        0000
___stackhi               (abs)        0000
___stacklo               (abs)        0000
__end_of_LCDPutChar      text5        071B
__end_of_LCDPutCmd       text4        076F
__end_of_LCDPutStr2      text3        07F3
__end_of_LCDPutStr3      text2        0743
__end_of_LCDWriteNibble  text6        06F4
__end_of_LCD_Initialize  text1        07A0
__end_of__initialization cinit        07FC
__end_of__stringtab      strings      0009
__end_of_main            maintext     06D1
__initialization         cinit        07F3
__pbssBANK0              bssBANK0     0020
__pcstackBANK0           cstackBANK0  0034
__pcstackCOMMON          cstackCOMMON 0070
__pmaintext              maintext     06B2
__pstrings               strings      0003
__ptext1                 text1        076F
__ptext2                 text2        071B
__ptext3                 text3        07A0
__ptext4                 text4        0743
__ptext5                 text5        06F4
__ptext6                 text6        06D1
__stringbase             strings      0008
__stringtab              strings      0003
_main                    maintext     06B2
btemp                    (abs)        007E
clear_ram0               clrtext      06AA
end_of_initialization    cinit        07FC
intlevel0                functab      0000
intlevel1                functab      0000
intlevel2                functab      0000
intlevel3                functab      0000
intlevel4                functab      0000
intlevel5                functab      0000
reset_vec                reset_vec    0000
start                    init         0000
start_initialization     cinit        07F3
wtemp0                   (abs)        007E


MODULE INFORMATION

Module		Function		Class		Link	Load	Size
newmain.c
		_main          		CODE           	06B2	0000	31

newmain.c estimated size: 31

shared
		__stringtab    		STRING         	0003	0000	6
		__initialization		CODE           	07F3	0000	9

shared estimated size: 15

lcd.c
		_LCDPutCmd     		CODE           	0743	0000	44
		_LCDPutChar    		CODE           	06F4	0000	39
		_LCDPutStr2    		CODE           	07A0	0000	83
		_LCDPutStr3    		CODE           	071B	0000	40
		_LCD_Initialize		CODE           	076F	0000	49
		_LCDWriteNibble		CODE           	06D1	0000	35

lcd.c estimated size: 290

