Microchip MPLAB XC8 Compiler V2.36

Linker command line:

-W-3 --edf=C:\Program Files\Microchip\xc8\v2.36\pic\dat\en_msgs.txt -cn \
  -h+dist/default/production\uart_p4.X.production.sym \
  --cmf=dist/default/production\uart_p4.X.production.cmf -z -Q16F1509 \
  -oC:\Users\tramt\AppData\Local\Temp\xcAskj0.4 --defsym=__MPLAB_BUILD=1 \
  -Mdist/default/production/uart_p4.X.production.map \
  --md=C:\Users\tramt\AppData\Local\Temp\xcAskj0.dat -E1 -ver=XC8 Compiler \
  --acfsm=1493 -ACODE=00h-07FFhx4 -ASTRCODE=00h-01FFFh -ASTRING=00h-0FFhx32 \
  -ACONST=00h-0FFhx32 -AENTRY=00h-0FFhx32 -ACOMMON=070h-07Fh \
  -ABANK0=020h-06Fh -ABANK1=0A0h-0EFh -ABANK2=0120h-016Fh \
  -ABANK3=01A0h-01EFh -ABANK4=0220h-026Fh -ABANK5=02A0h-02EFh \
  -ABANK6=0320h-032Fh -ABIGRAM=02000h-021EFh \
  -ARAM=020h-06Fh,0A0h-0EFh,0120h-016Fh,01A0h-01EFh,0220h-026Fh,02A0h-02EFh,0320h-032Fh \
  -AABS1=020h-07Fh,0A0h-0EFh,0120h-016Fh,01A0h-01EFh,0220h-026Fh,02A0h-02EFh,0320h-032Fh \
  -ASFR0=00h-01Fh -ASFR1=080h-09Fh -ASFR2=0100h-011Fh -ASFR3=0180h-019Fh \
  -ASFR4=0200h-021Fh -ASFR5=0280h-029Fh -ASFR6=0300h-031Fh \
  -ASFR7=0380h-03EFh -ASFR8=0400h-046Fh -ASFR9=0480h-04EFh \
  -ASFR10=0500h-056Fh -ASFR11=0580h-05EFh -ASFR12=0600h-066Fh \
  -ASFR13=0680h-06EFh -ASFR14=0700h-076Fh -ASFR15=0780h-07EFh \
  -ASFR16=0800h-086Fh -ASFR17=0880h-08EFh -ASFR18=0900h-096Fh \
  -ASFR19=0980h-09EFh -ASFR20=0A00h-0A6Fh -ASFR21=0A80h-0AEFh \
  -ASFR22=0B00h-0B6Fh -ASFR23=0B80h-0BEFh -ASFR24=0C00h-0C6Fh \
  -ASFR25=0C80h-0CEFh -ASFR26=0D00h-0D6Fh -ASFR27=0D80h-0DEFh \
  -ASFR28=0E00h-0E6Fh -ASFR29=0E80h-0EEFh -ASFR30=0F00h-0F6Fh \
  -ASFR31=0F80h-0FEFh -ACONFIG=08007h-08008h -DCONFIG=2 \
  -AIDLOC=08000h-08003h -DIDLOC=2 -DCODE=2 -DSTRCODE=2 -DSTRING=2 -DCONST=2 \
  -DENTRY=2 -preset_vec=00h,intentry,init,end_init -ppowerup=CODE \
  -pcinit=CODE -pfunctab=ENTRY -k \
  C:\Users\tramt\AppData\Local\Temp\xcAskj0.o \
  dist/default/production\uart_p4.X.production.o 

Object code version is 3.11

Machine type is 16F1509



                Name                               Link     Load   Length Selector   Space Scale
C:\Users\tramt\AppData\Local\Temp\xcAskj0.o
                end_init                              2        2        2        0       0
                reset_vec                             0        0        2        0       0
                config                             8007     8007        2        0       4
                idloc                              8000     8000        4        0       5
dist/default/production\uart_p4.X.production.o
                cinit                               7E5      7E5       1B      FCA       0
                config                             8007     8007        2        0       4
                idloc                              8000     8000        4        0       5
                text17                               44       44        B       88       0
                text16                               66       66        E       CC       0
                text15                              23C      23C       84      478       0
                text14                              1CB      1CB       71      396       0
                text13                               3A       3A        A       74       0
                text12                               4F       4F        B       9E       0
                text11                              120      120       52      240       0
                text10                               9E       9E       28      13C       0
                text9                                85       85       19      10A       0
                text8                               172      172       59      2E4       0
                text7                               422      422       EE      844       0
                text6                               35F      35F       C3      6BE       0
                text5                                EF       EF       31      1DE       0
                text4                                C6       C6       29      18C       0
                text3                               510      510      2D5      A20       0
                text2                                34       34        6       68       0
                text1                                74       74       11       E8       0
                maintext                            2C0      2C0       9F      580       0
                cstackBANK0                          20       20       4F       20       1
                cstackCOMMON                         70       70        E       70       1
                cstackBANK1                          CB       CB       12       A0       1
                clrtext                              5A       5A        C       B4       0
                bssBANK1                             A0       A0       2B       A0       1
                bssBANK0                             6F       6F        1       20       1
                stringtext1                         800      800        3     1000       0
                nvBANK1                              DD       DD        2       A0       1

TOTAL           Name                               Link     Load   Length     Space
        CLASS   CODE           
                end_init                              2        2        2         0
                cinit                               7E5      7E5       1B         0
                reset_vec                             0        0        2         0
                text17                               44       44        B         0
                text16                               66       66        E         0
                text15                              23C      23C       84         0
                text14                              1CB      1CB       71         0
                text13                               3A       3A        A         0
                text12                               4F       4F        B         0
                text11                              120      120       52         0
                text10                               9E       9E       28         0
                text9                                85       85       19         0
                text8                               172      172       59         0
                text7                               422      422       EE         0
                text6                               35F      35F       C3         0
                text5                                EF       EF       31         0
                text4                                C6       C6       29         0
                text3                               510      510      2D5         0
                text2                                34       34        6         0
                text1                                74       74       11         0
                maintext                            2C0      2C0       9F         0
                clrtext                              5A       5A        C         0

        CLASS   STRCODE        
                stringtext1                         800      800        3         0

        CLASS   STRING         

        CLASS   CONST          

        CLASS   ENTRY          

        CLASS   COMMON         
                cstackCOMMON                         70       70        E         1

        CLASS   BANK0          
                cstackBANK0                          20       20       4F         1
                bssBANK0                             6F       6F        1         1

        CLASS   BANK1          
                cstackBANK1                          CB       CB       12         1
                bssBANK1                             A0       A0       2B         1
                nvBANK1                              DD       DD        2         1

        CLASS   BANK2          

        CLASS   BANK3          

        CLASS   BANK4          

        CLASS   BANK5          

        CLASS   BANK6          

        CLASS   BIGRAM         

        CLASS   RAM            

        CLASS   ABS1           
                abs_s1                               7E       7E        2         1
                abs_s1                              26C      26C        4         1
                abs_s1                              2A0      2A0       50         1
                abs_s1                              320      320       10         1
                abs_s1                             218C     218C        0         1

        CLASS   SFR0           

        CLASS   SFR1           

        CLASS   SFR2           

        CLASS   SFR3           

        CLASS   SFR4           

        CLASS   SFR5           

        CLASS   SFR6           

        CLASS   SFR7           

        CLASS   SFR8           

        CLASS   SFR9           

        CLASS   SFR10          

        CLASS   SFR11          

        CLASS   SFR12          

        CLASS   SFR13          

        CLASS   SFR14          

        CLASS   SFR15          

        CLASS   SFR16          

        CLASS   SFR17          

        CLASS   SFR18          

        CLASS   SFR19          

        CLASS   SFR20          

        CLASS   SFR21          

        CLASS   SFR22          

        CLASS   SFR23          

        CLASS   SFR24          

        CLASS   SFR25          

        CLASS   SFR26          

        CLASS   SFR27          

        CLASS   SFR28          

        CLASS   SFR29          

        CLASS   SFR30          

        CLASS   SFR31          

        CLASS   CONFIG         
                config                             8007     8007        2         4

        CLASS   IDLOC          
                idloc                              8000     8000        4         5

        CLASS   BANK31         

        CLASS   BANK30         

        CLASS   BANK29         

        CLASS   BANK28         

        CLASS   BANK27         

        CLASS   BANK26         

        CLASS   BANK25         

        CLASS   BANK24         

        CLASS   BANK23         

        CLASS   BANK22         

        CLASS   BANK21         

        CLASS   BANK20         

        CLASS   BANK19         

        CLASS   BANK18         

        CLASS   BANK17         

        CLASS   BANK16         

        CLASS   BANK15         

        CLASS   BANK14         

        CLASS   BANK13         

        CLASS   BANK12         

        CLASS   BANK11         

        CLASS   BANK10         

        CLASS   BANK9          

        CLASS   BANK8          

        CLASS   BANK7          

        CLASS   HEAP           

        CLASS   STACK          

        CLASS   EEDATA         



SEGMENTS        Name                           Load    Length   Top    Selector   Space  Class     Delta

                reset_vec                      000000  000004  000004         0       0  CODE        2
                cstackBANK0                    000020  000050  000070        20       1  BANK0       1
                text2                          000034  000006  00003A        68       0  CODE        2
                cstackCOMMON                   000070  00000E  00007E        70       1  COMMON      1
                text13                         00003A  00000A  000044        74       0  CODE        2
                text17                         000044  00000B  00004F        88       0  CODE        2
                text12                         00004F  00000B  00005A        9E       0  CODE        2
                bssBANK1                       0000A0  00003F  0000DF        A0       1  BANK1       1
                clrtext                        00005A  00000C  000066        B4       0  CODE        2
                text16                         000066  00000E  000074        CC       0  CODE        2
                text1                          000074  000011  000085        E8       0  CODE        2
                text9                          000085  000019  00009E       10A       0  CODE        2
                text10                         00009E  000028  0000C6       13C       0  CODE        2
                text4                          0000C6  000029  0000EF       18C       0  CODE        2
                text5                          0000EF  000031  000120       1DE       0  CODE        2
                text11                         000120  000052  000172       240       0  CODE        2
                text8                          000172  000059  0001CB       2E4       0  CODE        2
                text14                         0001CB  000071  00023C       396       0  CODE        2
                text15                         00023C  000084  0002C0       478       0  CODE        2
                maintext                       0002C0  00009F  00035F       580       0  CODE        2
                text6                          00035F  0000C3  000422       6BE       0  CODE        2
                text7                          000422  0000EE  000510       844       0  CODE        2
                text3                          000510  0002D5  0007E5       A20       0  CODE        2
                cinit                          0007E5  00001B  000800       FCA       0  CODE        2
                stringtext1                    000800  000003  000803      1000       0  STRCODE     2


UNUSED ADDRESS RANGES

        Name                Unused          Largest block    Delta
        BANK1            000DF-000EF              11           1
        BANK2            00120-0016F              50           1
        BANK3            001A0-001EF              50           1
        BANK4            00220-0026B              4C           1
        BIGRAM           02000-021EF             1F0           1
        CODE             00004-00033              30           2
                         00803-01FFF             800
        CONST            00004-00033              30           2
                         00803-01FFF             100
        ENTRY            00004-00033              30           2
                         00803-01FFF             100
        RAM              000DF-000EF              11           1
                         00120-0016F              50
                         001A0-001EF              50
                         00220-0026B              4C
        SFR0             00000-0001F              20           1
        SFR1             00080-0009F              20           1
        SFR10            00500-0056F              70           1
        SFR11            00580-005EF              70           1
        SFR12            00600-0066F              70           1
        SFR13            00680-006EF              70           1
        SFR14            00700-0076F              70           1
        SFR15            00780-007EF              70           1
        SFR16            00800-0086F              70           1
        SFR17            00880-008EF              70           1
        SFR18            00900-0096F              70           1
        SFR19            00980-009EF              70           1
        SFR2             00100-0011F              20           1
        SFR20            00A00-00A6F              70           1
        SFR21            00A80-00AEF              70           1
        SFR22            00B00-00B6F              70           1
        SFR23            00B80-00BEF              70           1
        SFR24            00C00-00C6F              70           1
        SFR25            00C80-00CEF              70           1
        SFR26            00D00-00D6F              70           1
        SFR27            00D80-00DEF              70           1
        SFR28            00E00-00E6F              70           1
        SFR29            00E80-00EEF              70           1
        SFR3             00180-0019F              20           1
        SFR30            00F00-00F6F              70           1
        SFR31            00F80-00FEF              70           1
        SFR4             00200-0021F              20           1
        SFR5             00280-0029F              20           1
        SFR6             00300-0031F              20           1
        SFR7             00380-003EF              70           1
        SFR8             00400-0046F              70           1
        SFR9             00480-004EF              70           1
        STRCODE          00004-00033              30           2
                         00803-01FFF            17FD
        STRING           00004-00033              30           2
                         00803-01FFF             100

                                  Symbol Table

?___lodiv                       cstackBANK0  00020
?___lomod                       cstackBANK0  00020
?_pad                           cstackBANK0  00024
?_sprintf                       cstackBANK0  00060
?_strlen                        cstackCOMMON 00070
?_utoa                          cstackBANK0  00030
?_vfpfcnvrt                     cstackBANK0  00048
?_vfprintf                      cstackBANK0  00058
EUSART_Write@txData             cstackCOMMON 00070
ON_OFF_BLINK@bitt               cstackBANK1  000DA
ON_OFF_BLINK@bittt              cstackBANK1  000D9
ON_OFF_BLINK@buffer             cstackBANK0  00065
ON_OFF_BLINK@buffer1            cstackBANK0  00067
ON_OFF_BLINK@cnt                cstackBANK1  000D7
ON_OFF_BLINK@cnt_141            cstackBANK1  000D8
ON_OFF_BLINK@i                  cstackBANK0  00068
ON_OFF_BLINK@j                  cstackBANK1  000DB
ON_OFF_BLINK@k                  cstackBANK1  000DC
_ANSELA                         (abs)        0018C
_ANSELB                         (abs)        0018D
_ANSELC                         (abs)        0018E
_BAUDCON                        (abs)        0019F
_BORCON                         (abs)        00116
_EUSART_Initialize              text17       00044
_EUSART_Read                    text16       00066
_EUSART_Write                   text13       0003A
_LATA                           (abs)        0010C
_LATB                           (abs)        0010D
_LATC                           (abs)        0010E
_ON_OFF_BLINK                   text3        00510
_OSCCON                         (abs)        00099
_OSCILLATOR_Initialize          text2        00034
_PIN_MANAGER_Initialize         text1        00074
_PIR1bits                       (abs)        00011
_RCIF                           (abs)        0008D
_RCREG                          (abs)        00199
_RCSTA                          (abs)        0019D
_RCSTAbits                      (abs)        0019D
_SPBRGH                         (abs)        0019C
_SPBRGL                         (abs)        0019B
_TRISA                          (abs)        0008C
_TRISB                          (abs)        0008D
_TRISC                          (abs)        0008E
_TXIF                           (abs)        0008C
_TXREG                          (abs)        0019A
_TXSTA                          (abs)        0019E
__Habs1                         abs1         00000
__Hbank0                        bank0        00000
__Hbank1                        bank1        00000
__Hbank10                       bank10       00000
__Hbank11                       bank11       00000
__Hbank12                       bank12       00000
__Hbank13                       bank13       00000
__Hbank14                       bank14       00000
__Hbank15                       bank15       00000
__Hbank16                       bank16       00000
__Hbank17                       bank17       00000
__Hbank18                       bank18       00000
__Hbank19                       bank19       00000
__Hbank2                        bank2        00000
__Hbank20                       bank20       00000
__Hbank21                       bank21       00000
__Hbank22                       bank22       00000
__Hbank23                       bank23       00000
__Hbank24                       bank24       00000
__Hbank25                       bank25       00000
__Hbank26                       bank26       00000
__Hbank27                       bank27       00000
__Hbank28                       bank28       00000
__Hbank29                       bank29       00000
__Hbank3                        bank3        00000
__Hbank30                       bank30       00000
__Hbank31                       bank31       00000
__Hbank4                        bank4        00000
__Hbank5                        bank5        00000
__Hbank6                        bank6        00000
__Hbank7                        bank7        00000
__Hbank8                        bank8        00000
__Hbank9                        bank9        00000
__Hbigram                       bigram       00000
__HbssBANK0                     bssBANK0     00000
__HbssBANK1                     bssBANK1     00000
__Hcinit                        cinit        00800
__Hclrtext                      clrtext      00000
__Hcode                         code         00000
__Hcommon                       common       00000
__Hconfig                       config       08009
__HcstackBANK0                  cstackBANK0  00000
__HcstackBANK1                  cstackBANK1  00000
__HcstackCOMMON                 cstackCOMMON 00000
__Heeprom_data                  eeprom_data  00000
__Hend_init                     end_init     00004
__Hfunctab                      functab      00000
__Hheap                         heap         00000
__Hidloc                        idloc        08004
__Hinit                         init         00002
__Hintentry                     intentry     00002
__Hmaintext                     maintext     00000
__HnvBANK1                      nvBANK1      00000
__Hpowerup                      powerup      00000
__Hram                          ram          00000
__Hreset_vec                    reset_vec    00002
__Hsfr0                         sfr0         00000
__Hsfr1                         sfr1         00000
__Hsfr10                        sfr10        00000
__Hsfr11                        sfr11        00000
__Hsfr12                        sfr12        00000
__Hsfr13                        sfr13        00000
__Hsfr14                        sfr14        00000
__Hsfr15                        sfr15        00000
__Hsfr16                        sfr16        00000
__Hsfr17                        sfr17        00000
__Hsfr18                        sfr18        00000
__Hsfr19                        sfr19        00000
__Hsfr2                         sfr2         00000
__Hsfr20                        sfr20        00000
__Hsfr21                        sfr21        00000
__Hsfr22                        sfr22        00000
__Hsfr23                        sfr23        00000
__Hsfr24                        sfr24        00000
__Hsfr25                        sfr25        00000
__Hsfr26                        sfr26        00000
__Hsfr27                        sfr27        00000
__Hsfr28                        sfr28        00000
__Hsfr29                        sfr29        00000
__Hsfr3                         sfr3         00000
__Hsfr30                        sfr30        00000
__Hsfr31                        sfr31        00000
__Hsfr4                         sfr4         00000
__Hsfr5                         sfr5         00000
__Hsfr6                         sfr6         00000
__Hsfr7                         sfr7         00000
__Hsfr8                         sfr8         00000
__Hsfr9                         sfr9         00000
__Hspace_0                      (abs)        00803
__Hspace_1                      (abs)        000DF
__Hspace_2                      (abs)        00000
__Hspace_3                      (abs)        00000
__Hspace_4                      (abs)        10010
__Hstack                        stack        00000
__Hstrings                      strings      00000
__Hstringtext1                  stringtext1  00000
__Hstringtext2                  stringtext2  00000
__Htext                         text         00000
__Labs1                         abs1         00000
__Lbank0                        bank0        00000
__Lbank1                        bank1        00000
__Lbank10                       bank10       00000
__Lbank11                       bank11       00000
__Lbank12                       bank12       00000
__Lbank13                       bank13       00000
__Lbank14                       bank14       00000
__Lbank15                       bank15       00000
__Lbank16                       bank16       00000
__Lbank17                       bank17       00000
__Lbank18                       bank18       00000
__Lbank19                       bank19       00000
__Lbank2                        bank2        00000
__Lbank20                       bank20       00000
__Lbank21                       bank21       00000
__Lbank22                       bank22       00000
__Lbank23                       bank23       00000
__Lbank24                       bank24       00000
__Lbank25                       bank25       00000
__Lbank26                       bank26       00000
__Lbank27                       bank27       00000
__Lbank28                       bank28       00000
__Lbank29                       bank29       00000
__Lbank3                        bank3        00000
__Lbank30                       bank30       00000
__Lbank31                       bank31       00000
__Lbank4                        bank4        00000
__Lbank5                        bank5        00000
__Lbank6                        bank6        00000
__Lbank7                        bank7        00000
__Lbank8                        bank8        00000
__Lbank9                        bank9        00000
__Lbigram                       bigram       00000
__LbssBANK0                     bssBANK0     00000
__LbssBANK1                     bssBANK1     00000
__Lcinit                        cinit        007E5
__Lclrtext                      clrtext      00000
__Lcode                         code         00000
__Lcommon                       common       00000
__Lconfig                       config       00000
__LcstackBANK0                  cstackBANK0  00000
__LcstackBANK1                  cstackBANK1  00000
__LcstackCOMMON                 cstackCOMMON 00000
__Leeprom_data                  eeprom_data  00000
__Lend_init                     end_init     00002
__Lfunctab                      functab      00000
__Lheap                         heap         00000
__Lidloc                        idloc        00000
__Linit                         init         00002
__Lintentry                     intentry     00002
__Lmaintext                     maintext     00000
__LnvBANK1                      nvBANK1      00000
__Lpowerup                      powerup      00000
__Lram                          ram          00000
__Lreset_vec                    reset_vec    00000
__Lsfr0                         sfr0         00000
__Lsfr1                         sfr1         00000
__Lsfr10                        sfr10        00000
__Lsfr11                        sfr11        00000
__Lsfr12                        sfr12        00000
__Lsfr13                        sfr13        00000
__Lsfr14                        sfr14        00000
__Lsfr15                        sfr15        00000
__Lsfr16                        sfr16        00000
__Lsfr17                        sfr17        00000
__Lsfr18                        sfr18        00000
__Lsfr19                        sfr19        00000
__Lsfr2                         sfr2         00000
__Lsfr20                        sfr20        00000
__Lsfr21                        sfr21        00000
__Lsfr22                        sfr22        00000
__Lsfr23                        sfr23        00000
__Lsfr24                        sfr24        00000
__Lsfr25                        sfr25        00000
__Lsfr26                        sfr26        00000
__Lsfr27                        sfr27        00000
__Lsfr28                        sfr28        00000
__Lsfr29                        sfr29        00000
__Lsfr3                         sfr3         00000
__Lsfr30                        sfr30        00000
__Lsfr31                        sfr31        00000
__Lsfr4                         sfr4         00000
__Lsfr5                         sfr5         00000
__Lsfr6                         sfr6         00000
__Lsfr7                         sfr7         00000
__Lsfr8                         sfr8         00000
__Lsfr9                         sfr9         00000
__Lspace_0                      (abs)        00000
__Lspace_1                      (abs)        00000
__Lspace_2                      (abs)        00000
__Lspace_3                      (abs)        00000
__Lspace_4                      (abs)        00000
__Lstack                        stack        00000
__Lstrings                      strings      00000
__Lstringtext1                  stringtext1  00000
__Lstringtext2                  stringtext2  00000
__Ltext                         text         00000
__S0                            (abs)        00803
__S1                            (abs)        000DF
___heap_hi                      (abs)        00000
___heap_lo                      (abs)        00000
___int_sp                       stack        00000
___latbits                      (abs)        00002
___lodiv                        text15       0023C
___lodiv@counter                cstackCOMMON 00079
___lodiv@dividend               cstackBANK0  00028
___lodiv@divisor                cstackBANK0  00020
___lodiv@quotient               cstackCOMMON 00071
___lomod                        text14       001CB
___lomod@counter                cstackCOMMON 00071
___lomod@dividend               cstackBANK0  00028
___lomod@divisor                cstackBANK0  00020
___sp                           stack        00000
___stackhi                      (abs)        00000
___stacklo                      (abs)        00000
__end_of_EUSART_Initialize      text17       0004F
__end_of_EUSART_Read            text16       00074
__end_of_EUSART_Write           text13       00044
__end_of_ON_OFF_BLINK           text3        007E5
__end_of_OSCILLATOR_Initialize  text2        0003A
__end_of_PIN_MANAGER_Initialize text1        00085
__end_of___lodiv                text15       002C0
__end_of___lomod                text14       0023C
__end_of__initialization        cinit        007FD
__end_of_fputc                  text11       00172
__end_of_fputs                  text10       000C6
__end_of_main                   maintext     0035F
__end_of_pad                    text8        001CB
__end_of_putch                  text12       0005A
__end_of_sprintf                text4        000EF
__end_of_strlen                 text9        0009E
__end_of_utoa                   text7        00510
__end_of_vfpfcnvrt              text6        00422
__end_of_vfprintf               text5        00120
__initialization                cinit        007E5
__pbssBANK0                     bssBANK0     0006F
__pbssBANK1                     bssBANK1     000A0
__pbssBIGRAM                    (abs)        0218C
__pcstackBANK0                  cstackBANK0  00020
__pcstackBANK1                  cstackBANK1  000CB
__pcstackCOMMON                 cstackCOMMON 00070
__pmaintext                     maintext     002C0
__pnvBANK1                      nvBANK1      000DD
__pstringtext1                  stringtext1  00800
__pstringtext2                  stringtext2  00000
__ptext1                        text1        00074
__ptext10                       text10       0009E
__ptext11                       text11       00120
__ptext12                       text12       0004F
__ptext13                       text13       0003A
__ptext14                       text14       001CB
__ptext15                       text15       0023C
__ptext16                       text16       00066
__ptext17                       text17       00044
__ptext2                        text2        00034
__ptext3                        text3        00510
__ptext4                        text4        000C6
__ptext5                        text5        000EF
__ptext6                        text6        0035F
__ptext7                        text7        00422
__ptext8                        text8        00172
__ptext9                        text9        00085
_buffer                         (abs)        0218C
_buffer1                        bssBANK1     000CA
_dbuf                           bssBANK1     000AA
_flags                          bssBANK1     000A6
_fputc                          text11       00120
_fputs                          text10       0009E
_main                           maintext     002C0
_nout                           bssBANK1     000A0
_pad                            text8        00172
_prec                           bssBANK1     000A4
_putch                          text12       0004F
_savee                          bssBANK0     0006F
_savee1                         nvBANK1      000DE
_savee2                         nvBANK1      000DD
_sprintf                        text4        000C6
_strlen                         text9        00085
_utoa                           text7        00422
_val                            bssBANK1     000A8
_vfpfcnvrt                      text6        0035F
_vfprintf                       text5        000EF
_width                          bssBANK1     000A2
btemp                           (abs)        0007E
clear_ram0                      clrtext      0005A
end_of_initialization           cinit        007FD
fputc@c                         cstackCOMMON 00072
fputc@fp                        cstackCOMMON 00074
fputs@c                         cstackBANK0  00020
fputs@fp                        cstackCOMMON 0007A
fputs@i                         cstackBANK0  00021
fputs@s                         cstackBANK0  00023
intlevel0                       functab      00000
intlevel1                       functab      00000
intlevel2                       functab      00000
intlevel3                       functab      00000
intlevel4                       functab      00000
intlevel5                       functab      00000
main@i                          cstackBANK0  0006E
pad@buf                         cstackBANK0  00024
pad@fp                          cstackBANK0  0002C
pad@i                           cstackBANK0  00028
pad@p                           cstackBANK0  00025
pad@w                           cstackBANK0  0002A
putch@x                         cstackCOMMON 00071
reset_vec                       reset_vec    00000
sprintf@ap                      cstackBANK1  000CB
sprintf@f                       cstackBANK1  000CD
sprintf@fmt                     cstackBANK0  00060
sprintf@s                       cstackBANK1  000CC
start                           init         00002
start_initialization            cinit        007E5
strlen@a                        cstackCOMMON 00073
strlen@s                        cstackCOMMON 00074
utoa@d                          cstackBANK0  00030
utoa@fp                         cstackBANK0  00039
utoa@i                          cstackBANK0  00046
utoa@n                          cstackBANK0  0003E
utoa@p                          cstackBANK0  0003A
utoa@w                          cstackBANK0  0003C
vfpfcnvrt@ap                    cstackBANK0  00049
vfpfcnvrt@fmt                   cstackBANK0  00048
vfpfcnvrt@fp                    cstackBANK0  00057
vfpfcnvrt@llu                   cstackBANK0  0004F
vfprintf@ap                     cstackBANK0  0005A
vfprintf@cfmt                   cstackBANK0  0005E
vfprintf@fmt                    cstackBANK0  00058
vfprintf@fp                     cstackBANK0  0005D
wtemp0                          (abs)        0007E


MODULE INFORMATION

Module		Function		Class		Link	Load	Size
C:\Program Files\Microchip\xc8\v2.36\pic\sources\c99\common\lomod.c
		___lomod       		CODE           	01CB	0000	113

C:\Program Files\Microchip\xc8\v2.36\pic\sources\c99\common\lomod.c estimated size: 113

C:\Program Files\Microchip\xc8\v2.36\pic\sources\c99\common\nf_fputs.c
		_fputs         		CODE           	009E	0000	40

C:\Program Files\Microchip\xc8\v2.36\pic\sources\c99\common\nf_fputs.c estimated size: 40

C:\Program Files\Microchip\xc8\v2.36\pic\sources\c99\common\nf_sprintf.c
		_sprintf       		CODE           	00C6	0000	41

C:\Program Files\Microchip\xc8\v2.36\pic\sources\c99\common\nf_sprintf.c estimated size: 41

C:\Program Files\Microchip\xc8\v2.36\pic\sources\c99\common\strlen.c
		_strlen        		CODE           	0085	0000	25

C:\Program Files\Microchip\xc8\v2.36\pic\sources\c99\common\strlen.c estimated size: 25

newmain.c
		_PIN_MANAGER_Initialize		CODE           	0074	0000	17
		_putch         		CODE           	004F	0000	11
		_EUSART_Read   		CODE           	0066	0000	14
		_EUSART_Write  		CODE           	003A	0000	10
		_main          		CODE           	02C0	0000	159
		_EUSART_Initialize		CODE           	0044	0000	11
		_OSCILLATOR_Initialize		CODE           	0034	0000	6
		_ON_OFF_BLINK  		CODE           	0510	0000	725

newmain.c estimated size: 953

C:\Program Files\Microchip\xc8\v2.36\pic\sources\c99\common\lodiv.c
		___lodiv       		CODE           	023C	0000	132

C:\Program Files\Microchip\xc8\v2.36\pic\sources\c99\common\lodiv.c estimated size: 132

C:\Program Files\Microchip\xc8\v2.36\pic\sources\c99\common\nf_fputc.c
		_fputc         		CODE           	0120	0000	82

C:\Program Files\Microchip\xc8\v2.36\pic\sources\c99\common\nf_fputc.c estimated size: 82

C:\Program Files\Microchip\xc8\v2.36\pic\sources\c99\common\doprnt.c
		_vfpfcnvrt     		CODE           	035F	0000	195
		_pad           		CODE           	0172	0000	89
		_vfprintf      		CODE           	00EF	0000	49
		_utoa          		CODE           	0422	0000	238

C:\Program Files\Microchip\xc8\v2.36\pic\sources\c99\common\doprnt.c estimated size: 571

shared
		__initialization		CODE           	07E5	0000	24

shared estimated size: 24

