Microchip MPLAB XC8 Compiler V2.36

Linker command line:

-W-3 --edf=C:\Program Files\Microchip\xc8\v2.36\pic\dat\en_msgs.txt -cn \
  -h+dist/default/production\16led_74595.X.production.sym \
  --cmf=dist/default/production\16led_74595.X.production.cmf -z -Q16F887 \
  -oC:\Users\tramt\AppData\Local\Temp\xcAs7ko.4 --defsym=__MPLAB_BUILD=1 \
  -Mdist/default/production/16led_74595.X.production.map \
  --md=C:\Users\tramt\AppData\Local\Temp\xcAs7ko.dat -E1 -ver=XC8 Compiler \
  --acfsm=1493 -ACODE=00h-07FFhx4 -ASTRCODE=00h-01FFFh -ASTRING=00h-0FFhx32 \
  -ACONST=00h-0FFhx32 -AENTRY=00h-0FFhx32 -ACOMMON=070h-07Fh \
  -ABANK0=020h-06Fh -ABANK1=0A0h-0EFh -ABANK2=0110h-016Fh \
  -ABANK3=0190h-01EFh -ARAM=020h-06Fh,0A0h-0EFh,0110h-016Fh,0190h-01EFh \
  -AABS1=020h-07Fh,0A0h-0EFh,0110h-016Fh,0190h-01EFh -ASFR0=00h-01Fh \
  -ASFR1=080h-09Fh -ASFR2=0100h-010Fh -ASFR3=0180h-018Fh \
  -ACONFIG=02007h-02008h -DCONFIG=2 -AIDLOC=02000h-02003h -DIDLOC=2 \
  -AEEDATA=00h-0FFh/02100h -peeprom_data=EEDATA -DEEDATA=2 -DCODE=2 \
  -DSTRCODE=2 -DSTRING=2 -DCONST=2 -DENTRY=2 \
  -preset_vec=00h,intentry,init,end_init -ppowerup=CODE -pcinit=CODE \
  -pfunctab=ENTRY -k C:\Users\tramt\AppData\Local\Temp\xcAs7ko.o \
  dist/default/production\16led_74595.X.production.o 

Object code version is 3.11

Machine type is 16F887



                Name                               Link     Load   Length Selector   Space Scale
C:\Users\tramt\AppData\Local\Temp\xcAs7ko.o
                end_init                              0        0        3        0       0
                config                             2007     2007        2        0       4
                idloc                              2000     2000        4        0       5
dist/default/production\16led_74595.X.production.o
                cinit                               7FC      7FC        4      FF8       0
                config                             2007     2007        2        0       4
                idloc                              2000     2000        4        0       5
                text3                               72F      72F        A      E5E       0
                text2                               75B      75B       26      EB6       0
                text1                               739      739       22      E72       0
                maintext                            781      781       7B      F02       0
                cstackBANK0                          22       22        2       20       1
                cstackCOMMON                         70       70        E       70       1
                nvBANK0                              20       20        2       20       1

TOTAL           Name                               Link     Load   Length     Space
        CLASS   CODE           
                end_init                              0        0        3         0
                cinit                               7FC      7FC        4         0
                text3                               72F      72F        A         0
                text2                               75B      75B       26         0
                text1                               739      739       22         0
                maintext                            781      781       7B         0

        CLASS   STRCODE        

        CLASS   STRING         

        CLASS   CONST          

        CLASS   ENTRY          

        CLASS   COMMON         
                cstackCOMMON                         70       70        E         1

        CLASS   BANK0          
                cstackBANK0                          22       22        2         1
                nvBANK0                              20       20        2         1

        CLASS   BANK1          

        CLASS   BANK2          

        CLASS   BANK3          

        CLASS   RAM            

        CLASS   ABS1           
                abs_s1                               7E       7E        2         1

        CLASS   SFR0           

        CLASS   SFR1           

        CLASS   SFR2           

        CLASS   SFR3           

        CLASS   CONFIG         
                config                             2007     2007        2         4

        CLASS   IDLOC          
                idloc                              2000     2000        4         5

        CLASS   EEDATA         

        CLASS   STACK          



SEGMENTS        Name                           Load    Length   Top    Selector   Space  Class     Delta

                reset_vec                      000000  000003  000003         0       0  CODE        2
                nvBANK0                        000020  000004  000024        20       1  BANK0       1
                cstackCOMMON                   000070  00000E  00007E        70       1  COMMON      1
                text3                          00072F  00000A  000739       E5E       0  CODE        2
                text1                          000739  000022  00075B       E72       0  CODE        2
                text2                          00075B  000026  000781       EB6       0  CODE        2
                maintext                       000781  00007B  0007FC       F02       0  CODE        2
                cinit                          0007FC  000004  000800       FF8       0  CODE        2


UNUSED ADDRESS RANGES

        Name                Unused          Largest block    Delta
        BANK0            0024-006F             4C           1
        BANK1            00A0-00EF             50           1
        BANK2            0110-016F             60           1
        BANK3            0190-01EF             60           1
        CODE             0003-072E            72C           2
                         0800-1FFF            800
        CONST            0003-072E            100           2
                         0800-1FFF            100
        EEDATA           2100-21FF            100           2
        ENTRY            0003-072E            100           2
                         0800-1FFF            100
        RAM              0024-006F             4C           1
                         00A0-00EF             50
                         0110-016F             60
                         0190-01EF             60
        SFR0             0000-001F             20           1
        SFR1             0080-009F             20           1
        SFR2             0100-010F             10           1
        SFR3             0180-018F             10           1
        STRCODE          0003-072E            72C           2
                         0800-1FFF           1800
        STRING           0003-072E            100           2
                         0800-1FFF            100

                                  Symbol Table

_PORTDbits               (abs)        0008
_TRISD                   (abs)        0088
__Habs1                  abs1         0000
__Hbank0                 bank0        0000
__Hbank1                 bank1        0000
__Hbank2                 bank2        0000
__Hbank3                 bank3        0000
__Hcinit                 cinit        0800
__Hclrtext               clrtext      0000
__Hcode                  code         0000
__Hcommon                common       0000
__Hconfig                config       2009
__HcstackBANK0           cstackBANK0  0000
__HcstackCOMMON          cstackCOMMON 0000
__Heeprom_data           eeprom_data  0000
__Hend_init              end_init     0003
__Hfunctab               functab      0000
__Hidloc                 idloc        2004
__Hinit                  init         0000
__Hintentry              intentry     0000
__Hmaintext              maintext     0000
__HnvBANK0               nvBANK0      0000
__Hpowerup               powerup      0000
__Hram                   ram          0000
__Hreset_vec             reset_vec    0000
__Hsfr0                  sfr0         0000
__Hsfr1                  sfr1         0000
__Hsfr2                  sfr2         0000
__Hsfr3                  sfr3         0000
__Hspace_0               (abs)        0800
__Hspace_1               (abs)        007E
__Hspace_2               (abs)        0000
__Hspace_3               (abs)        0000
__Hspace_4               (abs)        4010
__Hstack                 stack        0000
__Hstrings               strings      0000
__Htext                  text         0000
__Labs1                  abs1         0000
__Lbank0                 bank0        0000
__Lbank1                 bank1        0000
__Lbank2                 bank2        0000
__Lbank3                 bank3        0000
__Lcinit                 cinit        07FC
__Lclrtext               clrtext      0000
__Lcode                  code         0000
__Lcommon                common       0000
__Lconfig                config       0000
__LcstackBANK0           cstackBANK0  0000
__LcstackCOMMON          cstackCOMMON 0000
__Leeprom_data           eeprom_data  0000
__Lend_init              end_init     0000
__Lfunctab               functab      0000
__Lidloc                 idloc        0000
__Linit                  init         0000
__Lintentry              intentry     0000
__Lmaintext              maintext     0000
__LnvBANK0               nvBANK0      0000
__Lpowerup               powerup      0000
__Lram                   ram          0000
__Lreset_vec             reset_vec    0000
__Lsfr0                  sfr0         0000
__Lsfr1                  sfr1         0000
__Lsfr2                  sfr2         0000
__Lsfr3                  sfr3         0000
__Lspace_0               (abs)        0000
__Lspace_1               (abs)        0000
__Lspace_2               (abs)        0000
__Lspace_3               (abs)        0000
__Lspace_4               (abs)        0000
__Lstack                 stack        0000
__Lstrings               strings      0000
__Ltext                  text         0000
__S0                     (abs)        0800
__S1                     (abs)        007E
__S3                     (abs)        0000
___int_sp                stack        0000
___latbits               (abs)        0002
___sp                    stack        0000
___stackhi               (abs)        0000
___stacklo               (abs)        0000
__end_of__initialization cinit        07FC
__end_of_hienthi         text1        075B
__end_of_laybit7         text3        0739
__end_of_main            maintext     07FC
__end_of_xuat_1byte      text2        0781
__initialization         cinit        07FC
__pcstackBANK0           cstackBANK0  0022
__pcstackCOMMON          cstackCOMMON 0070
__pmaintext              maintext     0781
__pnvBANK0               nvBANK0      0020
__ptext1                 text1        0739
__ptext2                 text2        075B
__ptext3                 text3        072F
_a                       nvBANK0      0020
_hienthi                 text1        0739
_laybit7                 text3        072F
_main                    maintext     0781
_xuat_1byte              text2        075B
btemp                    (abs)        007E
end_of_initialization    cinit        07FC
hienthi@n                cstackCOMMON 0076
hienthi@x                cstackCOMMON 007A
hienthi@y                cstackCOMMON 007B
intlevel0                functab      0000
intlevel1                functab      0000
intlevel2                functab      0000
intlevel3                functab      0000
intlevel4                functab      0000
intlevel5                functab      0000
laybit7@x                cstackCOMMON 0070
main@i                   cstackBANK0  0022
main@i_79                cstackBANK0  0023
reset_vec                reset_vec    0000
start                    init         0000
start_initialization     cinit        07FC
wtemp0                   (abs)        007E
xuat_1byte@b             cstackCOMMON 0074
xuat_1byte@i             cstackCOMMON 0075
xuat_1byte@xuat          cstackCOMMON 0073
xuat_1byte@xuatbyte      cstackCOMMON 0072


MODULE INFORMATION

Module		Function		Class		Link	Load	Size
newmain.c
		_hienthi       		CODE           	0739	0000	34
		_main          		CODE           	0781	0000	123
		_xuat_1byte    		CODE           	075B	0000	38
		_laybit7       		CODE           	072F	0000	10

newmain.c estimated size: 205

shared
		__initialization		CODE           	07FC	0000	1

shared estimated size: 1

