Microchip MPLAB XC8 Compiler V2.36

Linker command line:

-W-3 --edf=C:\Program Files\Microchip\xc8\v2.36\pic\dat\en_msgs.txt -cn \
  -h+dist/default/production\pmw2.X.production.sym \
  --cmf=dist/default/production\pmw2.X.production.cmf -z -Q16F877A \
  -oC:\Users\tramt\AppData\Local\Temp\xcAsge8.5 --defsym=__MPLAB_BUILD=1 \
  -Mdist/default/production/pmw2.X.production.map \
  --md=C:\Users\tramt\AppData\Local\Temp\xcBsge8.dat -E1 -ver=XC8 Compiler \
  --acfsm=1493 -ACODE=00h-07FFhx4 -ASTRCODE=00h-01FFFh -ASTRING=00h-0FFhx32 \
  -ACONST=00h-0FFhx32 -AENTRY=00h-0FFhx32 -ACOMMON=070h-07Fh \
  -ABANK0=020h-06Fh -ABANK1=0A0h-0EFh -ABANK2=0110h-016Fh \
  -ABANK3=0190h-01EFh -ARAM=020h-06Fh,0A0h-0EFh,0110h-016Fh,0190h-01EFh \
  -AABS1=020h-07Fh,0A0h-0EFh,0110h-016Fh,0190h-01EFh -ASFR0=00h-01Fh \
  -ASFR1=080h-09Fh -ASFR2=0100h-010Fh -ASFR3=0180h-018Fh \
  -ACONFIG=02007h-02007h -DCONFIG=2 -AIDLOC=02000h-02003h -DIDLOC=2 \
  -AEEDATA=00h-0FFh/02100h -peeprom_data=EEDATA -DEEDATA=2 -DCODE=2 \
  -DSTRCODE=2 -DSTRING=2 -DCONST=2 -DENTRY=2 \
  -preset_vec=00h,intentry,init,end_init -ppowerup=CODE -pcinit=CODE \
  -pfunctab=ENTRY -k C:\Users\tramt\AppData\Local\Temp\xcAsge8.o \
  dist/default/production\pmw2.X.production.o 

Object code version is 3.11

Machine type is 16F877A



                Name                               Link     Load   Length Selector   Space Scale
C:\Users\tramt\AppData\Local\Temp\xcAsge8.o
                end_init                              0        0        3        0       0
                config                             2007     2007        1        0       4
                idloc                              2000     2000        4        0       5
dist/default/production\pmw2.X.production.o
                cinit                               7EC      7EC       14      FD8       0
                config                             2007     2007        1        0       4
                idloc                              2000     2000        4        0       5
                text5                               69F      69F        F      D3E       0
                text4                               6E2      6E2       24      DC4       0
                text3                               706      706       37      E0C       0
                text2                               6C1      6C1       21      D82       0
                text1                               787      787       65      F0E       0
                maintext                            73D      73D       4A      E7A       0
                cstackCOMMON                         70       70        6       70       1
                inittext                            6AE      6AE       13      D5C       0
                dataBANK0                            20       20        A       20       1
                bssCOMMON                            78       78        2       70       1
                nvCOMMON                             76       76        2       70       1
                idataBANK0                          695      695        A      D2A       0

TOTAL           Name                               Link     Load   Length     Space
        CLASS   CODE           
                end_init                              0        0        3         0
                cinit                               7EC      7EC       14         0
                text5                               69F      69F        F         0
                text4                               6E2      6E2       24         0
                text3                               706      706       37         0
                text2                               6C1      6C1       21         0
                text1                               787      787       65         0
                maintext                            73D      73D       4A         0
                inittext                            6AE      6AE       13         0
                idataBANK0                          695      695        A         0

        CLASS   STRCODE        

        CLASS   STRING         

        CLASS   CONST          

        CLASS   ENTRY          

        CLASS   COMMON         
                cstackCOMMON                         70       70        6         1
                bssCOMMON                            78       78        2         1
                nvCOMMON                             76       76        2         1

        CLASS   BANK0          
                dataBANK0                            20       20        A         1

        CLASS   BANK1          

        CLASS   BANK2          

        CLASS   BANK3          

        CLASS   RAM            

        CLASS   ABS1           
                abs_s1                               7E       7E        2         1

        CLASS   SFR0           

        CLASS   SFR1           

        CLASS   SFR2           

        CLASS   SFR3           

        CLASS   CONFIG         
                config                             2007     2007        1         4

        CLASS   IDLOC          
                idloc                              2000     2000        4         5

        CLASS   EEDATA         

        CLASS   STACK          



SEGMENTS        Name                           Load    Length   Top    Selector   Space  Class     Delta

                reset_vec                      000000  000003  000003         0       0  CODE        2
                dataBANK0                      000020  00000A  00002A        20       1  BANK0       1
                cstackCOMMON                   000070  00000A  00007A        70       1  COMMON      1
                idataBANK0                     000695  00000A  00069F       D2A       0  CODE        2
                text5                          00069F  00000F  0006AE       D3E       0  CODE        2
                inittext                       0006AE  000013  0006C1       D5C       0  CODE        2
                text2                          0006C1  000021  0006E2       D82       0  CODE        2
                text4                          0006E2  000024  000706       DC4       0  CODE        2
                text3                          000706  000037  00073D       E0C       0  CODE        2
                maintext                       00073D  00004A  000787       E7A       0  CODE        2
                text1                          000787  000065  0007EC       F0E       0  CODE        2
                cinit                          0007EC  000014  000800       FD8       0  CODE        2


UNUSED ADDRESS RANGES

        Name                Unused          Largest block    Delta
        BANK0            002A-006F             46           1
        BANK1            00A0-00EF             50           1
        BANK2            0110-016F             60           1
        BANK3            0190-01EF             60           1
        CODE             0003-0694            692           2
                         0800-1FFF            800
        COMMON           007A-007D              4           1
        CONST            0003-0694            100           2
                         0800-1FFF            100
        EEDATA           2100-21FF            100           2
        ENTRY            0003-0694            100           2
                         0800-1FFF            100
        RAM              002A-006F             46           1
                         00A0-00EF             50
                         0110-016F             60
                         0190-01EF             60
        SFR0             0000-001F             20           1
        SFR1             0080-009F             20           1
        SFR2             0100-010F             10           1
        SFR3             0180-018F             10           1
        STRCODE          0003-0694            692           2
                         0800-1FFF           1800
        STRING           0003-0694            100           2
                         0800-1FFF            100

                                  Symbol Table

PWM_Set_Duty@DC          cstackCOMMON 0070
Start_Stop@flag1         cstackCOMMON 0073
Start_Stop@flag2         cstackCOMMON 0070
_CCP1M2                  (abs)        00BA
_CCP1M3                  (abs)        00BB
_CCP1X                   (abs)        00BD
_CCP1Y                   (abs)        00BC
_CCPR1L                  (abs)        0015
_PORTBbits               (abs)        0006
_PORTCbits               (abs)        0007
_PORTD                   (abs)        0008
_PR2                     (abs)        0092
_PWM_Init                text5        069F
_PWM_Set_Duty            text2        06C1
_Start_Stop              text4        06E2
_T2CKPS0                 (abs)        0090
_T2CKPS1                 (abs)        0091
_TMR2ON                  (abs)        0092
_TRISB                   (abs)        0086
_TRISC                   (abs)        0087
_TRISC2                  (abs)        043A
_TRISD                   (abs)        0088
__Habs1                  abs1         0000
__Hbank0                 bank0        0000
__Hbank1                 bank1        0000
__Hbank2                 bank2        0000
__Hbank3                 bank3        0000
__HbssCOMMON             bssCOMMON    0000
__Hcinit                 cinit        0800
__Hclrtext               clrtext      0000
__Hcode                  code         0000
__Hcommon                common       0000
__Hconfig                config       2008
__HcstackCOMMON          cstackCOMMON 0000
__HdataBANK0             dataBANK0    0000
__Heeprom_data           eeprom_data  0000
__Hend_init              end_init     0003
__Hfunctab               functab      0000
__HidataBANK0            idataBANK0   0000
__Hidloc                 idloc        2004
__Hinit                  init         0000
__Hinittext              inittext     0000
__Hintentry              intentry     0000
__Hmaintext              maintext     0000
__HnvCOMMON              nvCOMMON     0000
__Hpowerup               powerup      0000
__Hram                   ram          0000
__Hreset_vec             reset_vec    0000
__Hsfr0                  sfr0         0000
__Hsfr1                  sfr1         0000
__Hsfr2                  sfr2         0000
__Hsfr3                  sfr3         0000
__Hspace_0               (abs)        0800
__Hspace_1               (abs)        007A
__Hspace_2               (abs)        0000
__Hspace_3               (abs)        0000
__Hspace_4               (abs)        400F
__Hstack                 stack        0000
__Hstrings               strings      0000
__Htext                  text         0000
__Labs1                  abs1         0000
__Lbank0                 bank0        0000
__Lbank1                 bank1        0000
__Lbank2                 bank2        0000
__Lbank3                 bank3        0000
__LbssCOMMON             bssCOMMON    0000
__Lcinit                 cinit        07EC
__Lclrtext               clrtext      0000
__Lcode                  code         0000
__Lcommon                common       0000
__Lconfig                config       0000
__LcstackCOMMON          cstackCOMMON 0000
__LdataBANK0             dataBANK0    0000
__Leeprom_data           eeprom_data  0000
__Lend_init              end_init     0000
__Lfunctab               functab      0000
__LidataBANK0            idataBANK0   0000
__Lidloc                 idloc        0000
__Linit                  init         0000
__Linittext              inittext     0000
__Lintentry              intentry     0000
__Lmaintext              maintext     0000
__LnvCOMMON              nvCOMMON     0000
__Lpowerup               powerup      0000
__Lram                   ram          0000
__Lreset_vec             reset_vec    0000
__Lsfr0                  sfr0         0000
__Lsfr1                  sfr1         0000
__Lsfr2                  sfr2         0000
__Lsfr3                  sfr3         0000
__Lspace_0               (abs)        0000
__Lspace_1               (abs)        0000
__Lspace_2               (abs)        0000
__Lspace_3               (abs)        0000
__Lspace_4               (abs)        0000
__Lstack                 stack        0000
__Lstrings               strings      0000
__Ltext                  text         0000
__S0                     (abs)        0800
__S1                     (abs)        007A
__S3                     (abs)        0000
___int_sp                stack        0000
___latbits               (abs)        0002
___sp                    stack        0000
___stackhi               (abs)        0000
___stacklo               (abs)        0000
__end_of_PWM_Init        text5        06AE
__end_of_PWM_Set_Duty    text2        06E2
__end_of_Start_Stop      text4        0706
__end_of__initialization cinit        07FC
__end_of_level_pwm       text3        073D
__end_of_levelpwm        text1        07EC
__end_of_main            maintext     0787
__initialization         cinit        07EC
__pbssCOMMON             bssCOMMON    0078
__pcstackCOMMON          cstackCOMMON 0070
__pdataBANK0             dataBANK0    0020
__pidataBANK0            idataBANK0   0695
__pmaintext              maintext     073D
__pnvCOMMON              nvCOMMON     0076
__ptext1                 text1        0787
__ptext2                 text2        06C1
__ptext3                 text3        0706
__ptext4                 text4        06E2
__ptext5                 text5        069F
_flag1                   nvCOMMON     0077
_flag2                   nvCOMMON     0076
_level_pwm               text3        0706
_levelpwm                text1        0787
_maLed                   dataBANK0    0020
_main                    maintext     073D
btemp                    (abs)        007E
end_of_initialization    cinit        07FC
init_fetch0              inittext     06AE
init_ram0                inittext     06B2
intlevel0                functab      0000
intlevel1                functab      0000
intlevel2                functab      0000
intlevel3                functab      0000
intlevel4                functab      0000
intlevel5                functab      0000
level_pwm@flag1          cstackCOMMON 0073
level_pwm@flag2          cstackCOMMON 0070
levelpwm@flag2           cstackCOMMON 0074
reset_vec                reset_vec    0000
start                    init         0000
start_initialization     cinit        07EC
wtemp0                   (abs)        007E


MODULE INFORMATION

Module		Function		Class		Link	Load	Size
newmain.c
		_levelpwm      		CODE           	0787	0000	101
		_Start_Stop    		CODE           	06E2	0000	36
		_PWM_Set_Duty  		CODE           	06C1	0000	33
		_main          		CODE           	073D	0000	74
		_level_pwm     		CODE           	0706	0000	55
		_PWM_Init      		CODE           	069F	0000	15

newmain.c estimated size: 314

shared
		__initialization		CODE           	07EC	0000	16

shared estimated size: 16

